<html>
<body>
<pre>
<h1>µVision Build Log</h1>
<h2>Tool Versions:</h2>
IDE-Version: ¦ÌVision V5.25.2.0
Copyright (C) 2018 ARM Ltd and ARM Germany GmbH. All rights reserved.
License Information: 11 11, 11, LIC=JL28G-VRF17-UHS8H-W0XET-D3ATC-S9MJC
 
Tool Versions:
Toolchain:       MDK-ARM Plus  Version: 5.25.2.0
Toolchain Path:  D:\Keil_v5\ARM\ARMCC\Bin
C Compiler:      Armcc.exe V5.06 update 6 (build 750)
Assembler:       Armasm.exe V5.06 update 6 (build 750)
Linker/Locator:  ArmLink.exe V5.06 update 6 (build 750)
Library Manager: ArmAr.exe V5.06 update 6 (build 750)
Hex Converter:   FromElf.exe V5.06 update 6 (build 750)
CPU DLL:         SARMCM3.DLL V5.25.2.0
Dialog DLL:      DARMCM1.DLL V1.19.1.0
Target DLL:      UL2CM3.DLL V1.160.12.0
Dialog DLL:      TARMCM1.DLL V1.14.0.0
 
<h2>Project:</h2>
C:\Users\dell\Desktop\GPIO_Key\KEILPRJ\GPIO_Key.uvprojx
Project File Date:  03/23/2023

<h2>Output:</h2>
*** Using Compiler 'V5.06 update 6 (build 750)', folder: 'D:\Keil_v5\ARM\ARMCC\Bin'
Build target 'MM32Series'
compiling hal_comp.c...
compiling hal_adc.c...
compiling hal_dbg.c...
compiling hal_flash.c...
compiling hal_dma.c...
compiling hal_crc.c...
compiling hal_div.c...
compiling hal_bkp.c...
compiling hal_gpio.c...
compiling hal_i2c.c...
compiling hal_can.c...
compiling hal_exti.c...
compiling hal_iwdg.c...
compiling hal_misc.c...
compiling hal_spi.c...
compiling hal_rcc.c...
compiling hal_wwdg.c...
compiling hal_ver.c...
compiling hal_pwr.c...
compiling hal_uid.c...
compiling hal_uart.c...
compiling hal_tim.c...
linking...
Program Size: Code=2278 RO-data=254 RW-data=36 ZI-data=1028  
FromELF: creating hex file...
".\OBJ\MBOUT.axf" - 0 Error(s), 0 Warning(s).

<h2>Software Packages used:</h2>

Package Vendor: MindMotion
                http://www.mindmotion.com.cn/Download/MDK_KEIL/MindMotion.MM32SPIN0x_DFP.1.0.8.pack
                MindMotion.MM32SPIN0x_DFP.1.0.8
                MindMotion MM32SPIN0x Series Device Support, Drivers and Examples

<h2>Collection of Component include folders:</h2>
  .\RTE\_MM32Series
  D:\Keil_v5\ARM\PACK\MindMotion\MM32SPIN0x_DFP\1.0.8\Device\MM32SPIN06xx_s\Include

<h2>Collection of Component Files used:</h2>
Build Time Elapsed:  00:00:01
</pre>
</body>
</html>
