Component: ARM Compiler 5.06 update 6 (build 750) Tool: armlink [4d35ed]

==============================================================================

Section Cross References

    system_mm32spin06xx_s.o(i.AutoCalPllFactor) refers to uidiv.o(.text) for __aeabi_uidivmod
    system_mm32spin06xx_s.o(i.SetSysClock) refers to system_mm32spin06xx_s.o(i.SetSysClockToXX_HSI) for SetSysClockToXX_HSI
    system_mm32spin06xx_s.o(i.SetSysClockToXX_HSI) refers to uidiv.o(.text) for __aeabi_uidivmod
    system_mm32spin06xx_s.o(i.SetSysClockToXX_HSI) refers to system_mm32spin06xx_s.o(i.AutoCalPllFactor) for AutoCalPllFactor
    system_mm32spin06xx_s.o(i.SetSysClockToXX_HSI) refers to system_mm32spin06xx_s.o(.data) for SystemCoreClock
    system_mm32spin06xx_s.o(i.SystemInit) refers to system_mm32spin06xx_s.o(i.SetSysClock) for SetSysClock
    startup_mm32spin06xx_s_keil.o(RESET) refers to startup_mm32spin06xx_s_keil.o(STACK) for __initial_sp
    startup_mm32spin06xx_s_keil.o(RESET) refers to startup_mm32spin06xx_s_keil.o(.text) for Reset_Handler
    startup_mm32spin06xx_s_keil.o(RESET) refers to delay.o(i.SysTick_Handler) for SysTick_Handler
    startup_mm32spin06xx_s_keil.o(.text) refers to startup_mm32spin06xx_s_keil.o(STACK) for __initial_sp
    startup_mm32spin06xx_s_keil.o(.text) refers to system_mm32spin06xx_s.o(i.SystemInit) for SystemInit
    startup_mm32spin06xx_s_keil.o(.text) refers to entry.o(.ARM.Collect$$$$00000000) for __main
    key.o(i.KEY_Init) refers to hal_rcc.o(i.RCC_AHBPeriphClockCmd) for RCC_AHBPeriphClockCmd
    key.o(i.KEY_Init) refers to hal_gpio.o(i.GPIO_Init) for GPIO_Init
    key.o(i.KEY_Scan) refers to hal_gpio.o(i.GPIO_ReadInputDataBit) for GPIO_ReadInputDataBit
    led.o(i.LEDDisp) refers to hal_gpio.o(i.GPIO_SetBits) for GPIO_SetBits
    led.o(i.LEDDisp) refers to led.o(i.__ARM_common_switch8) for __ARM_common_switch8
    led.o(i.LEDDisp) refers to led.o(i.WriteLedPort) for WriteLedPort
    led.o(i.LEDDisp) refers to hal_gpio.o(i.GPIO_ResetBits) for GPIO_ResetBits
    led.o(i.LEDDisp) refers to led.o(.data) for LEDTICK
    led.o(i.LEDDisp) refers to led.o(.constdata) for smg
    led.o(i.LED_Init) refers to hal_rcc.o(i.RCC_AHBPeriphClockCmd) for RCC_AHBPeriphClockCmd
    led.o(i.LED_Init) refers to hal_gpio.o(i.GPIO_Init) for GPIO_Init
    led.o(i.LED_Init) refers to led.o(i.WriteLedPort) for WriteLedPort
    led.o(i.LED_Init) refers to hal_gpio.o(i.GPIO_SetBits) for GPIO_SetBits
    led.o(i.TestLED) refers to hal_iwdg.o(i.IWDG_ReloadCounter) for IWDG_ReloadCounter
    led.o(i.TestLED) refers to main.o(.data) for TestDlyCnt
    led.o(i.TestLED) refers to led.o(.data) for LED_Buff
    led.o(i.WriteLedPort) refers to hal_gpio.o(i.GPIO_WriteBit) for GPIO_WriteBit
    delay.o(i.DELAY_Init) refers to uidiv.o(.text) for __aeabi_uidivmod
    delay.o(i.DELAY_Init) refers to delay.o(i.__NVIC_SetPriority) for __NVIC_SetPriority
    delay.o(i.DELAY_Init) refers to system_mm32spin06xx_s.o(.data) for SystemCoreClock
    delay.o(i.DELAY_Ms) refers to delay.o(.data) for sTimingDelay
    delay.o(i.SysTick_Handler) refers to led.o(i.LEDDisp) for LEDDisp
    delay.o(i.SysTick_Handler) refers to main.o(.data) for systemtick
    sys.o(i.SYSCLK_Init) refers to memcpya.o(.text) for __aeabi_memcpy4
    sys.o(i.SYSCLK_Init) refers to sys.o(i.DELAY_Nop) for DELAY_Nop
    sys.o(i.SYSCLK_Init) refers to sys.o(i.exRCC_ClkPrescaler_Init) for exRCC_ClkPrescaler_Init
    sys.o(i.SYSCLK_Init) refers to uidiv.o(.text) for __aeabi_uidivmod
    sys.o(i.SYSCLK_Init) refers to sys.o(.constdata) for .constdata
    sys.o(i.SYSCLK_Init) refers to sys.o(.data) for gSystemClockValue
    sys.o(i.SystemReInit) refers to sys.o(i.RCC_SetDefault) for RCC_SetDefault
    sys.o(i.SystemReInit) refers to sys.o(i.SYSCLK_Init) for SYSCLK_Init
    sys.o(i.exRCC_ClkPrescaler_Init) refers to sys.o(.constdata) for cRCC_ClockPrescalerTable
    uart.o(i.CONSOLE_Init) refers to hal_rcc.o(i.RCC_APB2PeriphClockCmd) for RCC_APB2PeriphClockCmd
    uart.o(i.CONSOLE_Init) refers to hal_rcc.o(i.RCC_AHBPeriphClockCmd) for RCC_AHBPeriphClockCmd
    uart.o(i.CONSOLE_Init) refers to hal_gpio.o(i.GPIO_PinAFConfig) for GPIO_PinAFConfig
    uart.o(i.CONSOLE_Init) refers to hal_uart.o(i.UART_StructInit) for UART_StructInit
    uart.o(i.CONSOLE_Init) refers to hal_uart.o(i.UART_Init) for UART_Init
    uart.o(i.CONSOLE_Init) refers to hal_uart.o(i.UART_Cmd) for UART_Cmd
    uart.o(i.CONSOLE_Init) refers to hal_gpio.o(i.GPIO_StructInit) for GPIO_StructInit
    uart.o(i.CONSOLE_Init) refers to hal_gpio.o(i.GPIO_Init) for GPIO_Init
    main.o(i.main) refers to led.o(i.LED_Init) for LED_Init
    main.o(i.main) refers to delay.o(i.DELAY_Init) for DELAY_Init
    main.o(i.main) refers to key.o(i.KEY_Init) for KEY_Init
    main.o(i.main) refers to led.o(i.TestLED) for TestLED
    main.o(i.main) refers to bsp_iwdg.o(i.IWDG_Init) for IWDG_Init
    bsp_iwdg.o(i.IWDG_Init) refers to hal_rcc.o(i.RCC_GetFlagStatus) for RCC_GetFlagStatus
    bsp_iwdg.o(i.IWDG_Init) refers to hal_rcc.o(i.RCC_ClearFlag) for RCC_ClearFlag
    bsp_iwdg.o(i.IWDG_Init) refers to hal_rcc.o(i.RCC_LSICmd) for RCC_LSICmd
    bsp_iwdg.o(i.IWDG_Init) refers to hal_iwdg.o(i.PVU_CheckStatus) for PVU_CheckStatus
    bsp_iwdg.o(i.IWDG_Init) refers to hal_iwdg.o(i.IWDG_WriteAccessCmd) for IWDG_WriteAccessCmd
    bsp_iwdg.o(i.IWDG_Init) refers to hal_iwdg.o(i.IWDG_SetPrescaler) for IWDG_SetPrescaler
    bsp_iwdg.o(i.IWDG_Init) refers to hal_iwdg.o(i.RVU_CheckStatus) for RVU_CheckStatus
    bsp_iwdg.o(i.IWDG_Init) refers to hal_iwdg.o(i.IWDG_SetReload) for IWDG_SetReload
    bsp_iwdg.o(i.IWDG_Init) refers to hal_iwdg.o(i.IWDG_ReloadCounter) for IWDG_ReloadCounter
    bsp_iwdg.o(i.IWDG_Init) refers to hal_iwdg.o(i.IWDG_Enable) for IWDG_Enable
    hal_adc.o(i.ADC_DeInit) refers to hal_rcc.o(i.exRCC_APB2PeriphReset) for exRCC_APB2PeriphReset
    hal_adc.o(i.ADC_RegularChannelConfig) refers to hal_adc.o(i.ADC_TempSensorVrefintCmd) for ADC_TempSensorVrefintCmd
    hal_adc.o(i.ADC_TempSensorCmd) refers to hal_adc.o(i.ADC_TempSensorVrefintCmd) for ADC_TempSensorVrefintCmd
    hal_adc.o(i.ADC_VrefintCmd) refers to hal_adc.o(i.ADC_TempSensorVrefintCmd) for ADC_TempSensorVrefintCmd
    hal_bkp.o(i.BKP_DeInit) refers to hal_rcc.o(i.RCC_BackupResetCmd) for RCC_BackupResetCmd
    hal_bkp.o(i.exBKP_Init) refers to hal_rcc.o(i.RCC_APB1PeriphClockCmd) for RCC_APB1PeriphClockCmd
    hal_can.o(i.CAN_AutoCfg_BaudParam) refers to uidiv.o(.text) for __aeabi_uidivmod
    hal_can.o(i.CAN_DeInit) refers to hal_rcc.o(i.exRCC_APB1PeriphReset) for exRCC_APB1PeriphReset
    hal_can.o(i.CAN_Peli_Receive) refers to hal_can.o(i.CAN_FIFORelease) for CAN_FIFORelease
    hal_can.o(i.CAN_Receive) refers to hal_can.o(i.CAN_FIFORelease) for CAN_FIFORelease
    hal_div.o(i.Divider_Calc) refers to uidiv.o(.text) for __aeabi_uidivmod
    hal_dma.o(i.DMA_DeInit) refers to uidiv.o(.text) for __aeabi_uidivmod
    hal_dma.o(i.exDMA_ClearITPendingBit) refers to uidiv.o(.text) for __aeabi_uidivmod
    hal_exti.o(i.EXTI_DeInit) refers to hal_exti.o(i.exEXTI_LineDisable) for exEXTI_LineDisable
    hal_flash.o(i.FLASH_EnableWriteProtection) refers to hal_flash.o(i.FLASH_ProgramOptionHalfWord) for FLASH_ProgramOptionHalfWord
    hal_flash.o(i.FLASH_EraseAllPages) refers to hal_flash.o(i.FLASH_WaitForLastOperation) for FLASH_WaitForLastOperation
    hal_flash.o(i.FLASH_EraseOptionBytes) refers to hal_flash.o(i.FLASH_OPTB_Enable) for FLASH_OPTB_Enable
    hal_flash.o(i.FLASH_EraseOptionBytes) refers to hal_flash.o(i.FLASH_WaitForLastOperation) for FLASH_WaitForLastOperation
    hal_flash.o(i.FLASH_ErasePage) refers to hal_flash.o(i.FLASH_WaitForLastOperation) for FLASH_WaitForLastOperation
    hal_flash.o(i.FLASH_EraseProtect) refers to hal_flash.o(i.FLASH_OPTB_Enable) for FLASH_OPTB_Enable
    hal_flash.o(i.FLASH_EraseProtect) refers to hal_flash.o(i.FLASH_WaitForLastOperation) for FLASH_WaitForLastOperation
    hal_flash.o(i.FLASH_ProgramHalfWord) refers to hal_flash.o(i.FLASH_WaitForLastOperation) for FLASH_WaitForLastOperation
    hal_flash.o(i.FLASH_ProgramOptionByteData) refers to hal_flash.o(i.FLASH_OPTB_Enable) for FLASH_OPTB_Enable
    hal_flash.o(i.FLASH_ProgramOptionByteData) refers to hal_flash.o(i.FLASH_WaitForLastOperation) for FLASH_WaitForLastOperation
    hal_flash.o(i.FLASH_ProgramOptionHalfWord) refers to hal_flash.o(i.FLASH_OPTB_Enable) for FLASH_OPTB_Enable
    hal_flash.o(i.FLASH_ProgramOptionHalfWord) refers to hal_flash.o(i.FLASH_WaitForLastOperation) for FLASH_WaitForLastOperation
    hal_flash.o(i.FLASH_ProgramProtect) refers to hal_flash.o(i.FLASH_ProgramOptionHalfWord) for FLASH_ProgramOptionHalfWord
    hal_flash.o(i.FLASH_ProgramWord) refers to hal_flash.o(i.FLASH_ProgramHalfWord) for FLASH_ProgramHalfWord
    hal_flash.o(i.FLASH_UserOptionByteConfig) refers to hal_flash.o(i.FLASH_OPTB_Enable) for FLASH_OPTB_Enable
    hal_flash.o(i.FLASH_UserOptionByteConfig) refers to hal_flash.o(i.FLASH_WaitForLastOperation) for FLASH_WaitForLastOperation
    hal_flash.o(i.FLASH_WaitForLastOperation) refers to hal_flash.o(i.FLASH_GetStatus) for FLASH_GetStatus
    hal_flash.o(i.exFLASH_EraseEE) refers to hal_flash.o(i.FLASH_Unlock) for FLASH_Unlock
    hal_flash.o(i.exFLASH_EraseEE) refers to hal_flash.o(i.FLASH_ErasePage) for FLASH_ErasePage
    hal_flash.o(i.exFLASH_EraseEE) refers to hal_flash.o(i.FLASH_Lock) for FLASH_Lock
    hal_flash.o(i.exFLASH_Locate) refers to hal_flash.o(i.exFLASH_FindEmpty) for exFLASH_FindEmpty
    hal_flash.o(i.exFLASH_Locate) refers to idiv.o(.text) for __aeabi_idivmod
    hal_flash.o(i.exFLASH_ProgramEE) refers to hal_flash.o(i.FLASH_Unlock) for FLASH_Unlock
    hal_flash.o(i.exFLASH_ProgramEE) refers to hal_flash.o(i.FLASH_ProgramHalfWord) for FLASH_ProgramHalfWord
    hal_flash.o(i.exFLASH_ProgramEE) refers to hal_flash.o(i.FLASH_Lock) for FLASH_Lock
    hal_flash.o(i.exFLASH_ReadEE) refers to hal_flash.o(i.exFLASH_Locate) for exFLASH_Locate
    hal_flash.o(i.exFLASH_WriteEE) refers to hal_flash.o(i.exFLASH_Locate) for exFLASH_Locate
    hal_flash.o(i.exFLASH_WriteEE) refers to hal_flash.o(i.exFLASH_EraseEE) for exFLASH_EraseEE
    hal_flash.o(i.exFLASH_WriteEE) refers to hal_flash.o(i.exFLASH_ProgramEE) for exFLASH_ProgramEE
    hal_flash.o(i.exFLASH_WriteEE) refers to idiv.o(.text) for __aeabi_idivmod
    hal_gpio.o(i.GPIO_DeInit) refers to hal_rcc.o(i.RCC_AHBPeriphClockCmd) for RCC_AHBPeriphClockCmd
    hal_i2c.o(i.I2C_CheckEvent) refers to hal_i2c.o(.data) for I2C_CMD_DIR
    hal_i2c.o(i.I2C_DMACmd) refers to hal_i2c.o(.data) for I2C_DMA_DIR
    hal_i2c.o(i.I2C_DeInit) refers to hal_rcc.o(i.exRCC_APB1PeriphReset) for exRCC_APB1PeriphReset
    hal_i2c.o(i.I2C_GetFlagStatus) refers to hal_i2c.o(.data) for I2C_CMD_DIR
    hal_i2c.o(i.I2C_ITConfig) refers to hal_i2c.o(i.I2C_ReadCmd) for I2C_ReadCmd
    hal_i2c.o(i.I2C_Init) refers to hal_rcc.o(i.RCC_GetPCLK1Freq) for RCC_GetPCLK1Freq
    hal_i2c.o(i.I2C_Init) refers to uidiv.o(.text) for __aeabi_uidivmod
    hal_i2c.o(i.I2C_ReceiveData) refers to hal_i2c.o(.data) for I2C_CMD_DIR
    hal_iwdg.o(i.IWDG_SetPrescaler) refers to hal_iwdg.o(i.PVU_CheckStatus) for PVU_CheckStatus
    hal_iwdg.o(i.IWDG_SetReload) refers to hal_iwdg.o(i.RVU_CheckStatus) for RVU_CheckStatus
    hal_iwdg.o(i.PVU_CheckStatus) refers to hal_iwdg.o(i.IWDG_GetFlagStatus) for IWDG_GetFlagStatus
    hal_iwdg.o(i.RVU_CheckStatus) refers to hal_iwdg.o(i.IWDG_GetFlagStatus) for IWDG_GetFlagStatus
    hal_pwr.o(i.PWR_DeInit) refers to hal_rcc.o(i.exRCC_APB1PeriphReset) for exRCC_APB1PeriphReset
    hal_rcc.o(i.RCC_GetClocksFreq) refers to hal_rcc.o(i.RCC_GetSysClockFreq) for RCC_GetSysClockFreq
    hal_rcc.o(i.RCC_GetClocksFreq) refers to hal_rcc.o(i.RCC_GetHCLKFreq) for RCC_GetHCLKFreq
    hal_rcc.o(i.RCC_GetClocksFreq) refers to hal_rcc.o(i.RCC_GetPCLK1Freq) for RCC_GetPCLK1Freq
    hal_rcc.o(i.RCC_GetClocksFreq) refers to hal_rcc.o(i.RCC_GetPCLK2Freq) for RCC_GetPCLK2Freq
    hal_rcc.o(i.RCC_GetClocksFreq) refers to uidiv.o(.text) for __aeabi_uidivmod
    hal_rcc.o(i.RCC_GetHCLKFreq) refers to hal_rcc.o(i.RCC_GetSysClockFreq) for RCC_GetSysClockFreq
    hal_rcc.o(i.RCC_GetHCLKFreq) refers to hal_rcc.o(.data) for tbPresc
    hal_rcc.o(i.RCC_GetPCLK1Freq) refers to hal_rcc.o(i.RCC_GetHCLKFreq) for RCC_GetHCLKFreq
    hal_rcc.o(i.RCC_GetPCLK1Freq) refers to hal_rcc.o(.data) for tbPresc
    hal_rcc.o(i.RCC_GetPCLK2Freq) refers to hal_rcc.o(i.RCC_GetHCLKFreq) for RCC_GetHCLKFreq
    hal_rcc.o(i.RCC_GetPCLK2Freq) refers to hal_rcc.o(.data) for tbPresc
    hal_rcc.o(i.RCC_GetSysClockFreq) refers to uidiv.o(.text) for __aeabi_uidivmod
    hal_rcc.o(i.RCC_PLLConfig) refers to memcpya.o(.text) for __aeabi_memcpy4
    hal_rcc.o(i.RCC_PLLConfig) refers to hal_rcc.o(i.RCC_PLLDMDNConfig) for RCC_PLLDMDNConfig
    hal_rcc.o(i.RCC_WaitForFlagStartUp) refers to hal_rcc.o(i.RCC_GetFlagStatus) for RCC_GetFlagStatus
    hal_rcc.o(i.RCC_WaitForHSEStartUp) refers to hal_rcc.o(i.RCC_GetFlagStatus) for RCC_GetFlagStatus
    hal_rcc.o(i.exRCC_SystickEnable) refers to hal_rcc.o(i.RCC_GetHCLKFreq) for RCC_GetHCLKFreq
    hal_rcc.o(i.exRCC_SystickEnable) refers to uidiv.o(.text) for __aeabi_uidivmod
    hal_rcc.o(i.exRCC_SystickEnable) refers to hal_rcc.o(i.__NVIC_SetPriority) for __NVIC_SetPriority
    hal_spi.o(i.SPI_DeInit) refers to hal_rcc.o(i.RCC_APB1PeriphResetCmd) for RCC_APB1PeriphResetCmd
    hal_spi.o(i.SPI_DeInit) refers to hal_rcc.o(i.RCC_APB2PeriphResetCmd) for RCC_APB2PeriphResetCmd
    hal_tim.o(i.TIM_DeInit) refers to hal_rcc.o(i.exRCC_APB2PeriphReset) for exRCC_APB2PeriphReset
    hal_tim.o(i.TIM_DeInit) refers to hal_rcc.o(i.exRCC_APB1PeriphReset) for exRCC_APB1PeriphReset
    hal_tim.o(i.TIM_ETRClockMode1Config) refers to hal_tim.o(i.TIM_ETRConfig) for TIM_ETRConfig
    hal_tim.o(i.TIM_ETRClockMode2Config) refers to hal_tim.o(i.TIM_ETRConfig) for TIM_ETRConfig
    hal_tim.o(i.TIM_ICInit) refers to hal_tim.o(i.TI1_Configure) for TI1_Configure
    hal_tim.o(i.TIM_ICInit) refers to hal_tim.o(i.TIM_SetIC1Prescaler) for TIM_SetIC1Prescaler
    hal_tim.o(i.TIM_ICInit) refers to hal_tim.o(i.TI2_Configure) for TI2_Configure
    hal_tim.o(i.TIM_ICInit) refers to hal_tim.o(i.TIM_SetIC2Prescaler) for TIM_SetIC2Prescaler
    hal_tim.o(i.TIM_ICInit) refers to hal_tim.o(i.TI3_Configure) for TI3_Configure
    hal_tim.o(i.TIM_ICInit) refers to hal_tim.o(i.TIM_SetIC3Prescaler) for TIM_SetIC3Prescaler
    hal_tim.o(i.TIM_ICInit) refers to hal_tim.o(i.TI4_Configure) for TI4_Configure
    hal_tim.o(i.TIM_ICInit) refers to hal_tim.o(i.TIM_SetIC4Prescaler) for TIM_SetIC4Prescaler
    hal_tim.o(i.TIM_ITRxExternalClockConfig) refers to hal_tim.o(i.TIM_SelectInputTrigger) for TIM_SelectInputTrigger
    hal_tim.o(i.TIM_PWMIConfig) refers to hal_tim.o(i.TI1_Configure) for TI1_Configure
    hal_tim.o(i.TIM_PWMIConfig) refers to hal_tim.o(i.TIM_SetIC1Prescaler) for TIM_SetIC1Prescaler
    hal_tim.o(i.TIM_PWMIConfig) refers to hal_tim.o(i.TI2_Configure) for TI2_Configure
    hal_tim.o(i.TIM_PWMIConfig) refers to hal_tim.o(i.TIM_SetIC2Prescaler) for TIM_SetIC2Prescaler
    hal_tim.o(i.TIM_TIxExternalClockConfig) refers to hal_tim.o(i.TI2_Configure) for TI2_Configure
    hal_tim.o(i.TIM_TIxExternalClockConfig) refers to hal_tim.o(i.TI1_Configure) for TI1_Configure
    hal_tim.o(i.TIM_TIxExternalClockConfig) refers to hal_tim.o(i.TIM_SelectInputTrigger) for TIM_SelectInputTrigger
    hal_uart.o(i.UART_DeInit) refers to hal_rcc.o(i.exRCC_APB1PeriphReset) for exRCC_APB1PeriphReset
    hal_uart.o(i.UART_DeInit) refers to hal_rcc.o(i.exRCC_APB2PeriphReset) for exRCC_APB2PeriphReset
    hal_uart.o(i.UART_Init) refers to hal_rcc.o(i.RCC_GetPCLK2Freq) for RCC_GetPCLK2Freq
    hal_uart.o(i.UART_Init) refers to hal_rcc.o(i.RCC_GetPCLK1Freq) for RCC_GetPCLK1Freq
    hal_uart.o(i.UART_Init) refers to uidiv.o(.text) for __aeabi_uidivmod
    hal_uid.o(i.GetChipUID) refers to hal_uid.o(.bss) for device_id_data
    hal_wwdg.o(i.WWDG_DeInit) refers to hal_rcc.o(i.exRCC_APB1PeriphReset) for exRCC_APB1PeriphReset
    entry.o(.ARM.Collect$$$$00000000) refers (Special) to entry10a.o(.ARM.Collect$$$$0000000D) for __rt_final_cpp
    entry.o(.ARM.Collect$$$$00000000) refers (Special) to entry11a.o(.ARM.Collect$$$$0000000F) for __rt_final_exit
    entry.o(.ARM.Collect$$$$00000000) refers (Special) to entry7b.o(.ARM.Collect$$$$00000008) for _main_clock
    entry.o(.ARM.Collect$$$$00000000) refers (Special) to entry8b.o(.ARM.Collect$$$$0000000A) for _main_cpp_init
    entry.o(.ARM.Collect$$$$00000000) refers (Special) to entry9a.o(.ARM.Collect$$$$0000000B) for _main_init
    entry.o(.ARM.Collect$$$$00000000) refers (Special) to entry5.o(.ARM.Collect$$$$00000004) for _main_scatterload
    entry.o(.ARM.Collect$$$$00000000) refers (Special) to entry2.o(.ARM.Collect$$$$00000001) for _main_stk
    idiv.o(.text) refers to uidiv.o(.text) for __aeabi_uidivmod
    entry2.o(.ARM.Collect$$$$00000001) refers to entry2.o(.ARM.Collect$$$$00002712) for __lit__00000000
    entry2.o(.ARM.Collect$$$$00002712) refers to startup_mm32spin06xx_s_keil.o(STACK) for __initial_sp
    entry2.o(__vectab_stack_and_reset_area) refers to startup_mm32spin06xx_s_keil.o(STACK) for __initial_sp
    entry2.o(__vectab_stack_and_reset_area) refers to entry.o(.ARM.Collect$$$$00000000) for __main
    entry5.o(.ARM.Collect$$$$00000004) refers to init.o(.text) for __scatterload
    entry9a.o(.ARM.Collect$$$$0000000B) refers to main.o(i.main) for main
    entry9b.o(.ARM.Collect$$$$0000000C) refers to main.o(i.main) for main
    init.o(.text) refers to entry5.o(.ARM.Collect$$$$00000004) for __main_after_scatterload


==============================================================================

Removing Unused input sections from the image.

    Removing system_mm32spin06xx_s.o(.rev16_text), (4 bytes).
    Removing system_mm32spin06xx_s.o(.revsh_text), (4 bytes).
    Removing startup_mm32spin06xx_s_keil.o(HEAP), (512 bytes).
    Removing key.o(.rev16_text), (4 bytes).
    Removing key.o(.revsh_text), (4 bytes).
    Removing key.o(i.KEY_Scan), (64 bytes).
    Removing led.o(.rev16_text), (4 bytes).
    Removing led.o(.revsh_text), (4 bytes).
    Removing delay.o(.rev16_text), (4 bytes).
    Removing delay.o(.revsh_text), (4 bytes).
    Removing delay.o(i.DELAY_Ms), (24 bytes).
    Removing delay.o(.data), (4 bytes).
    Removing sys.o(.rev16_text), (4 bytes).
    Removing sys.o(.revsh_text), (4 bytes).
    Removing sys.o(i.DELAY_Nop), (22 bytes).
    Removing sys.o(i.RCC_SetDefault), (64 bytes).
    Removing sys.o(i.SYSCLK_Init), (684 bytes).
    Removing sys.o(i.SystemReInit), (16 bytes).
    Removing sys.o(i.exRCC_ClkPrescaler_Init), (72 bytes).
    Removing sys.o(.constdata), (117 bytes).
    Removing sys.o(.data), (4 bytes).
    Removing uart.o(.rev16_text), (4 bytes).
    Removing uart.o(.revsh_text), (4 bytes).
    Removing uart.o(i.CONSOLE_Init), (148 bytes).
    Removing uart.o(i._sys_exit), (4 bytes).
    Removing uart.o(i.fputc), (28 bytes).
    Removing main.o(.rev16_text), (4 bytes).
    Removing main.o(.revsh_text), (4 bytes).
    Removing main.o(i.Delay), (12 bytes).
    Removing bsp_iwdg.o(.rev16_text), (4 bytes).
    Removing bsp_iwdg.o(.revsh_text), (4 bytes).
    Removing hal_adc.o(.rev16_text), (4 bytes).
    Removing hal_adc.o(.revsh_text), (4 bytes).
    Removing hal_adc.o(i.ADC_ANY_CH_Config), (70 bytes).
    Removing hal_adc.o(i.ADC_ANY_Cmd), (24 bytes).
    Removing hal_adc.o(i.ADC_ANY_NUM_Config), (10 bytes).
    Removing hal_adc.o(i.ADC_AnalogWatchdogCmd), (24 bytes).
    Removing hal_adc.o(i.ADC_AnalogWatchdogSingleChannelConfig), (20 bytes).
    Removing hal_adc.o(i.ADC_AnalogWatchdogThresholdsConfig), (12 bytes).
    Removing hal_adc.o(i.ADC_ClearFlag), (24 bytes).
    Removing hal_adc.o(i.ADC_ClearITPendingBit), (24 bytes).
    Removing hal_adc.o(i.ADC_Cmd), (24 bytes).
    Removing hal_adc.o(i.ADC_DMACmd), (24 bytes).
    Removing hal_adc.o(i.ADC_DeInit), (32 bytes).
    Removing hal_adc.o(i.ADC_ExternalTrigConvCmd), (24 bytes).
    Removing hal_adc.o(i.ADC_ExternalTrigInjectedConvCmd), (24 bytes).
    Removing hal_adc.o(i.ADC_ExternalTrigInjectedConvConfig), (20 bytes).
    Removing hal_adc.o(i.ADC_GetConversionValue), (6 bytes).
    Removing hal_adc.o(i.ADC_GetDualModeConversionValue), (12 bytes).
    Removing hal_adc.o(i.ADC_GetFlagStatus), (22 bytes).
    Removing hal_adc.o(i.ADC_GetITStatus), (22 bytes).
    Removing hal_adc.o(i.ADC_GetSoftwareStartConvStatus), (14 bytes).
    Removing hal_adc.o(i.ADC_ITConfig), (54 bytes).
    Removing hal_adc.o(i.ADC_Init), (56 bytes).
    Removing hal_adc.o(i.ADC_RegularChannelConfig), (86 bytes).
    Removing hal_adc.o(i.ADC_SoftwareStartConvCmd), (28 bytes).
    Removing hal_adc.o(i.ADC_StructInit), (16 bytes).
    Removing hal_adc.o(i.ADC_TempSensorCmd), (12 bytes).
    Removing hal_adc.o(i.ADC_TempSensorVrefintCmd), (36 bytes).
    Removing hal_adc.o(i.ADC_VrefintCmd), (12 bytes).
    Removing hal_adc.o(i.exADC_TempSensorVrefintCmd), (88 bytes).
    Removing hal_bkp.o(.rev16_text), (4 bytes).
    Removing hal_bkp.o(.revsh_text), (4 bytes).
    Removing hal_bkp.o(i.BKP_ClearFlag), (20 bytes).
    Removing hal_bkp.o(i.BKP_ClearITPendingBit), (20 bytes).
    Removing hal_bkp.o(i.BKP_DeInit), (16 bytes).
    Removing hal_bkp.o(i.BKP_GetFlagStatus), (20 bytes).
    Removing hal_bkp.o(i.BKP_GetITStatus), (20 bytes).
    Removing hal_bkp.o(i.BKP_ITConfig), (36 bytes).
    Removing hal_bkp.o(i.BKP_RTCOutputConfig), (24 bytes).
    Removing hal_bkp.o(i.BKP_ReadBackupRegister), (16 bytes).
    Removing hal_bkp.o(i.BKP_SetRTCCalibrationValue), (20 bytes).
    Removing hal_bkp.o(i.BKP_TamperPinCmd), (36 bytes).
    Removing hal_bkp.o(i.BKP_TamperPinLevelConfig), (12 bytes).
    Removing hal_bkp.o(i.BKP_WriteBackupRegister), (12 bytes).
    Removing hal_bkp.o(i.exBKP_ImmRead), (44 bytes).
    Removing hal_bkp.o(i.exBKP_ImmWrite), (44 bytes).
    Removing hal_bkp.o(i.exBKP_Init), (32 bytes).
    Removing hal_can.o(.rev16_text), (4 bytes).
    Removing hal_can.o(.revsh_text), (4 bytes).
    Removing hal_can.o(i.CAN_AutoCfg_BaudParam), (136 bytes).
    Removing hal_can.o(i.CAN_CancelTransmit), (6 bytes).
    Removing hal_can.o(i.CAN_ClearDataOverflow), (10 bytes).
    Removing hal_can.o(i.CAN_ClearITPendingBit), (8 bytes).
    Removing hal_can.o(i.CAN_DeInit), (14 bytes).
    Removing hal_can.o(i.CAN_FIFORelease), (10 bytes).
    Removing hal_can.o(i.CAN_FilterInit), (16 bytes).
    Removing hal_can.o(i.CAN_GetFlagStatus), (18 bytes).
    Removing hal_can.o(i.CAN_GetITStatus), (22 bytes).
    Removing hal_can.o(i.CAN_ITConfig), (20 bytes).
    Removing hal_can.o(i.CAN_Init), (110 bytes).
    Removing hal_can.o(i.CAN_Mode_Cmd), (8 bytes).
    Removing hal_can.o(i.CAN_Peli_FilterInit), (76 bytes).
    Removing hal_can.o(i.CAN_Peli_FilterStructInit), (20 bytes).
    Removing hal_can.o(i.CAN_Peli_GetITStatus), (24 bytes).
    Removing hal_can.o(i.CAN_Peli_GetLSBTransmitErrorCounter), (12 bytes).
    Removing hal_can.o(i.CAN_Peli_GetLastErrorCode), (12 bytes).
    Removing hal_can.o(i.CAN_Peli_GetReceiveErrorCounter), (12 bytes).
    Removing hal_can.o(i.CAN_Peli_GetRxFIFOInfo), (12 bytes).
    Removing hal_can.o(i.CAN_Peli_ITConfig), (32 bytes).
    Removing hal_can.o(i.CAN_Peli_Init), (140 bytes).
    Removing hal_can.o(i.CAN_Peli_Receive), (204 bytes).
    Removing hal_can.o(i.CAN_Peli_SleepMode_Cmd), (36 bytes).
    Removing hal_can.o(i.CAN_Peli_StructInit), (26 bytes).
    Removing hal_can.o(i.CAN_Peli_Transmit), (172 bytes).
    Removing hal_can.o(i.CAN_Peli_TransmitRepeat), (172 bytes).
    Removing hal_can.o(i.CAN_Receive), (100 bytes).
    Removing hal_can.o(i.CAN_ResetMode_Cmd), (24 bytes).
    Removing hal_can.o(i.CAN_Sleep), (18 bytes).
    Removing hal_can.o(i.CAN_StructInit), (24 bytes).
    Removing hal_can.o(i.CAN_Transmit), (72 bytes).
    Removing hal_can.o(i.CAN_WakeUp), (22 bytes).
    Removing hal_comp.o(.rev16_text), (4 bytes).
    Removing hal_comp.o(.revsh_text), (4 bytes).
    Removing hal_comp.o(i.COMP_Cmd), (44 bytes).
    Removing hal_comp.o(i.COMP_DeInit), (16 bytes).
    Removing hal_comp.o(i.COMP_GetOutputLevel), (32 bytes).
    Removing hal_comp.o(i.COMP_Init), (40 bytes).
    Removing hal_comp.o(i.COMP_LockConfig), (24 bytes).
    Removing hal_comp.o(i.COMP_StructInit), (28 bytes).
    Removing hal_comp.o(i.COMP_SwitchCmd), (44 bytes).
    Removing hal_comp.o(i.SET_COMP_CRV), (36 bytes).
    Removing hal_comp.o(i.exCOMP_CrvCmd), (36 bytes).
    Removing hal_comp.o(i.exCOMP_CrvSrc), (16 bytes).
    Removing hal_comp.o(i.exCOMP_SwitchCrv), (16 bytes).
    Removing hal_crc.o(.rev16_text), (4 bytes).
    Removing hal_crc.o(.revsh_text), (4 bytes).
    Removing hal_crc.o(i.CRC_CalcBlockCRC), (36 bytes).
    Removing hal_crc.o(i.CRC_CalcCRC), (16 bytes).
    Removing hal_crc.o(i.CRC_GetCRC), (12 bytes).
    Removing hal_crc.o(i.CRC_GetIDRegister), (12 bytes).
    Removing hal_crc.o(i.CRC_ResetDR), (12 bytes).
    Removing hal_crc.o(i.CRC_RevData), (16 bytes).
    Removing hal_crc.o(i.CRC_SetIDRegister), (12 bytes).
    Removing hal_dbg.o(.rev16_text), (4 bytes).
    Removing hal_dbg.o(.revsh_text), (4 bytes).
    Removing hal_dbg.o(i.DBGMCU_Configure), (32 bytes).
    Removing hal_div.o(.rev16_text), (4 bytes).
    Removing hal_div.o(.revsh_text), (4 bytes).
    Removing hal_div.o(i.Divider_Calc), (16 bytes).
    Removing hal_div.o(i.HWDivider_Calc), (36 bytes).
    Removing hal_div.o(i.HWDivider_Init), (24 bytes).
    Removing hal_dma.o(.rev16_text), (4 bytes).
    Removing hal_dma.o(.revsh_text), (4 bytes).
    Removing hal_dma.o(i.DMA_ClearFlag), (12 bytes).
    Removing hal_dma.o(i.DMA_ClearITPendingBit), (12 bytes).
    Removing hal_dma.o(i.DMA_Cmd), (12 bytes).
    Removing hal_dma.o(i.DMA_DeInit), (56 bytes).
    Removing hal_dma.o(i.DMA_GetCurrDataCounter), (8 bytes).
    Removing hal_dma.o(i.DMA_GetFlagStatus), (24 bytes).
    Removing hal_dma.o(i.DMA_GetITStatus), (24 bytes).
    Removing hal_dma.o(i.DMA_ITConfig), (20 bytes).
    Removing hal_dma.o(i.DMA_Init), (76 bytes).
    Removing hal_dma.o(i.DMA_StructInit), (28 bytes).
    Removing hal_dma.o(i.exDMA_ClearITPendingBit), (44 bytes).
    Removing hal_dma.o(i.exDMA_SetMemoryAddress), (4 bytes).
    Removing hal_dma.o(i.exDMA_SetPeripheralAddress), (4 bytes).
    Removing hal_dma.o(i.exDMA_SetTransmitLen), (4 bytes).
    Removing hal_exti.o(.rev16_text), (4 bytes).
    Removing hal_exti.o(.revsh_text), (4 bytes).
    Removing hal_exti.o(i.EXTI_ClearFlag), (12 bytes).
    Removing hal_exti.o(i.EXTI_ClearITPendingBit), (12 bytes).
    Removing hal_exti.o(i.EXTI_DMAChannelRemapConfig), (32 bytes).
    Removing hal_exti.o(i.EXTI_DeInit), (64 bytes).
    Removing hal_exti.o(i.EXTI_GenerateSWInterrupt), (16 bytes).
    Removing hal_exti.o(i.EXTI_GetFlagStatus), (24 bytes).
    Removing hal_exti.o(i.EXTI_GetITStatus), (36 bytes).
    Removing hal_exti.o(i.EXTI_Init), (192 bytes).
    Removing hal_exti.o(i.EXTI_LineConfig), (60 bytes).
    Removing hal_exti.o(i.EXTI_MemoryRemapConfig), (20 bytes).
    Removing hal_exti.o(i.EXTI_StructInit), (16 bytes).
    Removing hal_exti.o(i.exEXTI_GetAllFlagStatus), (12 bytes).
    Removing hal_exti.o(i.exEXTI_LineDisable), (40 bytes).
    Removing hal_flash.o(.rev16_text), (4 bytes).
    Removing hal_flash.o(.revsh_text), (4 bytes).
    Removing hal_flash.o(i.FLASH_ClearFlag), (12 bytes).
    Removing hal_flash.o(i.FLASH_EnableWriteProtection), (56 bytes).
    Removing hal_flash.o(i.FLASH_EraseAllPages), (40 bytes).
    Removing hal_flash.o(i.FLASH_EraseOptionBytes), (44 bytes).
    Removing hal_flash.o(i.FLASH_ErasePage), (48 bytes).
    Removing hal_flash.o(i.FLASH_EraseProtect), (44 bytes).
    Removing hal_flash.o(i.FLASH_GetFlagStatus), (36 bytes).
    Removing hal_flash.o(i.FLASH_GetPrefetchBufferStatus), (16 bytes).
    Removing hal_flash.o(i.FLASH_GetStatus), (56 bytes).
    Removing hal_flash.o(i.FLASH_GetUserOptionByte), (12 bytes).
    Removing hal_flash.o(i.FLASH_GetWriteProtectionOptionByte), (12 bytes).
    Removing hal_flash.o(i.FLASH_HalfCycleAccessCmd), (28 bytes).
    Removing hal_flash.o(i.FLASH_ITConfig), (32 bytes).
    Removing hal_flash.o(i.FLASH_Lock), (20 bytes).
    Removing hal_flash.o(i.FLASH_OPTB_Enable), (24 bytes).
    Removing hal_flash.o(i.FLASH_PrefetchBufferCmd), (28 bytes).
    Removing hal_flash.o(i.FLASH_ProgramHalfWord), (32 bytes).
    Removing hal_flash.o(i.FLASH_ProgramOptionByteData), (72 bytes).
    Removing hal_flash.o(i.FLASH_ProgramOptionHalfWord), (40 bytes).
    Removing hal_flash.o(i.FLASH_ProgramProtect), (16 bytes).
    Removing hal_flash.o(i.FLASH_ProgramWord), (34 bytes).
    Removing hal_flash.o(i.FLASH_SetLatency), (20 bytes).
    Removing hal_flash.o(i.FLASH_Unlock), (24 bytes).
    Removing hal_flash.o(i.FLASH_UserOptionByteConfig), (72 bytes).
    Removing hal_flash.o(i.FLASH_WaitForLastOperation), (60 bytes).
    Removing hal_flash.o(i.exFLASH_EraseEE), (20 bytes).
    Removing hal_flash.o(i.exFLASH_FindEmpty), (44 bytes).
    Removing hal_flash.o(i.exFLASH_Locate), (70 bytes).
    Removing hal_flash.o(i.exFLASH_ProgramEE), (48 bytes).
    Removing hal_flash.o(i.exFLASH_ReadEE), (36 bytes).
    Removing hal_flash.o(i.exFLASH_WriteEE), (132 bytes).
    Removing hal_gpio.o(.rev16_text), (4 bytes).
    Removing hal_gpio.o(.revsh_text), (4 bytes).
    Removing hal_gpio.o(i.GPIO_AFIODeInit), (52 bytes).
    Removing hal_gpio.o(i.GPIO_DeInit), (86 bytes).
    Removing hal_gpio.o(i.GPIO_PinAFConfig), (40 bytes).
    Removing hal_gpio.o(i.GPIO_PinLock), (20 bytes).
    Removing hal_gpio.o(i.GPIO_PinLockConfig), (24 bytes).
    Removing hal_gpio.o(i.GPIO_ReadInputData), (8 bytes).
    Removing hal_gpio.o(i.GPIO_ReadInputDataBit), (18 bytes).
    Removing hal_gpio.o(i.GPIO_ReadOutputData), (8 bytes).
    Removing hal_gpio.o(i.GPIO_ReadOutputDataBit), (18 bytes).
    Removing hal_gpio.o(i.GPIO_StructInit), (16 bytes).
    Removing hal_gpio.o(i.GPIO_Write), (4 bytes).
    Removing hal_gpio.o(i.exGPIO_PinAFConfig), (74 bytes).
    Removing hal_i2c.o(.rev16_text), (4 bytes).
    Removing hal_i2c.o(.revsh_text), (4 bytes).
    Removing hal_i2c.o(i.I2C_CheckEvent), (44 bytes).
    Removing hal_i2c.o(i.I2C_ClearFlag), (146 bytes).
    Removing hal_i2c.o(i.I2C_ClearITPendingBit), (146 bytes).
    Removing hal_i2c.o(i.I2C_Cmd), (32 bytes).
    Removing hal_i2c.o(i.I2C_DMACmd), (60 bytes).
    Removing hal_i2c.o(i.I2C_DMAConfigure), (10 bytes).
    Removing hal_i2c.o(i.I2C_DeInit), (32 bytes).
    Removing hal_i2c.o(i.I2C_DualAddressCmd), (32 bytes).
    Removing hal_i2c.o(i.I2C_GeneralCallCmd), (28 bytes).
    Removing hal_i2c.o(i.I2C_GenerateSTART), (24 bytes).
    Removing hal_i2c.o(i.I2C_GenerateSTOP), (56 bytes).
    Removing hal_i2c.o(i.I2C_GetFlagStatus), (72 bytes).
    Removing hal_i2c.o(i.I2C_GetITStatus), (18 bytes).
    Removing hal_i2c.o(i.I2C_GetLastEvent), (16 bytes).
    Removing hal_i2c.o(i.I2C_ITConfig), (36 bytes).
    Removing hal_i2c.o(i.I2C_Init), (208 bytes).
    Removing hal_i2c.o(i.I2C_OwnAddress2Config), (14 bytes).
    Removing hal_i2c.o(i.I2C_ReadCmd), (8 bytes).
    Removing hal_i2c.o(i.I2C_ReadRegister), (6 bytes).
    Removing hal_i2c.o(i.I2C_ReceiveData), (20 bytes).
    Removing hal_i2c.o(i.I2C_Send7bitAddress), (6 bytes).
    Removing hal_i2c.o(i.I2C_SendData), (4 bytes).
    Removing hal_i2c.o(i.I2C_SendSlaveAddress), (6 bytes).
    Removing hal_i2c.o(i.I2C_SlaveConfigure), (24 bytes).
    Removing hal_i2c.o(i.I2C_StructInit), (24 bytes).
    Removing hal_i2c.o(.data), (4 bytes).
    Removing hal_iwdg.o(.rev16_text), (4 bytes).
    Removing hal_iwdg.o(.revsh_text), (4 bytes).
    Removing hal_iwdg.o(i.IWDG_ClearIT), (20 bytes).
    Removing hal_iwdg.o(i.IWDG_ClearITPendingBit), (20 bytes).
    Removing hal_iwdg.o(i.IWDG_EnableIT), (20 bytes).
    Removing hal_iwdg.o(i.IWDG_GetReload), (12 bytes).
    Removing hal_iwdg.o(i.IWDG_OverflowConfig), (28 bytes).
    Removing hal_iwdg.o(i.IWDG_Reset), (20 bytes).
    Removing hal_misc.o(.rev16_text), (4 bytes).
    Removing hal_misc.o(.revsh_text), (4 bytes).
    Removing hal_misc.o(i.NVIC_Init), (104 bytes).
    Removing hal_misc.o(i.NVIC_SystemLPConfig), (32 bytes).
    Removing hal_misc.o(i.SysTick_CLKSourceConfig), (36 bytes).
    Removing hal_misc.o(i.exNVIC_Init), (104 bytes).
    Removing hal_pwr.o(.rev16_text), (4 bytes).
    Removing hal_pwr.o(.revsh_text), (4 bytes).
    Removing hal_pwr.o(i.PWR_BackupAccessCmd), (40 bytes).
    Removing hal_pwr.o(i.PWR_ClearFlag), (20 bytes).
    Removing hal_pwr.o(i.PWR_DeInit), (12 bytes).
    Removing hal_pwr.o(i.PWR_EnterSTANDBYMode), (40 bytes).
    Removing hal_pwr.o(i.PWR_EnterSTOPMode), (44 bytes).
    Removing hal_pwr.o(i.PWR_GetFlagStatus), (16 bytes).
    Removing hal_pwr.o(i.PWR_PVDCmd), (36 bytes).
    Removing hal_pwr.o(i.PWR_PVDLevelConfig), (24 bytes).
    Removing hal_pwr.o(i.PWR_WakeUpPinCmd), (40 bytes).
    Removing hal_pwr.o(i.exPWR_EnterLowPowerMode), (52 bytes).
    Removing hal_rcc.o(.rev16_text), (4 bytes).
    Removing hal_rcc.o(.revsh_text), (4 bytes).
    Removing hal_rcc.o(i.RCC_ADCCLKConfig), (24 bytes).
    Removing hal_rcc.o(i.RCC_AHBPeriphResetCmd), (32 bytes).
    Removing hal_rcc.o(i.RCC_APB1PeriphClockCmd), (32 bytes).
    Removing hal_rcc.o(i.RCC_APB1PeriphResetCmd), (32 bytes).
    Removing hal_rcc.o(i.RCC_APB2PeriphClockCmd), (32 bytes).
    Removing hal_rcc.o(i.RCC_APB2PeriphResetCmd), (32 bytes).
    Removing hal_rcc.o(i.RCC_BackupResetCmd), (24 bytes).
    Removing hal_rcc.o(i.RCC_ClearITPendingBit), (20 bytes).
    Removing hal_rcc.o(i.RCC_ClockSecuritySystemCmd), (24 bytes).
    Removing hal_rcc.o(i.RCC_DeInit), (64 bytes).
    Removing hal_rcc.o(i.RCC_GetClocksFreq), (72 bytes).
    Removing hal_rcc.o(i.RCC_GetHCLKFreq), (32 bytes).
    Removing hal_rcc.o(i.RCC_GetITStatus), (16 bytes).
    Removing hal_rcc.o(i.RCC_GetPCLK1Freq), (36 bytes).
    Removing hal_rcc.o(i.RCC_GetPCLK2Freq), (36 bytes).
    Removing hal_rcc.o(i.RCC_GetSYSCLKSource), (16 bytes).
    Removing hal_rcc.o(i.RCC_GetSysClockFreq), (128 bytes).
    Removing hal_rcc.o(i.RCC_HCLKConfig), (20 bytes).
    Removing hal_rcc.o(i.RCC_HSEConfig), (88 bytes).
    Removing hal_rcc.o(i.RCC_HSICmd), (20 bytes).
    Removing hal_rcc.o(i.RCC_ITConfig), (36 bytes).
    Removing hal_rcc.o(i.RCC_LSEConfig), (72 bytes).
    Removing hal_rcc.o(i.RCC_MCOConfig), (24 bytes).
    Removing hal_rcc.o(i.RCC_PCLK1Config), (24 bytes).
    Removing hal_rcc.o(i.RCC_PCLK2Config), (24 bytes).
    Removing hal_rcc.o(i.RCC_PLLCmd), (24 bytes).
    Removing hal_rcc.o(i.RCC_PLLConfig), (92 bytes).
    Removing hal_rcc.o(i.RCC_PLLDMDNConfig), (32 bytes).
    Removing hal_rcc.o(i.RCC_RTCCLKCmd), (24 bytes).
    Removing hal_rcc.o(i.RCC_RTCCLKConfig), (24 bytes).
    Removing hal_rcc.o(i.RCC_SYSCLKConfig), (20 bytes).
    Removing hal_rcc.o(i.RCC_USBCLKConfig), (24 bytes).
    Removing hal_rcc.o(i.RCC_WaitForFlagStartUp), (38 bytes).
    Removing hal_rcc.o(i.RCC_WaitForHSEStartUp), (46 bytes).
    Removing hal_rcc.o(i.__NVIC_SetPriority), (120 bytes).
    Removing hal_rcc.o(i.exRCC_APB1PeriphReset), (24 bytes).
    Removing hal_rcc.o(i.exRCC_APB2PeriphReset), (24 bytes).
    Removing hal_rcc.o(i.exRCC_BackupReset), (2 bytes).
    Removing hal_rcc.o(i.exRCC_SystickDisable), (20 bytes).
    Removing hal_rcc.o(i.exRCC_SystickEnable), (72 bytes).
    Removing hal_rcc.o(.data), (16 bytes).
    Removing hal_spi.o(.rev16_text), (4 bytes).
    Removing hal_spi.o(.revsh_text), (4 bytes).
    Removing hal_spi.o(i.SPI_BiDirectionalLineConfig), (64 bytes).
    Removing hal_spi.o(i.SPI_CSInternalSelected), (24 bytes).
    Removing hal_spi.o(i.SPI_ClearITPendingBit), (8 bytes).
    Removing hal_spi.o(i.SPI_Cmd), (24 bytes).
    Removing hal_spi.o(i.SPI_DMACmd), (28 bytes).
    Removing hal_spi.o(i.SPI_DataSizeConfig), (20 bytes).
    Removing hal_spi.o(i.SPI_DataSizeTypeConfig), (18 bytes).
    Removing hal_spi.o(i.SPI_DeInit), (72 bytes).
    Removing hal_spi.o(i.SPI_FifoTrigger), (20 bytes).
    Removing hal_spi.o(i.SPI_GetFlagStatus), (18 bytes).
    Removing hal_spi.o(i.SPI_GetITStatus), (18 bytes).
    Removing hal_spi.o(i.SPI_ITConfig), (38 bytes).
    Removing hal_spi.o(i.SPI_Init), (140 bytes).
    Removing hal_spi.o(i.SPI_NSSInternalSoftwareConfig), (28 bytes).
    Removing hal_spi.o(i.SPI_ReceiveData), (50 bytes).
    Removing hal_spi.o(i.SPI_RxBytes), (4 bytes).
    Removing hal_spi.o(i.SPI_SendData), (42 bytes).
    Removing hal_spi.o(i.SPI_SlaveAdjust), (24 bytes).
    Removing hal_spi.o(i.SPI_StructInit), (32 bytes).
    Removing hal_spi.o(i.exSPI_CSInternalSelected), (24 bytes).
    Removing hal_spi.o(i.exSPI_DMACmd), (28 bytes).
    Removing hal_spi.o(i.exSPI_DataEdgeAdjust), (58 bytes).
    Removing hal_spi.o(i.exSPI_ITCmd), (24 bytes).
    Removing hal_spi.o(i.exSPI_ITConfig), (20 bytes).
    Removing hal_tim.o(.rev16_text), (4 bytes).
    Removing hal_tim.o(.revsh_text), (4 bytes).
    Removing hal_tim.o(i.TI1_Configure), (32 bytes).
    Removing hal_tim.o(i.TI2_Configure), (38 bytes).
    Removing hal_tim.o(i.TI3_Configure), (38 bytes).
    Removing hal_tim.o(i.TI4_Configure), (42 bytes).
    Removing hal_tim.o(i.TIM_ARRPreloadConfig), (24 bytes).
    Removing hal_tim.o(i.TIM_BDTRConfig), (30 bytes).
    Removing hal_tim.o(i.TIM_BDTRStructInit), (18 bytes).
    Removing hal_tim.o(i.TIM_CCPreloadControl), (24 bytes).
    Removing hal_tim.o(i.TIM_CCxCmd), (20 bytes).
    Removing hal_tim.o(i.TIM_CCxNCmd), (24 bytes).
    Removing hal_tim.o(i.TIM_ClearFlag), (8 bytes).
    Removing hal_tim.o(i.TIM_ClearITPendingBit), (8 bytes).
    Removing hal_tim.o(i.TIM_ClearOC1Ref), (12 bytes).
    Removing hal_tim.o(i.TIM_ClearOC2Ref), (16 bytes).
    Removing hal_tim.o(i.TIM_ClearOC3Ref), (12 bytes).
    Removing hal_tim.o(i.TIM_ClearOC4Ref), (16 bytes).
    Removing hal_tim.o(i.TIM_Cmd), (24 bytes).
    Removing hal_tim.o(i.TIM_CounterModeConfig), (12 bytes).
    Removing hal_tim.o(i.TIM_CtrlPWMOutputs), (28 bytes).
    Removing hal_tim.o(i.TIM_DMACmd), (20 bytes).
    Removing hal_tim.o(i.TIM_DMAConfig), (8 bytes).
    Removing hal_tim.o(i.TIM_DeInit), (124 bytes).
    Removing hal_tim.o(i.TIM_ETRClockMode1Config), (34 bytes).
    Removing hal_tim.o(i.TIM_ETRClockMode2Config), (34 bytes).
    Removing hal_tim.o(i.TIM_ETRConfig), (50 bytes).
    Removing hal_tim.o(i.TIM_EncoderInterfaceConfig), (44 bytes).
    Removing hal_tim.o(i.TIM_ForcedOC1Config), (12 bytes).
    Removing hal_tim.o(i.TIM_ForcedOC2Config), (16 bytes).
    Removing hal_tim.o(i.TIM_ForcedOC3Config), (12 bytes).
    Removing hal_tim.o(i.TIM_ForcedOC4Config), (16 bytes).
    Removing hal_tim.o(i.TIM_GenerateEvent), (4 bytes).
    Removing hal_tim.o(i.TIM_GetCapture1), (6 bytes).
    Removing hal_tim.o(i.TIM_GetCapture2), (6 bytes).
    Removing hal_tim.o(i.TIM_GetCapture3), (6 bytes).
    Removing hal_tim.o(i.TIM_GetCapture4), (6 bytes).
    Removing hal_tim.o(i.TIM_GetCounter), (6 bytes).
    Removing hal_tim.o(i.TIM_GetFlagStatus), (18 bytes).
    Removing hal_tim.o(i.TIM_GetITStatus), (26 bytes).
    Removing hal_tim.o(i.TIM_GetPrescaler), (8 bytes).
    Removing hal_tim.o(i.TIM_ICInit), (120 bytes).
    Removing hal_tim.o(i.TIM_ICStructInit), (18 bytes).
    Removing hal_tim.o(i.TIM_ITConfig), (20 bytes).
    Removing hal_tim.o(i.TIM_ITRxExternalClockConfig), (24 bytes).
    Removing hal_tim.o(i.TIM_InternalClockConfig), (10 bytes).
    Removing hal_tim.o(i.TIM_OC1FastConfig), (12 bytes).
    Removing hal_tim.o(i.TIM_OC1Init), (100 bytes).
    Removing hal_tim.o(i.TIM_OC1NPolarityConfig), (12 bytes).
    Removing hal_tim.o(i.TIM_OC1PolarityConfig), (12 bytes).
    Removing hal_tim.o(i.TIM_OC1PreloadConfig), (12 bytes).
    Removing hal_tim.o(i.TIM_OC2FastConfig), (16 bytes).
    Removing hal_tim.o(i.TIM_OC2Init), (96 bytes).
    Removing hal_tim.o(i.TIM_OC2NPolarityConfig), (14 bytes).
    Removing hal_tim.o(i.TIM_OC2PolarityConfig), (14 bytes).
    Removing hal_tim.o(i.TIM_OC2PreloadConfig), (16 bytes).
    Removing hal_tim.o(i.TIM_OC3FastConfig), (12 bytes).
    Removing hal_tim.o(i.TIM_OC3Init), (92 bytes).
    Removing hal_tim.o(i.TIM_OC3NPolarityConfig), (16 bytes).
    Removing hal_tim.o(i.TIM_OC3PolarityConfig), (16 bytes).
    Removing hal_tim.o(i.TIM_OC3PreloadConfig), (12 bytes).
    Removing hal_tim.o(i.TIM_OC4FastConfig), (16 bytes).
    Removing hal_tim.o(i.TIM_OC4Init), (72 bytes).
    Removing hal_tim.o(i.TIM_OC4PolarityConfig), (16 bytes).
    Removing hal_tim.o(i.TIM_OC4PreloadConfig), (16 bytes).
    Removing hal_tim.o(i.TIM_OCStructInit), (20 bytes).
    Removing hal_tim.o(i.TIM_PWMIConfig), (128 bytes).
    Removing hal_tim.o(i.TIM_PWMShiftConfig), (20 bytes).
    Removing hal_tim.o(i.TIM_PrescalerConfig), (6 bytes).
    Removing hal_tim.o(i.TIM_SelectCCDMA), (24 bytes).
    Removing hal_tim.o(i.TIM_SelectCOM), (24 bytes).
    Removing hal_tim.o(i.TIM_SelectHallSensor), (24 bytes).
    Removing hal_tim.o(i.TIM_SelectInputTrigger), (12 bytes).
    Removing hal_tim.o(i.TIM_SelectMasterSlaveMode), (12 bytes).
    Removing hal_tim.o(i.TIM_SelectOCxM), (92 bytes).
    Removing hal_tim.o(i.TIM_SelectOnePulseMode), (12 bytes).
    Removing hal_tim.o(i.TIM_SelectOutputTrigger), (12 bytes).
    Removing hal_tim.o(i.TIM_SelectSlaveMode), (12 bytes).
    Removing hal_tim.o(i.TIM_SetAutoreload), (4 bytes).
    Removing hal_tim.o(i.TIM_SetCCR1FALL), (16 bytes).
    Removing hal_tim.o(i.TIM_SetCCR2FALL), (16 bytes).
    Removing hal_tim.o(i.TIM_SetCCR3FALL), (16 bytes).
    Removing hal_tim.o(i.TIM_SetCCR4FALL), (16 bytes).
    Removing hal_tim.o(i.TIM_SetCCR5FALL), (16 bytes).
    Removing hal_tim.o(i.TIM_SetClockDivision), (14 bytes).
    Removing hal_tim.o(i.TIM_SetCompare1), (18 bytes).
    Removing hal_tim.o(i.TIM_SetCompare2), (18 bytes).
    Removing hal_tim.o(i.TIM_SetCompare3), (18 bytes).
    Removing hal_tim.o(i.TIM_SetCompare4), (18 bytes).
    Removing hal_tim.o(i.TIM_SetCounter), (18 bytes).
    Removing hal_tim.o(i.TIM_SetIC1Prescaler), (12 bytes).
    Removing hal_tim.o(i.TIM_SetIC2Prescaler), (16 bytes).
    Removing hal_tim.o(i.TIM_SetIC3Prescaler), (12 bytes).
    Removing hal_tim.o(i.TIM_SetIC4Prescaler), (16 bytes).
    Removing hal_tim.o(i.TIM_TIxExternalClockConfig), (58 bytes).
    Removing hal_tim.o(i.TIM_TimeBaseInit), (108 bytes).
    Removing hal_tim.o(i.TIM_TimeBaseStructInit), (18 bytes).
    Removing hal_tim.o(i.TIM_UpdateDisableConfig), (24 bytes).
    Removing hal_tim.o(i.TIM_UpdateRequestConfig), (12 bytes).
    Removing hal_tim.o(i.exTIM_ClearOC5Ref), (12 bytes).
    Removing hal_tim.o(i.exTIM_GetCapture5), (6 bytes).
    Removing hal_tim.o(i.exTIM_OC5FastConfig), (12 bytes).
    Removing hal_tim.o(i.exTIM_OC5Init), (60 bytes).
    Removing hal_tim.o(i.exTIM_OC5PolarityConfig), (16 bytes).
    Removing hal_tim.o(i.exTIM_OC5PreloadConfig), (12 bytes).
    Removing hal_tim.o(i.exTIM_SetCompare5), (6 bytes).
    Removing hal_tim.o(i.exTIM_SetIC1Plority), (24 bytes).
    Removing hal_tim.o(i.exTIM_SetIC2Plority), (24 bytes).
    Removing hal_tim.o(i.exTIM_SetIC3Plority), (28 bytes).
    Removing hal_tim.o(i.exTIM_SetIC4Plority), (28 bytes).
    Removing hal_uart.o(.rev16_text), (4 bytes).
    Removing hal_uart.o(.revsh_text), (4 bytes).
    Removing hal_uart.o(i.UART_AutoBaudRateCmd), (24 bytes).
    Removing hal_uart.o(i.UART_AutoBaudRateSet), (178 bytes).
    Removing hal_uart.o(i.UART_ClearITPendingBit), (4 bytes).
    Removing hal_uart.o(i.UART_Cmd), (12 bytes).
    Removing hal_uart.o(i.UART_DMACmd), (18 bytes).
    Removing hal_uart.o(i.UART_DeInit), (44 bytes).
    Removing hal_uart.o(i.UART_Enable9bit), (16 bytes).
    Removing hal_uart.o(i.UART_GetFlagStatus), (18 bytes).
    Removing hal_uart.o(i.UART_GetITStatus), (18 bytes).
    Removing hal_uart.o(i.UART_HalfDuplexCmd), (16 bytes).
    Removing hal_uart.o(i.UART_ITConfig), (20 bytes).
    Removing hal_uart.o(i.UART_Init), (120 bytes).
    Removing hal_uart.o(i.UART_ReceiveData), (8 bytes).
    Removing hal_uart.o(i.UART_ReceiverWakeUpCmd), (16 bytes).
    Removing hal_uart.o(i.UART_SendBreak), (10 bytes).
    Removing hal_uart.o(i.UART_SendData), (6 bytes).
    Removing hal_uart.o(i.UART_Set9bitAutomaticToggle), (16 bytes).
    Removing hal_uart.o(i.UART_Set9bitLevel), (16 bytes).
    Removing hal_uart.o(i.UART_Set9bitPolarity), (14 bytes).
    Removing hal_uart.o(i.UART_SetGuardTime), (16 bytes).
    Removing hal_uart.o(i.UART_SetRXAddress), (12 bytes).
    Removing hal_uart.o(i.UART_SetRXMASK), (12 bytes).
    Removing hal_uart.o(i.UART_SmartCardCmd), (12 bytes).
    Removing hal_uart.o(i.UART_SmartCardNACKCmd), (14 bytes).
    Removing hal_uart.o(i.UART_StructInit), (26 bytes).
    Removing hal_uart.o(i.UART_WakeUpConfig), (14 bytes).
    Removing hal_uid.o(.rev16_text), (4 bytes).
    Removing hal_uid.o(.revsh_text), (4 bytes).
    Removing hal_uid.o(i.GetChipUID), (32 bytes).
    Removing hal_uid.o(.bss), (12 bytes).
    Removing hal_ver.o(.rev16_text), (4 bytes).
    Removing hal_ver.o(.revsh_text), (4 bytes).
    Removing hal_ver.o(i.Get_ChipsetDEVID), (12 bytes).
    Removing hal_ver.o(i.Get_ChipsetREVID), (16 bytes).
    Removing hal_ver.o(i.Get_ChipsetUIDw0), (12 bytes).
    Removing hal_ver.o(i.Get_ChipsetUIDw1), (12 bytes).
    Removing hal_ver.o(i.Get_ChipsetUIDw2), (12 bytes).
    Removing hal_ver.o(i.Get_MM32LibReleaseDate), (8 bytes).
    Removing hal_ver.o(i.Get_MM32LibVersion), (8 bytes).
    Removing hal_wwdg.o(.rev16_text), (4 bytes).
    Removing hal_wwdg.o(.revsh_text), (4 bytes).
    Removing hal_wwdg.o(i.WWDG_ClearFlag), (20 bytes).
    Removing hal_wwdg.o(i.WWDG_DeInit), (12 bytes).
    Removing hal_wwdg.o(i.WWDG_Enable), (16 bytes).
    Removing hal_wwdg.o(i.WWDG_EnableIT), (20 bytes).
    Removing hal_wwdg.o(i.WWDG_GetCounter), (16 bytes).
    Removing hal_wwdg.o(i.WWDG_GetFlagStatus), (20 bytes).
    Removing hal_wwdg.o(i.WWDG_SetCounter), (16 bytes).
    Removing hal_wwdg.o(i.WWDG_SetPrescaler), (24 bytes).
    Removing hal_wwdg.o(i.WWDG_SetWindowValue), (24 bytes).

505 unused section(s) (total 15703 bytes) removed from the image.

==============================================================================

Image Symbol Table

    Local Symbols

    Symbol Name                              Value     Ov Type        Size  Object(Section)

    ../clib/microlib/division.c              0x00000000   Number         0  idiv.o ABSOLUTE
    ../clib/microlib/division.c              0x00000000   Number         0  uidiv.o ABSOLUTE
    ../clib/microlib/init/entry.s            0x00000000   Number         0  entry11a.o ABSOLUTE
    ../clib/microlib/init/entry.s            0x00000000   Number         0  entry7b.o ABSOLUTE
    ../clib/microlib/init/entry.s            0x00000000   Number         0  entry.o ABSOLUTE
    ../clib/microlib/init/entry.s            0x00000000   Number         0  entry11b.o ABSOLUTE
    ../clib/microlib/init/entry.s            0x00000000   Number         0  entry2.o ABSOLUTE
    ../clib/microlib/init/entry.s            0x00000000   Number         0  entry5.o ABSOLUTE
    ../clib/microlib/init/entry.s            0x00000000   Number         0  entry7a.o ABSOLUTE
    ../clib/microlib/init/entry.s            0x00000000   Number         0  entry8b.o ABSOLUTE
    ../clib/microlib/init/entry.s            0x00000000   Number         0  entry9a.o ABSOLUTE
    ../clib/microlib/init/entry.s            0x00000000   Number         0  entry9b.o ABSOLUTE
    ../clib/microlib/init/entry.s            0x00000000   Number         0  entry8a.o ABSOLUTE
    ../clib/microlib/init/entry.s            0x00000000   Number         0  entry10a.o ABSOLUTE
    ../clib/microlib/init/entry.s            0x00000000   Number         0  entry10b.o ABSOLUTE
    ../clib/microlib/string/memcpy.c         0x00000000   Number         0  memcpya.o ABSOLUTE
    ../clib/microlib/string/memcpy.c         0x00000000   Number         0  memcpyb.o ABSOLUTE
    ..\Device\MM32SPIN06xx_s\HAL_Lib\Src\hal_adc.c 0x00000000   Number         0  hal_adc.o ABSOLUTE
    ..\Device\MM32SPIN06xx_s\HAL_Lib\Src\hal_bkp.c 0x00000000   Number         0  hal_bkp.o ABSOLUTE
    ..\Device\MM32SPIN06xx_s\HAL_Lib\Src\hal_can.c 0x00000000   Number         0  hal_can.o ABSOLUTE
    ..\Device\MM32SPIN06xx_s\HAL_Lib\Src\hal_comp.c 0x00000000   Number         0  hal_comp.o ABSOLUTE
    ..\Device\MM32SPIN06xx_s\HAL_Lib\Src\hal_crc.c 0x00000000   Number         0  hal_crc.o ABSOLUTE
    ..\Device\MM32SPIN06xx_s\HAL_Lib\Src\hal_dbg.c 0x00000000   Number         0  hal_dbg.o ABSOLUTE
    ..\Device\MM32SPIN06xx_s\HAL_Lib\Src\hal_div.c 0x00000000   Number         0  hal_div.o ABSOLUTE
    ..\Device\MM32SPIN06xx_s\HAL_Lib\Src\hal_dma.c 0x00000000   Number         0  hal_dma.o ABSOLUTE
    ..\Device\MM32SPIN06xx_s\HAL_Lib\Src\hal_exti.c 0x00000000   Number         0  hal_exti.o ABSOLUTE
    ..\Device\MM32SPIN06xx_s\HAL_Lib\Src\hal_flash.c 0x00000000   Number         0  hal_flash.o ABSOLUTE
    ..\Device\MM32SPIN06xx_s\HAL_Lib\Src\hal_gpio.c 0x00000000   Number         0  hal_gpio.o ABSOLUTE
    ..\Device\MM32SPIN06xx_s\HAL_Lib\Src\hal_i2c.c 0x00000000   Number         0  hal_i2c.o ABSOLUTE
    ..\Device\MM32SPIN06xx_s\HAL_Lib\Src\hal_iwdg.c 0x00000000   Number         0  hal_iwdg.o ABSOLUTE
    ..\Device\MM32SPIN06xx_s\HAL_Lib\Src\hal_misc.c 0x00000000   Number         0  hal_misc.o ABSOLUTE
    ..\Device\MM32SPIN06xx_s\HAL_Lib\Src\hal_pwr.c 0x00000000   Number         0  hal_pwr.o ABSOLUTE
    ..\Device\MM32SPIN06xx_s\HAL_Lib\Src\hal_rcc.c 0x00000000   Number         0  hal_rcc.o ABSOLUTE
    ..\Device\MM32SPIN06xx_s\HAL_Lib\Src\hal_spi.c 0x00000000   Number         0  hal_spi.o ABSOLUTE
    ..\Device\MM32SPIN06xx_s\HAL_Lib\Src\hal_tim.c 0x00000000   Number         0  hal_tim.o ABSOLUTE
    ..\Device\MM32SPIN06xx_s\HAL_Lib\Src\hal_uart.c 0x00000000   Number         0  hal_uart.o ABSOLUTE
    ..\Device\MM32SPIN06xx_s\HAL_Lib\Src\hal_uid.c 0x00000000   Number         0  hal_uid.o ABSOLUTE
    ..\Device\MM32SPIN06xx_s\HAL_Lib\Src\hal_ver.c 0x00000000   Number         0  hal_ver.o ABSOLUTE
    ..\Device\MM32SPIN06xx_s\HAL_Lib\Src\hal_wwdg.c 0x00000000   Number         0  hal_wwdg.o ABSOLUTE
    ..\Device\MM32SPIN06xx_s\Source\KEIL_StartAsm\startup_mm32spin06xx_s_keil.s 0x00000000   Number         0  startup_mm32spin06xx_s_keil.o ABSOLUTE
    ..\Device\MM32SPIN06xx_s\Source\system_mm32spin06xx_s.c 0x00000000   Number         0  system_mm32spin06xx_s.o ABSOLUTE
    ..\HARDWARE\KEY\key.c                    0x00000000   Number         0  key.o ABSOLUTE
    ..\HARDWARE\LED\led.c                    0x00000000   Number         0  led.o ABSOLUTE
    ..\SYSTEM\DELAY\delay.c                  0x00000000   Number         0  delay.o ABSOLUTE
    ..\SYSTEM\SYS\sys.c                      0x00000000   Number         0  sys.o ABSOLUTE
    ..\SYSTEM\UART\uart.c                    0x00000000   Number         0  uart.o ABSOLUTE
    ..\USER\bsp_iwdg.c                       0x00000000   Number         0  bsp_iwdg.o ABSOLUTE
    ..\USER\main.c                           0x00000000   Number         0  main.o ABSOLUTE
    ..\\Device\\MM32SPIN06xx_s\\HAL_Lib\\Src\\hal_adc.c 0x00000000   Number         0  hal_adc.o ABSOLUTE
    ..\\Device\\MM32SPIN06xx_s\\HAL_Lib\\Src\\hal_bkp.c 0x00000000   Number         0  hal_bkp.o ABSOLUTE
    ..\\Device\\MM32SPIN06xx_s\\HAL_Lib\\Src\\hal_can.c 0x00000000   Number         0  hal_can.o ABSOLUTE
    ..\\Device\\MM32SPIN06xx_s\\HAL_Lib\\Src\\hal_comp.c 0x00000000   Number         0  hal_comp.o ABSOLUTE
    ..\\Device\\MM32SPIN06xx_s\\HAL_Lib\\Src\\hal_crc.c 0x00000000   Number         0  hal_crc.o ABSOLUTE
    ..\\Device\\MM32SPIN06xx_s\\HAL_Lib\\Src\\hal_dbg.c 0x00000000   Number         0  hal_dbg.o ABSOLUTE
    ..\\Device\\MM32SPIN06xx_s\\HAL_Lib\\Src\\hal_div.c 0x00000000   Number         0  hal_div.o ABSOLUTE
    ..\\Device\\MM32SPIN06xx_s\\HAL_Lib\\Src\\hal_dma.c 0x00000000   Number         0  hal_dma.o ABSOLUTE
    ..\\Device\\MM32SPIN06xx_s\\HAL_Lib\\Src\\hal_exti.c 0x00000000   Number         0  hal_exti.o ABSOLUTE
    ..\\Device\\MM32SPIN06xx_s\\HAL_Lib\\Src\\hal_flash.c 0x00000000   Number         0  hal_flash.o ABSOLUTE
    ..\\Device\\MM32SPIN06xx_s\\HAL_Lib\\Src\\hal_gpio.c 0x00000000   Number         0  hal_gpio.o ABSOLUTE
    ..\\Device\\MM32SPIN06xx_s\\HAL_Lib\\Src\\hal_i2c.c 0x00000000   Number         0  hal_i2c.o ABSOLUTE
    ..\\Device\\MM32SPIN06xx_s\\HAL_Lib\\Src\\hal_iwdg.c 0x00000000   Number         0  hal_iwdg.o ABSOLUTE
    ..\\Device\\MM32SPIN06xx_s\\HAL_Lib\\Src\\hal_misc.c 0x00000000   Number         0  hal_misc.o ABSOLUTE
    ..\\Device\\MM32SPIN06xx_s\\HAL_Lib\\Src\\hal_pwr.c 0x00000000   Number         0  hal_pwr.o ABSOLUTE
    ..\\Device\\MM32SPIN06xx_s\\HAL_Lib\\Src\\hal_rcc.c 0x00000000   Number         0  hal_rcc.o ABSOLUTE
    ..\\Device\\MM32SPIN06xx_s\\HAL_Lib\\Src\\hal_spi.c 0x00000000   Number         0  hal_spi.o ABSOLUTE
    ..\\Device\\MM32SPIN06xx_s\\HAL_Lib\\Src\\hal_tim.c 0x00000000   Number         0  hal_tim.o ABSOLUTE
    ..\\Device\\MM32SPIN06xx_s\\HAL_Lib\\Src\\hal_uart.c 0x00000000   Number         0  hal_uart.o ABSOLUTE
    ..\\Device\\MM32SPIN06xx_s\\HAL_Lib\\Src\\hal_uid.c 0x00000000   Number         0  hal_uid.o ABSOLUTE
    ..\\Device\\MM32SPIN06xx_s\\HAL_Lib\\Src\\hal_ver.c 0x00000000   Number         0  hal_ver.o ABSOLUTE
    ..\\Device\\MM32SPIN06xx_s\\HAL_Lib\\Src\\hal_wwdg.c 0x00000000   Number         0  hal_wwdg.o ABSOLUTE
    ..\\Device\\MM32SPIN06xx_s\\Source\\system_mm32spin06xx_s.c 0x00000000   Number         0  system_mm32spin06xx_s.o ABSOLUTE
    ..\\HARDWARE\\KEY\\key.c                 0x00000000   Number         0  key.o ABSOLUTE
    ..\\HARDWARE\\LED\\led.c                 0x00000000   Number         0  led.o ABSOLUTE
    ..\\SYSTEM\\DELAY\\delay.c               0x00000000   Number         0  delay.o ABSOLUTE
    ..\\SYSTEM\\SYS\\sys.c                   0x00000000   Number         0  sys.o ABSOLUTE
    ..\\SYSTEM\\UART\\uart.c                 0x00000000   Number         0  uart.o ABSOLUTE
    ..\\USER\\bsp_iwdg.c                     0x00000000   Number         0  bsp_iwdg.o ABSOLUTE
    ..\\USER\\main.c                         0x00000000   Number         0  main.o ABSOLUTE
    dc.s                                     0x00000000   Number         0  dc.o ABSOLUTE
    handlers.s                               0x00000000   Number         0  handlers.o ABSOLUTE
    init.s                                   0x00000000   Number         0  init.o ABSOLUTE
    RESET                                    0x08000000   Section      192  startup_mm32spin06xx_s_keil.o(RESET)
    .ARM.Collect$$$$00000000                 0x080000c0   Section        0  entry.o(.ARM.Collect$$$$00000000)
    .ARM.Collect$$$$00000001                 0x080000c0   Section        4  entry2.o(.ARM.Collect$$$$00000001)
    .ARM.Collect$$$$00000004                 0x080000c4   Section        4  entry5.o(.ARM.Collect$$$$00000004)
    .ARM.Collect$$$$00000008                 0x080000c8   Section        0  entry7b.o(.ARM.Collect$$$$00000008)
    .ARM.Collect$$$$0000000A                 0x080000c8   Section        0  entry8b.o(.ARM.Collect$$$$0000000A)
    .ARM.Collect$$$$0000000B                 0x080000c8   Section        8  entry9a.o(.ARM.Collect$$$$0000000B)
    .ARM.Collect$$$$0000000D                 0x080000d0   Section        0  entry10a.o(.ARM.Collect$$$$0000000D)
    .ARM.Collect$$$$0000000F                 0x080000d0   Section        0  entry11a.o(.ARM.Collect$$$$0000000F)
    .ARM.Collect$$$$00002712                 0x080000d0   Section        4  entry2.o(.ARM.Collect$$$$00002712)
    __lit__00000000                          0x080000d0   Data           4  entry2.o(.ARM.Collect$$$$00002712)
    .text                                    0x080000d4   Section       96  startup_mm32spin06xx_s_keil.o(.text)
    .text                                    0x08000134   Section        0  uidiv.o(.text)
    .text                                    0x08000160   Section       36  init.o(.text)
    i.AutoCalPllFactor                       0x08000184   Section        0  system_mm32spin06xx_s.o(i.AutoCalPllFactor)
    i.DELAY_Init                             0x080001f0   Section        0  delay.o(i.DELAY_Init)
    i.GPIO_Init                              0x08000244   Section        0  hal_gpio.o(i.GPIO_Init)
    i.GPIO_ResetBits                         0x080002de   Section        0  hal_gpio.o(i.GPIO_ResetBits)
    i.GPIO_SetBits                           0x080002e2   Section        0  hal_gpio.o(i.GPIO_SetBits)
    i.GPIO_WriteBit                          0x080002e6   Section        0  hal_gpio.o(i.GPIO_WriteBit)
    i.IWDG_Enable                            0x080002f4   Section        0  hal_iwdg.o(i.IWDG_Enable)
    i.IWDG_GetFlagStatus                     0x08000304   Section        0  hal_iwdg.o(i.IWDG_GetFlagStatus)
    i.IWDG_Init                              0x0800031c   Section        0  bsp_iwdg.o(i.IWDG_Init)
    i.IWDG_ReloadCounter                     0x0800037c   Section        0  hal_iwdg.o(i.IWDG_ReloadCounter)
    i.IWDG_SetPrescaler                      0x0800038c   Section        0  hal_iwdg.o(i.IWDG_SetPrescaler)
    i.IWDG_SetReload                         0x080003a0   Section        0  hal_iwdg.o(i.IWDG_SetReload)
    i.IWDG_WriteAccessCmd                    0x080003b4   Section        0  hal_iwdg.o(i.IWDG_WriteAccessCmd)
    i.KEY_Init                               0x080003c0   Section        0  key.o(i.KEY_Init)
    i.LEDDisp                                0x0800040c   Section        0  led.o(i.LEDDisp)
    i.LED_Init                               0x0800055c   Section        0  led.o(i.LED_Init)
    i.PVU_CheckStatus                        0x080005f4   Section        0  hal_iwdg.o(i.PVU_CheckStatus)
    i.RCC_AHBPeriphClockCmd                  0x08000604   Section        0  hal_rcc.o(i.RCC_AHBPeriphClockCmd)
    i.RCC_ClearFlag                          0x08000624   Section        0  hal_rcc.o(i.RCC_ClearFlag)
    i.RCC_GetFlagStatus                      0x08000638   Section        0  hal_rcc.o(i.RCC_GetFlagStatus)
    i.RCC_LSICmd                             0x08000670   Section        0  hal_rcc.o(i.RCC_LSICmd)
    i.RVU_CheckStatus                        0x08000684   Section        0  hal_iwdg.o(i.RVU_CheckStatus)
    i.SetSysClock                            0x08000694   Section        0  system_mm32spin06xx_s.o(i.SetSysClock)
    SetSysClock                              0x08000695   Thumb Code     8  system_mm32spin06xx_s.o(i.SetSysClock)
    i.SetSysClockToXX_HSI                    0x0800069c   Section        0  system_mm32spin06xx_s.o(i.SetSysClockToXX_HSI)
    SetSysClockToXX_HSI                      0x0800069d   Thumb Code   276  system_mm32spin06xx_s.o(i.SetSysClockToXX_HSI)
    i.SysTick_Handler                        0x080007cc   Section        0  delay.o(i.SysTick_Handler)
    i.SystemInit                             0x080007f0   Section        0  system_mm32spin06xx_s.o(i.SystemInit)
    i.TestLED                                0x0800085c   Section        0  led.o(i.TestLED)
    i.WriteLedPort                           0x0800089c   Section        0  led.o(i.WriteLedPort)
    i.__ARM_common_switch8                   0x080008dc   Section        0  led.o(i.__ARM_common_switch8)
    i.__NVIC_SetPriority                     0x080008f8   Section        0  delay.o(i.__NVIC_SetPriority)
    __NVIC_SetPriority                       0x080008f9   Thumb Code   110  delay.o(i.__NVIC_SetPriority)
    i.__scatterload_copy                     0x08000970   Section       14  handlers.o(i.__scatterload_copy)
    i.__scatterload_null                     0x0800097e   Section        2  handlers.o(i.__scatterload_null)
    i.__scatterload_zeroinit                 0x08000980   Section       14  handlers.o(i.__scatterload_zeroinit)
    i.main                                   0x0800098e   Section        0  main.o(i.main)
    .constdata                               0x080009a6   Section       29  led.o(.constdata)
    smg                                      0x080009a6   Data          29  led.o(.constdata)
    .data                                    0x20000000   Section       20  system_mm32spin06xx_s.o(.data)
    .data                                    0x20000014   Section        6  led.o(.data)
    LEDTICK                                  0x20000019   Data           1  led.o(.data)
    .data                                    0x2000001c   Section        8  main.o(.data)
    STACK                                    0x20000028   Section     1024  startup_mm32spin06xx_s_keil.o(STACK)

    Global Symbols

    Symbol Name                              Value     Ov Type        Size  Object(Section)

    BuildAttributes$$THM_ISAv3M$S$PE$A:L22$X:L11$S22$IEEE1$IW$USESV6$~STKCKD$USESV7$~SHL$OSPACE$EBA8$MICROLIB$REQ8$PRES8$EABIv2 0x00000000   Number         0  anon$$obj.o ABSOLUTE
    __ARM_use_no_argv                        0x00000000   Number         0  main.o ABSOLUTE
    __cpp_initialize__aeabi_                  - Undefined Weak Reference
    __cxa_finalize                            - Undefined Weak Reference
    __decompress                              - Undefined Weak Reference
    _clock_init                               - Undefined Weak Reference
    _microlib_exit                            - Undefined Weak Reference
    __Vectors_Size                           0x000000c0   Number         0  startup_mm32spin06xx_s_keil.o ABSOLUTE
    __Vectors                                0x08000000   Data           4  startup_mm32spin06xx_s_keil.o(RESET)
    __Vectors_End                            0x080000c0   Data           0  startup_mm32spin06xx_s_keil.o(RESET)
    __main                                   0x080000c1   Thumb Code     0  entry.o(.ARM.Collect$$$$00000000)
    _main_stk                                0x080000c1   Thumb Code     0  entry2.o(.ARM.Collect$$$$00000001)
    _main_scatterload                        0x080000c5   Thumb Code     0  entry5.o(.ARM.Collect$$$$00000004)
    __main_after_scatterload                 0x080000c9   Thumb Code     0  entry5.o(.ARM.Collect$$$$00000004)
    _main_clock                              0x080000c9   Thumb Code     0  entry7b.o(.ARM.Collect$$$$00000008)
    _main_cpp_init                           0x080000c9   Thumb Code     0  entry8b.o(.ARM.Collect$$$$0000000A)
    _main_init                               0x080000c9   Thumb Code     0  entry9a.o(.ARM.Collect$$$$0000000B)
    __rt_final_cpp                           0x080000d1   Thumb Code     0  entry10a.o(.ARM.Collect$$$$0000000D)
    __rt_final_exit                          0x080000d1   Thumb Code     0  entry11a.o(.ARM.Collect$$$$0000000F)
    Reset_Handler                            0x080000d5   Thumb Code    44  startup_mm32spin06xx_s_keil.o(.text)
    NMI_Handler                              0x08000101   Thumb Code     2  startup_mm32spin06xx_s_keil.o(.text)
    HardFault_Handler                        0x08000103   Thumb Code     2  startup_mm32spin06xx_s_keil.o(.text)
    SVC_Handler                              0x08000105   Thumb Code     2  startup_mm32spin06xx_s_keil.o(.text)
    PendSV_Handler                           0x08000107   Thumb Code     2  startup_mm32spin06xx_s_keil.o(.text)
    ADC1_COMP_IRQHandler                     0x0800010b   Thumb Code     0  startup_mm32spin06xx_s_keil.o(.text)
    CAN_IRQHandler                           0x0800010b   Thumb Code     0  startup_mm32spin06xx_s_keil.o(.text)
    DMA1_Channel1_IRQHandler                 0x0800010b   Thumb Code     0  startup_mm32spin06xx_s_keil.o(.text)
    DMA1_Channel2_3_IRQHandler               0x0800010b   Thumb Code     0  startup_mm32spin06xx_s_keil.o(.text)
    DMA1_Channel4_5_IRQHandler               0x0800010b   Thumb Code     0  startup_mm32spin06xx_s_keil.o(.text)
    EXTI0_1_IRQHandler                       0x0800010b   Thumb Code     0  startup_mm32spin06xx_s_keil.o(.text)
    EXTI2_3_IRQHandler                       0x0800010b   Thumb Code     0  startup_mm32spin06xx_s_keil.o(.text)
    EXTI4_15_IRQHandler                      0x0800010b   Thumb Code     0  startup_mm32spin06xx_s_keil.o(.text)
    FLASH_IRQHandler                         0x0800010b   Thumb Code     0  startup_mm32spin06xx_s_keil.o(.text)
    HWDIV_IRQHandler                         0x0800010b   Thumb Code     0  startup_mm32spin06xx_s_keil.o(.text)
    I2C1_IRQHandler                          0x0800010b   Thumb Code     0  startup_mm32spin06xx_s_keil.o(.text)
    PVD_IRQHandler                           0x0800010b   Thumb Code     0  startup_mm32spin06xx_s_keil.o(.text)
    RCC_CRS_IRQHandler                       0x0800010b   Thumb Code     0  startup_mm32spin06xx_s_keil.o(.text)
    RTC_BKP_IRQHandler                       0x0800010b   Thumb Code     0  startup_mm32spin06xx_s_keil.o(.text)
    SPI1_IRQHandler                          0x0800010b   Thumb Code     0  startup_mm32spin06xx_s_keil.o(.text)
    SPI2_IRQHandler                          0x0800010b   Thumb Code     0  startup_mm32spin06xx_s_keil.o(.text)
    TIM14_IRQHandler                         0x0800010b   Thumb Code     0  startup_mm32spin06xx_s_keil.o(.text)
    TIM16_IRQHandler                         0x0800010b   Thumb Code     0  startup_mm32spin06xx_s_keil.o(.text)
    TIM17_IRQHandler                         0x0800010b   Thumb Code     0  startup_mm32spin06xx_s_keil.o(.text)
    TIM1_BRK_UP_TRG_COM_IRQHandler           0x0800010b   Thumb Code     0  startup_mm32spin06xx_s_keil.o(.text)
    TIM1_CC_IRQHandler                       0x0800010b   Thumb Code     0  startup_mm32spin06xx_s_keil.o(.text)
    TIM2_IRQHandler                          0x0800010b   Thumb Code     0  startup_mm32spin06xx_s_keil.o(.text)
    TIM3_IRQHandler                          0x0800010b   Thumb Code     0  startup_mm32spin06xx_s_keil.o(.text)
    UART1_IRQHandler                         0x0800010b   Thumb Code     0  startup_mm32spin06xx_s_keil.o(.text)
    UART2_IRQHandler                         0x0800010b   Thumb Code     0  startup_mm32spin06xx_s_keil.o(.text)
    WWDG_IRQHandler                          0x0800010b   Thumb Code     0  startup_mm32spin06xx_s_keil.o(.text)
    __aeabi_uidiv                            0x08000135   Thumb Code     0  uidiv.o(.text)
    __aeabi_uidivmod                         0x08000135   Thumb Code    44  uidiv.o(.text)
    __scatterload                            0x08000161   Thumb Code    28  init.o(.text)
    __scatterload_rt2                        0x08000161   Thumb Code     0  init.o(.text)
    AutoCalPllFactor                         0x08000185   Thumb Code   106  system_mm32spin06xx_s.o(i.AutoCalPllFactor)
    DELAY_Init                               0x080001f1   Thumb Code    72  delay.o(i.DELAY_Init)
    GPIO_Init                                0x08000245   Thumb Code   154  hal_gpio.o(i.GPIO_Init)
    GPIO_ResetBits                           0x080002df   Thumb Code     4  hal_gpio.o(i.GPIO_ResetBits)
    GPIO_SetBits                             0x080002e3   Thumb Code     4  hal_gpio.o(i.GPIO_SetBits)
    GPIO_WriteBit                            0x080002e7   Thumb Code    12  hal_gpio.o(i.GPIO_WriteBit)
    IWDG_Enable                              0x080002f5   Thumb Code     8  hal_iwdg.o(i.IWDG_Enable)
    IWDG_GetFlagStatus                       0x08000305   Thumb Code    20  hal_iwdg.o(i.IWDG_GetFlagStatus)
    IWDG_Init                                0x0800031d   Thumb Code    82  bsp_iwdg.o(i.IWDG_Init)
    IWDG_ReloadCounter                       0x0800037d   Thumb Code     8  hal_iwdg.o(i.IWDG_ReloadCounter)
    IWDG_SetPrescaler                        0x0800038d   Thumb Code    14  hal_iwdg.o(i.IWDG_SetPrescaler)
    IWDG_SetReload                           0x080003a1   Thumb Code    14  hal_iwdg.o(i.IWDG_SetReload)
    IWDG_WriteAccessCmd                      0x080003b5   Thumb Code     6  hal_iwdg.o(i.IWDG_WriteAccessCmd)
    KEY_Init                                 0x080003c1   Thumb Code    72  key.o(i.KEY_Init)
    LEDDisp                                  0x0800040d   Thumb Code   316  led.o(i.LEDDisp)
    LED_Init                                 0x0800055d   Thumb Code   144  led.o(i.LED_Init)
    PVU_CheckStatus                          0x080005f5   Thumb Code    16  hal_iwdg.o(i.PVU_CheckStatus)
    RCC_AHBPeriphClockCmd                    0x08000605   Thumb Code    28  hal_rcc.o(i.RCC_AHBPeriphClockCmd)
    RCC_ClearFlag                            0x08000625   Thumb Code    16  hal_rcc.o(i.RCC_ClearFlag)
    RCC_GetFlagStatus                        0x08000639   Thumb Code    52  hal_rcc.o(i.RCC_GetFlagStatus)
    RCC_LSICmd                               0x08000671   Thumb Code    16  hal_rcc.o(i.RCC_LSICmd)
    RVU_CheckStatus                          0x08000685   Thumb Code    16  hal_iwdg.o(i.RVU_CheckStatus)
    SysTick_Handler                          0x080007cd   Thumb Code    28  delay.o(i.SysTick_Handler)
    SystemInit                               0x080007f1   Thumb Code    90  system_mm32spin06xx_s.o(i.SystemInit)
    TestLED                                  0x0800085d   Thumb Code    56  led.o(i.TestLED)
    WriteLedPort                             0x0800089d   Thumb Code    60  led.o(i.WriteLedPort)
    __ARM_common_switch8                     0x080008dd   Thumb Code    28  led.o(i.__ARM_common_switch8)
    __scatterload_copy                       0x08000971   Thumb Code    14  handlers.o(i.__scatterload_copy)
    __scatterload_null                       0x0800097f   Thumb Code     2  handlers.o(i.__scatterload_null)
    __scatterload_zeroinit                   0x08000981   Thumb Code    14  handlers.o(i.__scatterload_zeroinit)
    main                                     0x0800098f   Thumb Code    24  main.o(i.main)
    Region$$Table$$Base                      0x080009c4   Number         0  anon$$obj.o(Region$$Table)
    Region$$Table$$Limit                     0x080009e4   Number         0  anon$$obj.o(Region$$Table)
    SystemCoreClock                          0x20000000   Data           4  system_mm32spin06xx_s.o(.data)
    AHBPrescTable                            0x20000004   Data          16  system_mm32spin06xx_s.o(.data)
    LED_Buff                                 0x20000014   Data           5  led.o(.data)
    systemtick                               0x2000001c   Data           4  main.o(.data)
    TestDlyCnt                               0x20000020   Data           4  main.o(.data)
    __initial_sp                             0x20000428   Data           0  startup_mm32spin06xx_s_keil.o(STACK)



==============================================================================

Memory Map of the image

  Image Entry point : 0x080000c1

  Load Region LR_IROM1 (Base: 0x08000000, Size: 0x00000a08, Max: 0x00010000, ABSOLUTE)

    Execution Region ER_IROM1 (Exec base: 0x08000000, Load base: 0x08000000, Size: 0x000009e4, Max: 0x00010000, ABSOLUTE)

    Exec Addr    Load Addr    Size         Type   Attr      Idx    E Section Name        Object

    0x08000000   0x08000000   0x000000c0   Data   RO          135    RESET               startup_mm32spin06xx_s_keil.o
    0x080000c0   0x080000c0   0x00000000   Code   RO         3620  * .ARM.Collect$$$$00000000  mc_p.l(entry.o)
    0x080000c0   0x080000c0   0x00000004   Code   RO         3631    .ARM.Collect$$$$00000001  mc_p.l(entry2.o)
    0x080000c4   0x080000c4   0x00000004   Code   RO         3634    .ARM.Collect$$$$00000004  mc_p.l(entry5.o)
    0x080000c8   0x080000c8   0x00000000   Code   RO         3636    .ARM.Collect$$$$00000008  mc_p.l(entry7b.o)
    0x080000c8   0x080000c8   0x00000000   Code   RO         3638    .ARM.Collect$$$$0000000A  mc_p.l(entry8b.o)
    0x080000c8   0x080000c8   0x00000008   Code   RO         3639    .ARM.Collect$$$$0000000B  mc_p.l(entry9a.o)
    0x080000d0   0x080000d0   0x00000000   Code   RO         3641    .ARM.Collect$$$$0000000D  mc_p.l(entry10a.o)
    0x080000d0   0x080000d0   0x00000000   Code   RO         3643    .ARM.Collect$$$$0000000F  mc_p.l(entry11a.o)
    0x080000d0   0x080000d0   0x00000004   Code   RO         3632    .ARM.Collect$$$$00002712  mc_p.l(entry2.o)
    0x080000d4   0x080000d4   0x00000060   Code   RO          136    .text               startup_mm32spin06xx_s_keil.o
    0x08000134   0x08000134   0x0000002c   Code   RO         3623    .text               mc_p.l(uidiv.o)
    0x08000160   0x08000160   0x00000024   Code   RO         3645    .text               mc_p.l(init.o)
    0x08000184   0x08000184   0x0000006a   Code   RO            3    i.AutoCalPllFactor  system_mm32spin06xx_s.o
    0x080001ee   0x080001ee   0x00000002   PAD
    0x080001f0   0x080001f0   0x00000054   Code   RO          364    i.DELAY_Init        delay.o
    0x08000244   0x08000244   0x0000009a   Code   RO         1691    i.GPIO_Init         hal_gpio.o
    0x080002de   0x080002de   0x00000004   Code   RO         1699    i.GPIO_ResetBits    hal_gpio.o
    0x080002e2   0x080002e2   0x00000004   Code   RO         1700    i.GPIO_SetBits      hal_gpio.o
    0x080002e6   0x080002e6   0x0000000c   Code   RO         1703    i.GPIO_WriteBit     hal_gpio.o
    0x080002f2   0x080002f2   0x00000002   PAD
    0x080002f4   0x080002f4   0x00000010   Code   RO         1974    i.IWDG_Enable       hal_iwdg.o
    0x08000304   0x08000304   0x00000018   Code   RO         1976    i.IWDG_GetFlagStatus  hal_iwdg.o
    0x0800031c   0x0800031c   0x00000060   Code   RO          538    i.IWDG_Init         bsp_iwdg.o
    0x0800037c   0x0800037c   0x00000010   Code   RO         1979    i.IWDG_ReloadCounter  hal_iwdg.o
    0x0800038c   0x0800038c   0x00000014   Code   RO         1981    i.IWDG_SetPrescaler  hal_iwdg.o
    0x080003a0   0x080003a0   0x00000014   Code   RO         1982    i.IWDG_SetReload    hal_iwdg.o
    0x080003b4   0x080003b4   0x0000000c   Code   RO         1983    i.IWDG_WriteAccessCmd  hal_iwdg.o
    0x080003c0   0x080003c0   0x0000004c   Code   RO          142    i.KEY_Init          key.o
    0x0800040c   0x0800040c   0x00000150   Code   RO          316    i.LEDDisp           led.o
    0x0800055c   0x0800055c   0x00000098   Code   RO          317    i.LED_Init          led.o
    0x080005f4   0x080005f4   0x00000010   Code   RO         1984    i.PVU_CheckStatus   hal_iwdg.o
    0x08000604   0x08000604   0x00000020   Code   RO         2186    i.RCC_AHBPeriphClockCmd  hal_rcc.o
    0x08000624   0x08000624   0x00000014   Code   RO         2193    i.RCC_ClearFlag     hal_rcc.o
    0x08000638   0x08000638   0x00000038   Code   RO         2198    i.RCC_GetFlagStatus  hal_rcc.o
    0x08000670   0x08000670   0x00000014   Code   RO         2210    i.RCC_LSICmd        hal_rcc.o
    0x08000684   0x08000684   0x00000010   Code   RO         1985    i.RVU_CheckStatus   hal_iwdg.o
    0x08000694   0x08000694   0x00000008   Code   RO            4    i.SetSysClock       system_mm32spin06xx_s.o
    0x0800069c   0x0800069c   0x00000130   Code   RO            5    i.SetSysClockToXX_HSI  system_mm32spin06xx_s.o
    0x080007cc   0x080007cc   0x00000024   Code   RO          366    i.SysTick_Handler   delay.o
    0x080007f0   0x080007f0   0x0000006c   Code   RO            6    i.SystemInit        system_mm32spin06xx_s.o
    0x0800085c   0x0800085c   0x00000040   Code   RO          318    i.TestLED           led.o
    0x0800089c   0x0800089c   0x00000040   Code   RO          319    i.WriteLedPort      led.o
    0x080008dc   0x080008dc   0x0000001c   Code   RO          353    i.__ARM_common_switch8  led.o
    0x080008f8   0x080008f8   0x00000078   Code   RO          367    i.__NVIC_SetPriority  delay.o
    0x08000970   0x08000970   0x0000000e   Code   RO         3649    i.__scatterload_copy  mc_p.l(handlers.o)
    0x0800097e   0x0800097e   0x00000002   Code   RO         3650    i.__scatterload_null  mc_p.l(handlers.o)
    0x08000980   0x08000980   0x0000000e   Code   RO         3651    i.__scatterload_zeroinit  mc_p.l(handlers.o)
    0x0800098e   0x0800098e   0x00000018   Code   RO          504    i.main              main.o
    0x080009a6   0x080009a6   0x0000001d   Data   RO          320    .constdata          led.o
    0x080009c3   0x080009c3   0x00000001   PAD
    0x080009c4   0x080009c4   0x00000020   Data   RO         3647    Region$$Table       anon$$obj.o


    Execution Region RW_IRAM1 (Exec base: 0x20000000, Load base: 0x080009e4, Size: 0x00000428, Max: 0x00002000, ABSOLUTE)

    Exec Addr    Load Addr    Size         Type   Attr      Idx    E Section Name        Object

    0x20000000   0x080009e4   0x00000014   Data   RW            7    .data               system_mm32spin06xx_s.o
    0x20000014   0x080009f8   0x00000006   Data   RW          321    .data               led.o
    0x2000001a   0x080009fe   0x00000002   PAD
    0x2000001c   0x08000a00   0x00000008   Data   RW          505    .data               main.o
    0x20000024   0x08000a08   0x00000004   PAD
    0x20000028        -       0x00000400   Zero   RW          133    STACK               startup_mm32spin06xx_s_keil.o


==============================================================================

Image component sizes


      Code (inc. data)   RO Data    RW Data    ZI Data      Debug   Object Name

        96         14          0          0          0        456   bsp_iwdg.o
       240         30          0          0          0       8419   delay.o
       174          0          0          0          0       4756   hal_gpio.o
       140         38          0          0          0       3963   hal_iwdg.o
       128         16          0          0          0       4605   hal_rcc.o
        76          4          0          0          0       4167   key.o
       644         48         29          6          0       2826   led.o
        24          0          0          8          0        667   main.o
        96         40        192          0       1024        700   startup_mm32spin06xx_s_keil.o
       526         46          0         20          0      42548   system_mm32spin06xx_s.o

    ----------------------------------------------------------------------
      2148        236        254         36       1028      73107   Object Totals
         0          0         32          0          0          0   (incl. Generated)
         4          0          1          2          4          0   (incl. Padding)

    ----------------------------------------------------------------------

      Code (inc. data)   RO Data    RW Data    ZI Data      Debug   Library Member Name

         0          0          0          0          0          0   entry.o
         0          0          0          0          0          0   entry10a.o
         0          0          0          0          0          0   entry11a.o
         8          4          0          0          0          0   entry2.o
         4          0          0          0          0          0   entry5.o
         0          0          0          0          0          0   entry7b.o
         0          0          0          0          0          0   entry8b.o
         8          4          0          0          0          0   entry9a.o
        30          0          0          0          0          0   handlers.o
        36          8          0          0          0         68   init.o
        44          0          0          0          0         72   uidiv.o

    ----------------------------------------------------------------------
       130         16          0          0          0        140   Library Totals
         0          0          0          0          0          0   (incl. Padding)

    ----------------------------------------------------------------------

      Code (inc. data)   RO Data    RW Data    ZI Data      Debug   Library Name

       130         16          0          0          0        140   mc_p.l

    ----------------------------------------------------------------------
       130         16          0          0          0        140   Library Totals

    ----------------------------------------------------------------------

==============================================================================


      Code (inc. data)   RO Data    RW Data    ZI Data      Debug   

      2278        252        254         36       1028      72167   Grand Totals
      2278        252        254         36       1028      72167   ELF Image Totals
      2278        252        254         36          0          0   ROM Totals

==============================================================================

    Total RO  Size (Code + RO Data)                 2532 (   2.47kB)
    Total RW  Size (RW Data + ZI Data)              1064 (   1.04kB)
    Total ROM Size (Code + RO Data + RW Data)       2568 (   2.51kB)

==============================================================================

