<!doctype html public "-//w3c//dtd html 4.0 transitional//en">
<html><head>
<title>Static Call Graph - [.\OBJ\MBOUT.axf]</title></head>
<body><HR>
<H1>Static Call Graph for image .\OBJ\MBOUT.axf</H1><HR>
<BR><P>#&#060CALLGRAPH&#062# ARM Linker, 5060750: Last Updated: Thu Mar 23 09:26:59 2023
<BR><P>
<H3>Maximum Stack Usage =         92 bytes + Unknown(Cycles, Untraceable Function Pointers)</H3><H3>
Call chain for Maximum Stack Depth:</H3>
SystemInit &rArr; SetSysClock &rArr; SetSysClockToXX_HSI &rArr; AutoCalPllFactor &rArr; __aeabi_uidivmod
<P>
<H3>
Mutually Recursive functions
</H3> <LI><a href="#[1]">NMI_Handler</a>&nbsp;&nbsp;&nbsp;&rArr;&nbsp;&nbsp;&nbsp;<a href="#[1]">NMI_Handler</a><BR>
 <LI><a href="#[2]">HardFault_Handler</a>&nbsp;&nbsp;&nbsp;&rArr;&nbsp;&nbsp;&nbsp;<a href="#[2]">HardFault_Handler</a><BR>
 <LI><a href="#[3]">SVC_Handler</a>&nbsp;&nbsp;&nbsp;&rArr;&nbsp;&nbsp;&nbsp;<a href="#[3]">SVC_Handler</a><BR>
 <LI><a href="#[4]">PendSV_Handler</a>&nbsp;&nbsp;&nbsp;&rArr;&nbsp;&nbsp;&nbsp;<a href="#[4]">PendSV_Handler</a><BR>
 <LI><a href="#[12]">ADC1_COMP_IRQHandler</a>&nbsp;&nbsp;&nbsp;&rArr;&nbsp;&nbsp;&nbsp;<a href="#[12]">ADC1_COMP_IRQHandler</a><BR>
</UL>
<P>
<H3>
Function Pointers
</H3><UL>
 <LI><a href="#[12]">ADC1_COMP_IRQHandler</a> from startup_mm32spin06xx_s_keil.o(.text) referenced from startup_mm32spin06xx_s_keil.o(RESET)
 <LI><a href="#[1f]">CAN_IRQHandler</a> from startup_mm32spin06xx_s_keil.o(.text) referenced from startup_mm32spin06xx_s_keil.o(RESET)
 <LI><a href="#[f]">DMA1_Channel1_IRQHandler</a> from startup_mm32spin06xx_s_keil.o(.text) referenced from startup_mm32spin06xx_s_keil.o(RESET)
 <LI><a href="#[10]">DMA1_Channel2_3_IRQHandler</a> from startup_mm32spin06xx_s_keil.o(.text) referenced from startup_mm32spin06xx_s_keil.o(RESET)
 <LI><a href="#[11]">DMA1_Channel4_5_IRQHandler</a> from startup_mm32spin06xx_s_keil.o(.text) referenced from startup_mm32spin06xx_s_keil.o(RESET)
 <LI><a href="#[b]">EXTI0_1_IRQHandler</a> from startup_mm32spin06xx_s_keil.o(.text) referenced from startup_mm32spin06xx_s_keil.o(RESET)
 <LI><a href="#[c]">EXTI2_3_IRQHandler</a> from startup_mm32spin06xx_s_keil.o(.text) referenced from startup_mm32spin06xx_s_keil.o(RESET)
 <LI><a href="#[d]">EXTI4_15_IRQHandler</a> from startup_mm32spin06xx_s_keil.o(.text) referenced from startup_mm32spin06xx_s_keil.o(RESET)
 <LI><a href="#[9]">FLASH_IRQHandler</a> from startup_mm32spin06xx_s_keil.o(.text) referenced from startup_mm32spin06xx_s_keil.o(RESET)
 <LI><a href="#[e]">HWDIV_IRQHandler</a> from startup_mm32spin06xx_s_keil.o(.text) referenced from startup_mm32spin06xx_s_keil.o(RESET)
 <LI><a href="#[2]">HardFault_Handler</a> from startup_mm32spin06xx_s_keil.o(.text) referenced from startup_mm32spin06xx_s_keil.o(RESET)
 <LI><a href="#[1a]">I2C1_IRQHandler</a> from startup_mm32spin06xx_s_keil.o(.text) referenced from startup_mm32spin06xx_s_keil.o(RESET)
 <LI><a href="#[1]">NMI_Handler</a> from startup_mm32spin06xx_s_keil.o(.text) referenced from startup_mm32spin06xx_s_keil.o(RESET)
 <LI><a href="#[7]">PVD_IRQHandler</a> from startup_mm32spin06xx_s_keil.o(.text) referenced from startup_mm32spin06xx_s_keil.o(RESET)
 <LI><a href="#[4]">PendSV_Handler</a> from startup_mm32spin06xx_s_keil.o(.text) referenced from startup_mm32spin06xx_s_keil.o(RESET)
 <LI><a href="#[a]">RCC_CRS_IRQHandler</a> from startup_mm32spin06xx_s_keil.o(.text) referenced from startup_mm32spin06xx_s_keil.o(RESET)
 <LI><a href="#[8]">RTC_BKP_IRQHandler</a> from startup_mm32spin06xx_s_keil.o(.text) referenced from startup_mm32spin06xx_s_keil.o(RESET)
 <LI><a href="#[0]">Reset_Handler</a> from startup_mm32spin06xx_s_keil.o(.text) referenced from startup_mm32spin06xx_s_keil.o(RESET)
 <LI><a href="#[1b]">SPI1_IRQHandler</a> from startup_mm32spin06xx_s_keil.o(.text) referenced from startup_mm32spin06xx_s_keil.o(RESET)
 <LI><a href="#[1c]">SPI2_IRQHandler</a> from startup_mm32spin06xx_s_keil.o(.text) referenced from startup_mm32spin06xx_s_keil.o(RESET)
 <LI><a href="#[3]">SVC_Handler</a> from startup_mm32spin06xx_s_keil.o(.text) referenced from startup_mm32spin06xx_s_keil.o(RESET)
 <LI><a href="#[5]">SysTick_Handler</a> from delay.o(i.SysTick_Handler) referenced from startup_mm32spin06xx_s_keil.o(RESET)
 <LI><a href="#[21]">SystemInit</a> from system_mm32spin06xx_s.o(i.SystemInit) referenced from startup_mm32spin06xx_s_keil.o(.text)
 <LI><a href="#[17]">TIM14_IRQHandler</a> from startup_mm32spin06xx_s_keil.o(.text) referenced from startup_mm32spin06xx_s_keil.o(RESET)
 <LI><a href="#[18]">TIM16_IRQHandler</a> from startup_mm32spin06xx_s_keil.o(.text) referenced from startup_mm32spin06xx_s_keil.o(RESET)
 <LI><a href="#[19]">TIM17_IRQHandler</a> from startup_mm32spin06xx_s_keil.o(.text) referenced from startup_mm32spin06xx_s_keil.o(RESET)
 <LI><a href="#[13]">TIM1_BRK_UP_TRG_COM_IRQHandler</a> from startup_mm32spin06xx_s_keil.o(.text) referenced from startup_mm32spin06xx_s_keil.o(RESET)
 <LI><a href="#[14]">TIM1_CC_IRQHandler</a> from startup_mm32spin06xx_s_keil.o(.text) referenced from startup_mm32spin06xx_s_keil.o(RESET)
 <LI><a href="#[15]">TIM2_IRQHandler</a> from startup_mm32spin06xx_s_keil.o(.text) referenced from startup_mm32spin06xx_s_keil.o(RESET)
 <LI><a href="#[16]">TIM3_IRQHandler</a> from startup_mm32spin06xx_s_keil.o(.text) referenced from startup_mm32spin06xx_s_keil.o(RESET)
 <LI><a href="#[1d]">UART1_IRQHandler</a> from startup_mm32spin06xx_s_keil.o(.text) referenced from startup_mm32spin06xx_s_keil.o(RESET)
 <LI><a href="#[1e]">UART2_IRQHandler</a> from startup_mm32spin06xx_s_keil.o(.text) referenced from startup_mm32spin06xx_s_keil.o(RESET)
 <LI><a href="#[6]">WWDG_IRQHandler</a> from startup_mm32spin06xx_s_keil.o(.text) referenced from startup_mm32spin06xx_s_keil.o(RESET)
 <LI><a href="#[22]">__main</a> from entry.o(.ARM.Collect$$$$00000000) referenced from startup_mm32spin06xx_s_keil.o(.text)
 <LI><a href="#[20]">main</a> from main.o(i.main) referenced from entry9a.o(.ARM.Collect$$$$0000000B)
</UL>
<P>
<H3>
Global Symbols
</H3>
<P><STRONG><a name="[22]"></a>__main</STRONG> (Thumb, 0 bytes, Stack size unknown bytes, entry.o(.ARM.Collect$$$$00000000))
<BR>[Address Reference Count : 1]<UL><LI> startup_mm32spin06xx_s_keil.o(.text)
</UL>
<P><STRONG><a name="[43]"></a>_main_stk</STRONG> (Thumb, 0 bytes, Stack size unknown bytes, entry2.o(.ARM.Collect$$$$00000001))

<P><STRONG><a name="[23]"></a>_main_scatterload</STRONG> (Thumb, 0 bytes, Stack size unknown bytes, entry5.o(.ARM.Collect$$$$00000004))
<BR><BR>[Calls]<UL><LI><a href="#[24]">&gt;&gt;</a>&nbsp;&nbsp;&nbsp;__scatterload
</UL>

<P><STRONG><a name="[25]"></a>__main_after_scatterload</STRONG> (Thumb, 0 bytes, Stack size unknown bytes, entry5.o(.ARM.Collect$$$$00000004))
<BR><BR>[Called By]<UL><LI><a href="#[24]">&gt;&gt;</a>&nbsp;&nbsp;&nbsp;__scatterload
</UL>

<P><STRONG><a name="[44]"></a>_main_clock</STRONG> (Thumb, 0 bytes, Stack size unknown bytes, entry7b.o(.ARM.Collect$$$$00000008))

<P><STRONG><a name="[45]"></a>_main_cpp_init</STRONG> (Thumb, 0 bytes, Stack size unknown bytes, entry8b.o(.ARM.Collect$$$$0000000A))

<P><STRONG><a name="[46]"></a>_main_init</STRONG> (Thumb, 0 bytes, Stack size unknown bytes, entry9a.o(.ARM.Collect$$$$0000000B))

<P><STRONG><a name="[47]"></a>__rt_final_cpp</STRONG> (Thumb, 0 bytes, Stack size unknown bytes, entry10a.o(.ARM.Collect$$$$0000000D))

<P><STRONG><a name="[48]"></a>__rt_final_exit</STRONG> (Thumb, 0 bytes, Stack size unknown bytes, entry11a.o(.ARM.Collect$$$$0000000F))

<P><STRONG><a name="[0]"></a>Reset_Handler</STRONG> (Thumb, 44 bytes, Stack size 0 bytes, startup_mm32spin06xx_s_keil.o(.text))
<BR>[Address Reference Count : 1]<UL><LI> startup_mm32spin06xx_s_keil.o(RESET)
</UL>
<P><STRONG><a name="[1]"></a>NMI_Handler</STRONG> (Thumb, 2 bytes, Stack size 0 bytes, startup_mm32spin06xx_s_keil.o(.text))
<BR><BR>[Calls]<UL><LI><a href="#[1]">&gt;&gt;</a>&nbsp;&nbsp;&nbsp;NMI_Handler
</UL>
<BR>[Called By]<UL><LI><a href="#[1]">&gt;&gt;</a>&nbsp;&nbsp;&nbsp;NMI_Handler
</UL>
<BR>[Address Reference Count : 1]<UL><LI> startup_mm32spin06xx_s_keil.o(RESET)
</UL>
<P><STRONG><a name="[2]"></a>HardFault_Handler</STRONG> (Thumb, 2 bytes, Stack size 0 bytes, startup_mm32spin06xx_s_keil.o(.text))
<BR><BR>[Calls]<UL><LI><a href="#[2]">&gt;&gt;</a>&nbsp;&nbsp;&nbsp;HardFault_Handler
</UL>
<BR>[Called By]<UL><LI><a href="#[2]">&gt;&gt;</a>&nbsp;&nbsp;&nbsp;HardFault_Handler
</UL>
<BR>[Address Reference Count : 1]<UL><LI> startup_mm32spin06xx_s_keil.o(RESET)
</UL>
<P><STRONG><a name="[3]"></a>SVC_Handler</STRONG> (Thumb, 2 bytes, Stack size 0 bytes, startup_mm32spin06xx_s_keil.o(.text))
<BR><BR>[Calls]<UL><LI><a href="#[3]">&gt;&gt;</a>&nbsp;&nbsp;&nbsp;SVC_Handler
</UL>
<BR>[Called By]<UL><LI><a href="#[3]">&gt;&gt;</a>&nbsp;&nbsp;&nbsp;SVC_Handler
</UL>
<BR>[Address Reference Count : 1]<UL><LI> startup_mm32spin06xx_s_keil.o(RESET)
</UL>
<P><STRONG><a name="[4]"></a>PendSV_Handler</STRONG> (Thumb, 2 bytes, Stack size 0 bytes, startup_mm32spin06xx_s_keil.o(.text))
<BR><BR>[Calls]<UL><LI><a href="#[4]">&gt;&gt;</a>&nbsp;&nbsp;&nbsp;PendSV_Handler
</UL>
<BR>[Called By]<UL><LI><a href="#[4]">&gt;&gt;</a>&nbsp;&nbsp;&nbsp;PendSV_Handler
</UL>
<BR>[Address Reference Count : 1]<UL><LI> startup_mm32spin06xx_s_keil.o(RESET)
</UL>
<P><STRONG><a name="[12]"></a>ADC1_COMP_IRQHandler</STRONG> (Thumb, 0 bytes, Stack size 0 bytes, startup_mm32spin06xx_s_keil.o(.text))
<BR><BR>[Calls]<UL><LI><a href="#[12]">&gt;&gt;</a>&nbsp;&nbsp;&nbsp;ADC1_COMP_IRQHandler
</UL>
<BR>[Called By]<UL><LI><a href="#[12]">&gt;&gt;</a>&nbsp;&nbsp;&nbsp;ADC1_COMP_IRQHandler
</UL>
<BR>[Address Reference Count : 1]<UL><LI> startup_mm32spin06xx_s_keil.o(RESET)
</UL>
<P><STRONG><a name="[1f]"></a>CAN_IRQHandler</STRONG> (Thumb, 0 bytes, Stack size 0 bytes, startup_mm32spin06xx_s_keil.o(.text))
<BR>[Address Reference Count : 1]<UL><LI> startup_mm32spin06xx_s_keil.o(RESET)
</UL>
<P><STRONG><a name="[f]"></a>DMA1_Channel1_IRQHandler</STRONG> (Thumb, 0 bytes, Stack size 0 bytes, startup_mm32spin06xx_s_keil.o(.text))
<BR>[Address Reference Count : 1]<UL><LI> startup_mm32spin06xx_s_keil.o(RESET)
</UL>
<P><STRONG><a name="[10]"></a>DMA1_Channel2_3_IRQHandler</STRONG> (Thumb, 0 bytes, Stack size 0 bytes, startup_mm32spin06xx_s_keil.o(.text))
<BR>[Address Reference Count : 1]<UL><LI> startup_mm32spin06xx_s_keil.o(RESET)
</UL>
<P><STRONG><a name="[11]"></a>DMA1_Channel4_5_IRQHandler</STRONG> (Thumb, 0 bytes, Stack size 0 bytes, startup_mm32spin06xx_s_keil.o(.text))
<BR>[Address Reference Count : 1]<UL><LI> startup_mm32spin06xx_s_keil.o(RESET)
</UL>
<P><STRONG><a name="[b]"></a>EXTI0_1_IRQHandler</STRONG> (Thumb, 0 bytes, Stack size 0 bytes, startup_mm32spin06xx_s_keil.o(.text))
<BR>[Address Reference Count : 1]<UL><LI> startup_mm32spin06xx_s_keil.o(RESET)
</UL>
<P><STRONG><a name="[c]"></a>EXTI2_3_IRQHandler</STRONG> (Thumb, 0 bytes, Stack size 0 bytes, startup_mm32spin06xx_s_keil.o(.text))
<BR>[Address Reference Count : 1]<UL><LI> startup_mm32spin06xx_s_keil.o(RESET)
</UL>
<P><STRONG><a name="[d]"></a>EXTI4_15_IRQHandler</STRONG> (Thumb, 0 bytes, Stack size 0 bytes, startup_mm32spin06xx_s_keil.o(.text))
<BR>[Address Reference Count : 1]<UL><LI> startup_mm32spin06xx_s_keil.o(RESET)
</UL>
<P><STRONG><a name="[9]"></a>FLASH_IRQHandler</STRONG> (Thumb, 0 bytes, Stack size 0 bytes, startup_mm32spin06xx_s_keil.o(.text))
<BR>[Address Reference Count : 1]<UL><LI> startup_mm32spin06xx_s_keil.o(RESET)
</UL>
<P><STRONG><a name="[e]"></a>HWDIV_IRQHandler</STRONG> (Thumb, 0 bytes, Stack size 0 bytes, startup_mm32spin06xx_s_keil.o(.text))
<BR>[Address Reference Count : 1]<UL><LI> startup_mm32spin06xx_s_keil.o(RESET)
</UL>
<P><STRONG><a name="[1a]"></a>I2C1_IRQHandler</STRONG> (Thumb, 0 bytes, Stack size 0 bytes, startup_mm32spin06xx_s_keil.o(.text))
<BR>[Address Reference Count : 1]<UL><LI> startup_mm32spin06xx_s_keil.o(RESET)
</UL>
<P><STRONG><a name="[7]"></a>PVD_IRQHandler</STRONG> (Thumb, 0 bytes, Stack size 0 bytes, startup_mm32spin06xx_s_keil.o(.text))
<BR>[Address Reference Count : 1]<UL><LI> startup_mm32spin06xx_s_keil.o(RESET)
</UL>
<P><STRONG><a name="[a]"></a>RCC_CRS_IRQHandler</STRONG> (Thumb, 0 bytes, Stack size 0 bytes, startup_mm32spin06xx_s_keil.o(.text))
<BR>[Address Reference Count : 1]<UL><LI> startup_mm32spin06xx_s_keil.o(RESET)
</UL>
<P><STRONG><a name="[8]"></a>RTC_BKP_IRQHandler</STRONG> (Thumb, 0 bytes, Stack size 0 bytes, startup_mm32spin06xx_s_keil.o(.text))
<BR>[Address Reference Count : 1]<UL><LI> startup_mm32spin06xx_s_keil.o(RESET)
</UL>
<P><STRONG><a name="[1b]"></a>SPI1_IRQHandler</STRONG> (Thumb, 0 bytes, Stack size 0 bytes, startup_mm32spin06xx_s_keil.o(.text))
<BR>[Address Reference Count : 1]<UL><LI> startup_mm32spin06xx_s_keil.o(RESET)
</UL>
<P><STRONG><a name="[1c]"></a>SPI2_IRQHandler</STRONG> (Thumb, 0 bytes, Stack size 0 bytes, startup_mm32spin06xx_s_keil.o(.text))
<BR>[Address Reference Count : 1]<UL><LI> startup_mm32spin06xx_s_keil.o(RESET)
</UL>
<P><STRONG><a name="[17]"></a>TIM14_IRQHandler</STRONG> (Thumb, 0 bytes, Stack size 0 bytes, startup_mm32spin06xx_s_keil.o(.text))
<BR>[Address Reference Count : 1]<UL><LI> startup_mm32spin06xx_s_keil.o(RESET)
</UL>
<P><STRONG><a name="[18]"></a>TIM16_IRQHandler</STRONG> (Thumb, 0 bytes, Stack size 0 bytes, startup_mm32spin06xx_s_keil.o(.text))
<BR>[Address Reference Count : 1]<UL><LI> startup_mm32spin06xx_s_keil.o(RESET)
</UL>
<P><STRONG><a name="[19]"></a>TIM17_IRQHandler</STRONG> (Thumb, 0 bytes, Stack size 0 bytes, startup_mm32spin06xx_s_keil.o(.text))
<BR>[Address Reference Count : 1]<UL><LI> startup_mm32spin06xx_s_keil.o(RESET)
</UL>
<P><STRONG><a name="[13]"></a>TIM1_BRK_UP_TRG_COM_IRQHandler</STRONG> (Thumb, 0 bytes, Stack size 0 bytes, startup_mm32spin06xx_s_keil.o(.text))
<BR>[Address Reference Count : 1]<UL><LI> startup_mm32spin06xx_s_keil.o(RESET)
</UL>
<P><STRONG><a name="[14]"></a>TIM1_CC_IRQHandler</STRONG> (Thumb, 0 bytes, Stack size 0 bytes, startup_mm32spin06xx_s_keil.o(.text))
<BR>[Address Reference Count : 1]<UL><LI> startup_mm32spin06xx_s_keil.o(RESET)
</UL>
<P><STRONG><a name="[15]"></a>TIM2_IRQHandler</STRONG> (Thumb, 0 bytes, Stack size 0 bytes, startup_mm32spin06xx_s_keil.o(.text))
<BR>[Address Reference Count : 1]<UL><LI> startup_mm32spin06xx_s_keil.o(RESET)
</UL>
<P><STRONG><a name="[16]"></a>TIM3_IRQHandler</STRONG> (Thumb, 0 bytes, Stack size 0 bytes, startup_mm32spin06xx_s_keil.o(.text))
<BR>[Address Reference Count : 1]<UL><LI> startup_mm32spin06xx_s_keil.o(RESET)
</UL>
<P><STRONG><a name="[1d]"></a>UART1_IRQHandler</STRONG> (Thumb, 0 bytes, Stack size 0 bytes, startup_mm32spin06xx_s_keil.o(.text))
<BR>[Address Reference Count : 1]<UL><LI> startup_mm32spin06xx_s_keil.o(RESET)
</UL>
<P><STRONG><a name="[1e]"></a>UART2_IRQHandler</STRONG> (Thumb, 0 bytes, Stack size 0 bytes, startup_mm32spin06xx_s_keil.o(.text))
<BR>[Address Reference Count : 1]<UL><LI> startup_mm32spin06xx_s_keil.o(RESET)
</UL>
<P><STRONG><a name="[6]"></a>WWDG_IRQHandler</STRONG> (Thumb, 0 bytes, Stack size 0 bytes, startup_mm32spin06xx_s_keil.o(.text))
<BR>[Address Reference Count : 1]<UL><LI> startup_mm32spin06xx_s_keil.o(RESET)
</UL>
<P><STRONG><a name="[49]"></a>__aeabi_uidiv</STRONG> (Thumb, 0 bytes, Stack size 12 bytes, uidiv.o(.text), UNUSED)

<P><STRONG><a name="[27]"></a>__aeabi_uidivmod</STRONG> (Thumb, 44 bytes, Stack size 12 bytes, uidiv.o(.text))
<BR><BR>[Stack]<UL><LI>Max Depth = 12<LI>Call Chain = __aeabi_uidivmod
</UL>
<BR>[Called By]<UL><LI><a href="#[28]">&gt;&gt;</a>&nbsp;&nbsp;&nbsp;DELAY_Init
<LI><a href="#[26]">&gt;&gt;</a>&nbsp;&nbsp;&nbsp;AutoCalPllFactor
<LI><a href="#[40]">&gt;&gt;</a>&nbsp;&nbsp;&nbsp;SetSysClockToXX_HSI
</UL>

<P><STRONG><a name="[24]"></a>__scatterload</STRONG> (Thumb, 28 bytes, Stack size 0 bytes, init.o(.text))
<BR><BR>[Calls]<UL><LI><a href="#[25]">&gt;&gt;</a>&nbsp;&nbsp;&nbsp;__main_after_scatterload
</UL>
<BR>[Called By]<UL><LI><a href="#[23]">&gt;&gt;</a>&nbsp;&nbsp;&nbsp;_main_scatterload
</UL>

<P><STRONG><a name="[4a]"></a>__scatterload_rt2</STRONG> (Thumb, 0 bytes, Stack size 0 bytes, init.o(.text), UNUSED)

<P><STRONG><a name="[26]"></a>AutoCalPllFactor</STRONG> (Thumb, 106 bytes, Stack size 48 bytes, system_mm32spin06xx_s.o(i.AutoCalPllFactor))
<BR><BR>[Stack]<UL><LI>Max Depth = 60<LI>Call Chain = AutoCalPllFactor &rArr; __aeabi_uidivmod
</UL>
<BR>[Calls]<UL><LI><a href="#[27]">&gt;&gt;</a>&nbsp;&nbsp;&nbsp;__aeabi_uidivmod
</UL>
<BR>[Called By]<UL><LI><a href="#[40]">&gt;&gt;</a>&nbsp;&nbsp;&nbsp;SetSysClockToXX_HSI
</UL>

<P><STRONG><a name="[28]"></a>DELAY_Init</STRONG> (Thumb, 72 bytes, Stack size 8 bytes, delay.o(i.DELAY_Init))
<BR><BR>[Stack]<UL><LI>Max Depth = 20<LI>Call Chain = DELAY_Init &rArr; __aeabi_uidivmod
</UL>
<BR>[Calls]<UL><LI><a href="#[29]">&gt;&gt;</a>&nbsp;&nbsp;&nbsp;__NVIC_SetPriority
<LI><a href="#[27]">&gt;&gt;</a>&nbsp;&nbsp;&nbsp;__aeabi_uidivmod
</UL>
<BR>[Called By]<UL><LI><a href="#[20]">&gt;&gt;</a>&nbsp;&nbsp;&nbsp;main
</UL>

<P><STRONG><a name="[37]"></a>GPIO_Init</STRONG> (Thumb, 154 bytes, Stack size 24 bytes, hal_gpio.o(i.GPIO_Init))
<BR><BR>[Stack]<UL><LI>Max Depth = 24<LI>Call Chain = GPIO_Init
</UL>
<BR>[Called By]<UL><LI><a href="#[3d]">&gt;&gt;</a>&nbsp;&nbsp;&nbsp;LED_Init
<LI><a href="#[35]">&gt;&gt;</a>&nbsp;&nbsp;&nbsp;KEY_Init
</UL>

<P><STRONG><a name="[3c]"></a>GPIO_ResetBits</STRONG> (Thumb, 4 bytes, Stack size 0 bytes, hal_gpio.o(i.GPIO_ResetBits))
<BR><BR>[Called By]<UL><LI><a href="#[38]">&gt;&gt;</a>&nbsp;&nbsp;&nbsp;LEDDisp
</UL>

<P><STRONG><a name="[39]"></a>GPIO_SetBits</STRONG> (Thumb, 4 bytes, Stack size 0 bytes, hal_gpio.o(i.GPIO_SetBits))
<BR><BR>[Called By]<UL><LI><a href="#[3d]">&gt;&gt;</a>&nbsp;&nbsp;&nbsp;LED_Init
<LI><a href="#[38]">&gt;&gt;</a>&nbsp;&nbsp;&nbsp;LEDDisp
</UL>

<P><STRONG><a name="[42]"></a>GPIO_WriteBit</STRONG> (Thumb, 12 bytes, Stack size 0 bytes, hal_gpio.o(i.GPIO_WriteBit))
<BR><BR>[Called By]<UL><LI><a href="#[3b]">&gt;&gt;</a>&nbsp;&nbsp;&nbsp;WriteLedPort
</UL>

<P><STRONG><a name="[34]"></a>IWDG_Enable</STRONG> (Thumb, 8 bytes, Stack size 0 bytes, hal_iwdg.o(i.IWDG_Enable))
<BR><BR>[Called By]<UL><LI><a href="#[2a]">&gt;&gt;</a>&nbsp;&nbsp;&nbsp;IWDG_Init
</UL>

<P><STRONG><a name="[3e]"></a>IWDG_GetFlagStatus</STRONG> (Thumb, 20 bytes, Stack size 0 bytes, hal_iwdg.o(i.IWDG_GetFlagStatus))
<BR><BR>[Called By]<UL><LI><a href="#[31]">&gt;&gt;</a>&nbsp;&nbsp;&nbsp;RVU_CheckStatus
<LI><a href="#[2e]">&gt;&gt;</a>&nbsp;&nbsp;&nbsp;PVU_CheckStatus
</UL>

<P><STRONG><a name="[2a]"></a>IWDG_Init</STRONG> (Thumb, 82 bytes, Stack size 8 bytes, bsp_iwdg.o(i.IWDG_Init))
<BR><BR>[Stack]<UL><LI>Max Depth = 16<LI>Call Chain = IWDG_Init &rArr; IWDG_SetReload &rArr; RVU_CheckStatus
</UL>
<BR>[Calls]<UL><LI><a href="#[31]">&gt;&gt;</a>&nbsp;&nbsp;&nbsp;RVU_CheckStatus
<LI><a href="#[2d]">&gt;&gt;</a>&nbsp;&nbsp;&nbsp;RCC_LSICmd
<LI><a href="#[2b]">&gt;&gt;</a>&nbsp;&nbsp;&nbsp;RCC_GetFlagStatus
<LI><a href="#[2c]">&gt;&gt;</a>&nbsp;&nbsp;&nbsp;RCC_ClearFlag
<LI><a href="#[2e]">&gt;&gt;</a>&nbsp;&nbsp;&nbsp;PVU_CheckStatus
<LI><a href="#[2f]">&gt;&gt;</a>&nbsp;&nbsp;&nbsp;IWDG_WriteAccessCmd
<LI><a href="#[32]">&gt;&gt;</a>&nbsp;&nbsp;&nbsp;IWDG_SetReload
<LI><a href="#[30]">&gt;&gt;</a>&nbsp;&nbsp;&nbsp;IWDG_SetPrescaler
<LI><a href="#[34]">&gt;&gt;</a>&nbsp;&nbsp;&nbsp;IWDG_Enable
<LI><a href="#[33]">&gt;&gt;</a>&nbsp;&nbsp;&nbsp;IWDG_ReloadCounter
</UL>
<BR>[Called By]<UL><LI><a href="#[20]">&gt;&gt;</a>&nbsp;&nbsp;&nbsp;main
</UL>

<P><STRONG><a name="[33]"></a>IWDG_ReloadCounter</STRONG> (Thumb, 8 bytes, Stack size 0 bytes, hal_iwdg.o(i.IWDG_ReloadCounter))
<BR><BR>[Called By]<UL><LI><a href="#[2a]">&gt;&gt;</a>&nbsp;&nbsp;&nbsp;IWDG_Init
<LI><a href="#[41]">&gt;&gt;</a>&nbsp;&nbsp;&nbsp;TestLED
</UL>

<P><STRONG><a name="[30]"></a>IWDG_SetPrescaler</STRONG> (Thumb, 14 bytes, Stack size 4 bytes, hal_iwdg.o(i.IWDG_SetPrescaler))
<BR><BR>[Stack]<UL><LI>Max Depth = 8<LI>Call Chain = IWDG_SetPrescaler &rArr; PVU_CheckStatus
</UL>
<BR>[Calls]<UL><LI><a href="#[2e]">&gt;&gt;</a>&nbsp;&nbsp;&nbsp;PVU_CheckStatus
</UL>
<BR>[Called By]<UL><LI><a href="#[2a]">&gt;&gt;</a>&nbsp;&nbsp;&nbsp;IWDG_Init
</UL>

<P><STRONG><a name="[32]"></a>IWDG_SetReload</STRONG> (Thumb, 14 bytes, Stack size 4 bytes, hal_iwdg.o(i.IWDG_SetReload))
<BR><BR>[Stack]<UL><LI>Max Depth = 8<LI>Call Chain = IWDG_SetReload &rArr; RVU_CheckStatus
</UL>
<BR>[Calls]<UL><LI><a href="#[31]">&gt;&gt;</a>&nbsp;&nbsp;&nbsp;RVU_CheckStatus
</UL>
<BR>[Called By]<UL><LI><a href="#[2a]">&gt;&gt;</a>&nbsp;&nbsp;&nbsp;IWDG_Init
</UL>

<P><STRONG><a name="[2f]"></a>IWDG_WriteAccessCmd</STRONG> (Thumb, 6 bytes, Stack size 0 bytes, hal_iwdg.o(i.IWDG_WriteAccessCmd))
<BR><BR>[Called By]<UL><LI><a href="#[2a]">&gt;&gt;</a>&nbsp;&nbsp;&nbsp;IWDG_Init
</UL>

<P><STRONG><a name="[35]"></a>KEY_Init</STRONG> (Thumb, 72 bytes, Stack size 8 bytes, key.o(i.KEY_Init))
<BR><BR>[Stack]<UL><LI>Max Depth = 32<LI>Call Chain = KEY_Init &rArr; GPIO_Init
</UL>
<BR>[Calls]<UL><LI><a href="#[36]">&gt;&gt;</a>&nbsp;&nbsp;&nbsp;RCC_AHBPeriphClockCmd
<LI><a href="#[37]">&gt;&gt;</a>&nbsp;&nbsp;&nbsp;GPIO_Init
</UL>
<BR>[Called By]<UL><LI><a href="#[20]">&gt;&gt;</a>&nbsp;&nbsp;&nbsp;main
</UL>

<P><STRONG><a name="[38]"></a>LEDDisp</STRONG> (Thumb, 316 bytes, Stack size 8 bytes, led.o(i.LEDDisp))
<BR><BR>[Stack]<UL><LI>Max Depth = 24<LI>Call Chain = LEDDisp &rArr; WriteLedPort
</UL>
<BR>[Calls]<UL><LI><a href="#[39]">&gt;&gt;</a>&nbsp;&nbsp;&nbsp;GPIO_SetBits
<LI><a href="#[3c]">&gt;&gt;</a>&nbsp;&nbsp;&nbsp;GPIO_ResetBits
<LI><a href="#[3a]">&gt;&gt;</a>&nbsp;&nbsp;&nbsp;__ARM_common_switch8
<LI><a href="#[3b]">&gt;&gt;</a>&nbsp;&nbsp;&nbsp;WriteLedPort
</UL>
<BR>[Called By]<UL><LI><a href="#[5]">&gt;&gt;</a>&nbsp;&nbsp;&nbsp;SysTick_Handler
</UL>

<P><STRONG><a name="[3d]"></a>LED_Init</STRONG> (Thumb, 144 bytes, Stack size 8 bytes, led.o(i.LED_Init))
<BR><BR>[Stack]<UL><LI>Max Depth = 32<LI>Call Chain = LED_Init &rArr; GPIO_Init
</UL>
<BR>[Calls]<UL><LI><a href="#[39]">&gt;&gt;</a>&nbsp;&nbsp;&nbsp;GPIO_SetBits
<LI><a href="#[3b]">&gt;&gt;</a>&nbsp;&nbsp;&nbsp;WriteLedPort
<LI><a href="#[36]">&gt;&gt;</a>&nbsp;&nbsp;&nbsp;RCC_AHBPeriphClockCmd
<LI><a href="#[37]">&gt;&gt;</a>&nbsp;&nbsp;&nbsp;GPIO_Init
</UL>
<BR>[Called By]<UL><LI><a href="#[20]">&gt;&gt;</a>&nbsp;&nbsp;&nbsp;main
</UL>

<P><STRONG><a name="[2e]"></a>PVU_CheckStatus</STRONG> (Thumb, 16 bytes, Stack size 4 bytes, hal_iwdg.o(i.PVU_CheckStatus))
<BR><BR>[Stack]<UL><LI>Max Depth = 4<LI>Call Chain = PVU_CheckStatus
</UL>
<BR>[Calls]<UL><LI><a href="#[3e]">&gt;&gt;</a>&nbsp;&nbsp;&nbsp;IWDG_GetFlagStatus
</UL>
<BR>[Called By]<UL><LI><a href="#[30]">&gt;&gt;</a>&nbsp;&nbsp;&nbsp;IWDG_SetPrescaler
<LI><a href="#[2a]">&gt;&gt;</a>&nbsp;&nbsp;&nbsp;IWDG_Init
</UL>

<P><STRONG><a name="[36]"></a>RCC_AHBPeriphClockCmd</STRONG> (Thumb, 28 bytes, Stack size 0 bytes, hal_rcc.o(i.RCC_AHBPeriphClockCmd))
<BR><BR>[Called By]<UL><LI><a href="#[3d]">&gt;&gt;</a>&nbsp;&nbsp;&nbsp;LED_Init
<LI><a href="#[35]">&gt;&gt;</a>&nbsp;&nbsp;&nbsp;KEY_Init
</UL>

<P><STRONG><a name="[2c]"></a>RCC_ClearFlag</STRONG> (Thumb, 16 bytes, Stack size 0 bytes, hal_rcc.o(i.RCC_ClearFlag))
<BR><BR>[Called By]<UL><LI><a href="#[2a]">&gt;&gt;</a>&nbsp;&nbsp;&nbsp;IWDG_Init
</UL>

<P><STRONG><a name="[2b]"></a>RCC_GetFlagStatus</STRONG> (Thumb, 52 bytes, Stack size 0 bytes, hal_rcc.o(i.RCC_GetFlagStatus))
<BR><BR>[Called By]<UL><LI><a href="#[2a]">&gt;&gt;</a>&nbsp;&nbsp;&nbsp;IWDG_Init
</UL>

<P><STRONG><a name="[2d]"></a>RCC_LSICmd</STRONG> (Thumb, 16 bytes, Stack size 0 bytes, hal_rcc.o(i.RCC_LSICmd))
<BR><BR>[Called By]<UL><LI><a href="#[2a]">&gt;&gt;</a>&nbsp;&nbsp;&nbsp;IWDG_Init
</UL>

<P><STRONG><a name="[31]"></a>RVU_CheckStatus</STRONG> (Thumb, 16 bytes, Stack size 4 bytes, hal_iwdg.o(i.RVU_CheckStatus))
<BR><BR>[Stack]<UL><LI>Max Depth = 4<LI>Call Chain = RVU_CheckStatus
</UL>
<BR>[Calls]<UL><LI><a href="#[3e]">&gt;&gt;</a>&nbsp;&nbsp;&nbsp;IWDG_GetFlagStatus
</UL>
<BR>[Called By]<UL><LI><a href="#[32]">&gt;&gt;</a>&nbsp;&nbsp;&nbsp;IWDG_SetReload
<LI><a href="#[2a]">&gt;&gt;</a>&nbsp;&nbsp;&nbsp;IWDG_Init
</UL>

<P><STRONG><a name="[5]"></a>SysTick_Handler</STRONG> (Thumb, 28 bytes, Stack size 8 bytes, delay.o(i.SysTick_Handler))
<BR><BR>[Stack]<UL><LI>Max Depth = 32<LI>Call Chain = SysTick_Handler &rArr; LEDDisp &rArr; WriteLedPort
</UL>
<BR>[Calls]<UL><LI><a href="#[38]">&gt;&gt;</a>&nbsp;&nbsp;&nbsp;LEDDisp
</UL>
<BR>[Address Reference Count : 1]<UL><LI> startup_mm32spin06xx_s_keil.o(RESET)
</UL>
<P><STRONG><a name="[21]"></a>SystemInit</STRONG> (Thumb, 90 bytes, Stack size 8 bytes, system_mm32spin06xx_s.o(i.SystemInit))
<BR><BR>[Stack]<UL><LI>Max Depth = 92<LI>Call Chain = SystemInit &rArr; SetSysClock &rArr; SetSysClockToXX_HSI &rArr; AutoCalPllFactor &rArr; __aeabi_uidivmod
</UL>
<BR>[Calls]<UL><LI><a href="#[3f]">&gt;&gt;</a>&nbsp;&nbsp;&nbsp;SetSysClock
</UL>
<BR>[Address Reference Count : 1]<UL><LI> startup_mm32spin06xx_s_keil.o(.text)
</UL>
<P><STRONG><a name="[41]"></a>TestLED</STRONG> (Thumb, 56 bytes, Stack size 8 bytes, led.o(i.TestLED))
<BR><BR>[Stack]<UL><LI>Max Depth = 8<LI>Call Chain = TestLED
</UL>
<BR>[Calls]<UL><LI><a href="#[33]">&gt;&gt;</a>&nbsp;&nbsp;&nbsp;IWDG_ReloadCounter
</UL>
<BR>[Called By]<UL><LI><a href="#[20]">&gt;&gt;</a>&nbsp;&nbsp;&nbsp;main
</UL>

<P><STRONG><a name="[3b]"></a>WriteLedPort</STRONG> (Thumb, 60 bytes, Stack size 16 bytes, led.o(i.WriteLedPort))
<BR><BR>[Stack]<UL><LI>Max Depth = 16<LI>Call Chain = WriteLedPort
</UL>
<BR>[Calls]<UL><LI><a href="#[42]">&gt;&gt;</a>&nbsp;&nbsp;&nbsp;GPIO_WriteBit
</UL>
<BR>[Called By]<UL><LI><a href="#[3d]">&gt;&gt;</a>&nbsp;&nbsp;&nbsp;LED_Init
<LI><a href="#[38]">&gt;&gt;</a>&nbsp;&nbsp;&nbsp;LEDDisp
</UL>

<P><STRONG><a name="[3a]"></a>__ARM_common_switch8</STRONG> (Thumb, 28 bytes, Stack size 8 bytes, led.o(i.__ARM_common_switch8))
<BR><BR>[Stack]<UL><LI>Max Depth = 8<LI>Call Chain = __ARM_common_switch8
</UL>
<BR>[Called By]<UL><LI><a href="#[38]">&gt;&gt;</a>&nbsp;&nbsp;&nbsp;LEDDisp
</UL>

<P><STRONG><a name="[4b]"></a>__scatterload_copy</STRONG> (Thumb, 14 bytes, Stack size unknown bytes, handlers.o(i.__scatterload_copy), UNUSED)

<P><STRONG><a name="[4c]"></a>__scatterload_null</STRONG> (Thumb, 2 bytes, Stack size unknown bytes, handlers.o(i.__scatterload_null), UNUSED)

<P><STRONG><a name="[4d]"></a>__scatterload_zeroinit</STRONG> (Thumb, 14 bytes, Stack size unknown bytes, handlers.o(i.__scatterload_zeroinit), UNUSED)

<P><STRONG><a name="[20]"></a>main</STRONG> (Thumb, 24 bytes, Stack size 0 bytes, main.o(i.main))
<BR><BR>[Stack]<UL><LI>Max Depth = 32<LI>Call Chain = main &rArr; LED_Init &rArr; GPIO_Init
</UL>
<BR>[Calls]<UL><LI><a href="#[2a]">&gt;&gt;</a>&nbsp;&nbsp;&nbsp;IWDG_Init
<LI><a href="#[28]">&gt;&gt;</a>&nbsp;&nbsp;&nbsp;DELAY_Init
<LI><a href="#[41]">&gt;&gt;</a>&nbsp;&nbsp;&nbsp;TestLED
<LI><a href="#[3d]">&gt;&gt;</a>&nbsp;&nbsp;&nbsp;LED_Init
<LI><a href="#[35]">&gt;&gt;</a>&nbsp;&nbsp;&nbsp;KEY_Init
</UL>
<BR>[Address Reference Count : 1]<UL><LI> entry9a.o(.ARM.Collect$$$$0000000B)
</UL><P>
<H3>
Local Symbols
</H3>
<P><STRONG><a name="[3f]"></a>SetSysClock</STRONG> (Thumb, 8 bytes, Stack size 8 bytes, system_mm32spin06xx_s.o(i.SetSysClock))
<BR><BR>[Stack]<UL><LI>Max Depth = 84<LI>Call Chain = SetSysClock &rArr; SetSysClockToXX_HSI &rArr; AutoCalPllFactor &rArr; __aeabi_uidivmod
</UL>
<BR>[Calls]<UL><LI><a href="#[40]">&gt;&gt;</a>&nbsp;&nbsp;&nbsp;SetSysClockToXX_HSI
</UL>
<BR>[Called By]<UL><LI><a href="#[21]">&gt;&gt;</a>&nbsp;&nbsp;&nbsp;SystemInit
</UL>

<P><STRONG><a name="[40]"></a>SetSysClockToXX_HSI</STRONG> (Thumb, 276 bytes, Stack size 16 bytes, system_mm32spin06xx_s.o(i.SetSysClockToXX_HSI))
<BR><BR>[Stack]<UL><LI>Max Depth = 76<LI>Call Chain = SetSysClockToXX_HSI &rArr; AutoCalPllFactor &rArr; __aeabi_uidivmod
</UL>
<BR>[Calls]<UL><LI><a href="#[26]">&gt;&gt;</a>&nbsp;&nbsp;&nbsp;AutoCalPllFactor
<LI><a href="#[27]">&gt;&gt;</a>&nbsp;&nbsp;&nbsp;__aeabi_uidivmod
</UL>
<BR>[Called By]<UL><LI><a href="#[3f]">&gt;&gt;</a>&nbsp;&nbsp;&nbsp;SetSysClock
</UL>

<P><STRONG><a name="[29]"></a>__NVIC_SetPriority</STRONG> (Thumb, 110 bytes, Stack size 8 bytes, delay.o(i.__NVIC_SetPriority))
<BR><BR>[Stack]<UL><LI>Max Depth = 8<LI>Call Chain = __NVIC_SetPriority
</UL>
<BR>[Called By]<UL><LI><a href="#[28]">&gt;&gt;</a>&nbsp;&nbsp;&nbsp;DELAY_Init
</UL>
<P>
<H3>
Undefined Global Symbols
</H3><HR></body></html>
