Component: ARM Compiler 5.06 update 6 (build 750) Tool: armlink [4d35ed]

==============================================================================

Section Cross References

    system_mm32spin06xx_s.o(i.AutoCalPllFactor) refers to uidiv.o(.text) for __aeabi_uidivmod
    system_mm32spin06xx_s.o(i.SetSysClock) refers to system_mm32spin06xx_s.o(i.SetSysClockToXX_HSI) for SetSysClockToXX_HSI
    system_mm32spin06xx_s.o(i.SetSysClockToXX_HSI) refers to uidiv.o(.text) for __aeabi_uidivmod
    system_mm32spin06xx_s.o(i.SetSysClockToXX_HSI) refers to system_mm32spin06xx_s.o(i.AutoCalPllFactor) for AutoCalPllFactor
    system_mm32spin06xx_s.o(i.SetSysClockToXX_HSI) refers to system_mm32spin06xx_s.o(.data) for SystemCoreClock
    system_mm32spin06xx_s.o(i.SystemInit) refers to system_mm32spin06xx_s.o(i.SetSysClock) for SetSysClock
    startup_mm32spin06xx_s_keil.o(RESET) refers to startup_mm32spin06xx_s_keil.o(STACK) for __initial_sp
    startup_mm32spin06xx_s_keil.o(RESET) refers to startup_mm32spin06xx_s_keil.o(.text) for Reset_Handler
    startup_mm32spin06xx_s_keil.o(RESET) refers to delay.o(i.SysTick_Handler) for SysTick_Handler
    startup_mm32spin06xx_s_keil.o(.text) refers to startup_mm32spin06xx_s_keil.o(STACK) for __initial_sp
    startup_mm32spin06xx_s_keil.o(.text) refers to system_mm32spin06xx_s.o(i.SystemInit) for SystemInit
    startup_mm32spin06xx_s_keil.o(.text) refers to entry.o(.ARM.Collect$$$$00000000) for __main
    delay.o(i.DELAY_Init) refers to uidiv.o(.text) for __aeabi_uidivmod
    delay.o(i.DELAY_Init) refers to delay.o(i.__NVIC_SetPriority) for __NVIC_SetPriority
    delay.o(i.DELAY_Init) refers to system_mm32spin06xx_s.o(.data) for SystemCoreClock
    delay.o(i.DELAY_Ms) refers to delay.o(.data) for sTimingDelay
    delay.o(i.SysTick_Handler) refers to led.o(i.LEDDisp) for LEDDisp
    delay.o(i.SysTick_Handler) refers to main.o(.data) for systemtick
    delay.o(i.SysTick_Handler) refers to led.o(.data) for CpyDlyCnt
    sys.o(i.SYSCLK_Init) refers to memcpya.o(.text) for __aeabi_memcpy4
    sys.o(i.SYSCLK_Init) refers to sys.o(i.DELAY_Nop) for DELAY_Nop
    sys.o(i.SYSCLK_Init) refers to sys.o(i.exRCC_ClkPrescaler_Init) for exRCC_ClkPrescaler_Init
    sys.o(i.SYSCLK_Init) refers to uidiv.o(.text) for __aeabi_uidivmod
    sys.o(i.SYSCLK_Init) refers to sys.o(.constdata) for .constdata
    sys.o(i.SYSCLK_Init) refers to sys.o(.data) for gSystemClockValue
    sys.o(i.SystemReInit) refers to sys.o(i.RCC_SetDefault) for RCC_SetDefault
    sys.o(i.SystemReInit) refers to sys.o(i.SYSCLK_Init) for SYSCLK_Init
    sys.o(i.exRCC_ClkPrescaler_Init) refers to sys.o(.constdata) for cRCC_ClockPrescalerTable
    uart.o(i.CONSOLE_Init) refers to hal_rcc.o(i.RCC_APB2PeriphClockCmd) for RCC_APB2PeriphClockCmd
    uart.o(i.CONSOLE_Init) refers to hal_rcc.o(i.RCC_AHBPeriphClockCmd) for RCC_AHBPeriphClockCmd
    uart.o(i.CONSOLE_Init) refers to hal_gpio.o(i.GPIO_PinAFConfig) for GPIO_PinAFConfig
    uart.o(i.CONSOLE_Init) refers to hal_uart.o(i.UART_StructInit) for UART_StructInit
    uart.o(i.CONSOLE_Init) refers to hal_uart.o(i.UART_Init) for UART_Init
    uart.o(i.CONSOLE_Init) refers to hal_uart.o(i.UART_Cmd) for UART_Cmd
    uart.o(i.CONSOLE_Init) refers to hal_gpio.o(i.GPIO_StructInit) for GPIO_StructInit
    uart.o(i.CONSOLE_Init) refers to hal_gpio.o(i.GPIO_Init) for GPIO_Init
    main.o(i.ProOptAGC) refers to idiv.o(.text) for __aeabi_idivmod
    main.o(i.ProOptAGC) refers to main.o(.data) for CtrlDly
    main.o(i.ProOptAGC) refers to main.o(.bss) for AllPare
    main.o(i.main) refers to led.o(i.LED_Init) for LED_Init
    main.o(i.main) refers to delay.o(i.DELAY_Init) for DELAY_Init
    main.o(i.main) refers to key.o(i.KEY_Init) for KEY_Init
    main.o(i.main) refers to bsp_iwdg.o(i.IWDG_Init) for IWDG_Init
    main.o(i.main) refers to bsp_adc.o(i.ADC_Initialize) for ADC_Initialize
    main.o(i.main) refers to bsp_tim.o(i.PWM_Output_Config) for PWM_Output_Config
    main.o(i.main) refers to led.o(i.TestLED) for TestLED
    main.o(i.main) refers to hal_iwdg.o(i.IWDG_ReloadCounter) for IWDG_ReloadCounter
    main.o(i.main) refers to bsp_adc.o(i.ADConversion) for ADConversion
    main.o(i.main) refers to dfltui.o(.text) for __aeabi_ui2d
    main.o(i.main) refers to dmul.o(.text) for __aeabi_dmul
    main.o(i.main) refers to ddiv.o(.text) for __aeabi_ddiv
    main.o(i.main) refers to d2f.o(.text) for __aeabi_d2f
    main.o(i.main) refers to f2d.o(.text) for __aeabi_f2d
    main.o(i.main) refers to cdcmple.o(.text) for __aeabi_cdcmple
    main.o(i.main) refers to log.o(i.log) for log
    main.o(i.main) refers to dfixi.o(.text) for __aeabi_d2iz
    main.o(i.main) refers to fmul.o(.text) for __aeabi_fmul
    main.o(i.main) refers to ffixi.o(.text) for __aeabi_f2iz
    main.o(i.main) refers to main.o(i.ProOptAGC) for ProOptAGC
    main.o(i.main) refers to bsp_tim.o(i.WritePWM) for WritePWM
[...]
    entry5.o(.ARM.Collect$$$$00000004) refers to init.o(.text) for __scatterload
    entry9a.o(.ARM.Collect$$$$0000000B) refers to main.o(i.main) for main
    entry9b.o(.ARM.Collect$$$$0000000C) refers to main.o(i.main) for main
    errno.o(i.__aeabi_errno_addr) refers to errno.o(.data) for .data
    errno.o(i.__read_errno) refers to errno.o(.data) for .data
    errno.o(i.__set_errno) refers to errno.o(.data) for .data
    depilogue.o(.text) refers to depilogue.o(i.__ARM_clz) for __ARM_clz
    depilogue.o(.text) refers to llshl.o(.text) for __aeabi_llsl
    depilogue.o(.text) refers to llushr.o(.text) for __aeabi_llsr
    dadd.o(.text) refers to llshl.o(.text) for __aeabi_llsl
    dadd.o(.text) refers to llsshr.o(.text) for __aeabi_lasr
    dadd.o(.text) refers to depilogue.o(.text) for _double_epilogue
    dflti.o(.text) refers to depilogue.o(.text) for _double_epilogue
    init.o(.text) refers to entry5.o(.ARM.Collect$$$$00000004) for __main_after_scatterload


==============================================================================

Removing Unused input sections from the image.

    Removing system_mm32spin06xx_s.o(.rev16_text), (4 bytes).
    Removing system_mm32spin06xx_s.o(.revsh_text), (4 bytes).
    Removing startup_mm32spin06xx_s_keil.o(HEAP), (512 bytes).
    Removing delay.o(.rev16_text), (4 bytes).
    Removing delay.o(.revsh_text), (4 bytes).
    Removing delay.o(i.DELAY_Ms), (24 bytes).
    Removing delay.o(.data), (4 bytes).
    Removing sys.o(.rev16_text), (4 bytes).
    Removing sys.o(.revsh_text), (4 bytes).
    Removing sys.o(i.DELAY_Nop), (22 bytes).
    Removing sys.o(i.RCC_SetDefault), (64 bytes).
    Removing sys.o(i.SYSCLK_Init), (684 bytes).
    Removing sys.o(i.SystemReInit), (16 bytes).
    Removing sys.o(i.exRCC_ClkPrescaler_Init), (72 bytes).
    Removing sys.o(.constdata), (117 bytes).
    Removing sys.o(.data), (4 bytes).
    Removing uart.o(.rev16_text), (4 bytes).
    Removing uart.o(.revsh_text), (4 bytes).
    Removing uart.o(i.CONSOLE_Init), (148 bytes).
    Removing uart.o(i._sys_exit), (4 bytes).
    Removing uart.o(i.fputc), (28 bytes).
    Removing main.o(.rev16_text), (4 bytes).
    Removing main.o(.revsh_text), (4 bytes).
    Removing bsp_iwdg.o(.rev16_text), (4 bytes).
    Removing bsp_iwdg.o(.revsh_text), (4 bytes).
    Removing bsp_adc.o(.rev16_text), (4 bytes).
    Removing bsp_adc.o(.revsh_text), (4 bytes).
    Removing bsp_tim.o(.rev16_text), (4 bytes).
    Removing bsp_tim.o(.revsh_text), (4 bytes).
    Removing key.o(.rev16_text), (4 bytes).
    Removing key.o(.revsh_text), (4 bytes).
    Removing led.o(.rev16_text), (4 bytes).
    Removing led.o(.revsh_text), (4 bytes).
    Removing hal_adc.o(.rev16_text), (4 bytes).
    Removing hal_adc.o(.revsh_text), (4 bytes).
    Removing hal_adc.o(i.ADC_ANY_CH_Config), (70 bytes).
    Removing hal_adc.o(i.ADC_ANY_NUM_Config), (10 bytes).
    Removing hal_adc.o(i.ADC_AnalogWatchdogCmd), (24 bytes).
    Removing hal_adc.o(i.ADC_AnalogWatchdogSingleChannelConfig), (20 bytes).
    Removing hal_adc.o(i.ADC_AnalogWatchdogThresholdsConfig), (12 bytes).
    Removing hal_adc.o(i.ADC_ClearITPendingBit), (24 bytes).
    Removing hal_adc.o(i.ADC_DeInit), (32 bytes).
    Removing hal_adc.o(i.ADC_ExternalTrigInjectedConvCmd), (24 bytes).
    Removing hal_adc.o(i.ADC_ExternalTrigInjectedConvConfig), (20 bytes).
    Removing hal_adc.o(i.ADC_GetDualModeConversionValue), (12 bytes).
    Removing hal_adc.o(i.ADC_GetITStatus), (22 bytes).
    Removing hal_adc.o(i.ADC_GetSoftwareStartConvStatus), (14 bytes).
    Removing hal_adc.o(i.ADC_RegularChannelConfig), (86 bytes).
    Removing hal_adc.o(i.ADC_StructInit), (16 bytes).
    Removing hal_adc.o(i.ADC_TempSensorCmd), (12 bytes).
    Removing hal_adc.o(i.ADC_TempSensorVrefintCmd), (36 bytes).
    Removing hal_adc.o(i.ADC_VrefintCmd), (12 bytes).
    Removing hal_adc.o(i.ADCxChannelDisable), (12 bytes).
    Removing hal_adc.o(i.exADC_TempSensorVrefintCmd), (88 bytes).
    Removing hal_bkp.o(.rev16_text), (4 bytes).
    Removing hal_bkp.o(.revsh_text), (4 bytes).
    Removing hal_bkp.o(i.BKP_ClearFlag), (20 bytes).
    Removing hal_bkp.o(i.BKP_ClearITPendingBit), (20 bytes).
    Removing hal_bkp.o(i.BKP_DeInit), (16 bytes).
    Removing hal_bkp.o(i.BKP_GetFlagStatus), (20 bytes).
    Removing hal_bkp.o(i.BKP_GetITStatus), (20 bytes).
    Removing hal_bkp.o(i.BKP_ITConfig), (36 bytes).
    Removing hal_bkp.o(i.BKP_RTCOutputConfig), (24 bytes).
    Removing hal_bkp.o(i.BKP_ReadBackupRegister), (16 bytes).
    Removing hal_bkp.o(i.BKP_SetRTCCalibrationValue), (20 bytes).
    Removing hal_bkp.o(i.BKP_TamperPinCmd), (36 bytes).
    Removing hal_bkp.o(i.BKP_TamperPinLevelConfig), (12 bytes).
    Removing hal_bkp.o(i.BKP_WriteBackupRegister), (12 bytes).
    Removing hal_bkp.o(i.exBKP_ImmRead), (44 bytes).
    Removing hal_bkp.o(i.exBKP_ImmWrite), (44 bytes).
    Removing hal_bkp.o(i.exBKP_Init), (32 bytes).
    Removing hal_can.o(.rev16_text), (4 bytes).
    Removing hal_can.o(.revsh_text), (4 bytes).
    Removing hal_can.o(i.CAN_AutoCfg_BaudParam), (136 bytes).
    Removing hal_can.o(i.CAN_CancelTransmit), (6 bytes).
    Removing hal_can.o(i.CAN_ClearDataOverflow), (10 bytes).
    Removing hal_can.o(i.CAN_ClearITPendingBit), (8 bytes).
    Removing hal_can.o(i.CAN_DeInit), (14 bytes).
    Removing hal_can.o(i.CAN_FIFORelease), (10 bytes).
    Removing hal_can.o(i.CAN_FilterInit), (16 bytes).
    Removing hal_can.o(i.CAN_GetFlagStatus), (18 bytes).
    Removing hal_can.o(i.CAN_GetITStatus), (22 bytes).
    Removing hal_can.o(i.CAN_ITConfig), (20 bytes).
    Removing hal_can.o(i.CAN_Init), (110 bytes).
    Removing hal_can.o(i.CAN_Mode_Cmd), (8 bytes).
    Removing hal_can.o(i.CAN_Peli_FilterInit), (76 bytes).
    Removing hal_can.o(i.CAN_Peli_FilterStructInit), (20 bytes).
    Removing hal_can.o(i.CAN_Peli_GetITStatus), (24 bytes).
    Removing hal_can.o(i.CAN_Peli_GetLSBTransmitErrorCounter), (12 bytes).
    Removing hal_can.o(i.CAN_Peli_GetLastErrorCode), (12 bytes).
    Removing hal_can.o(i.CAN_Peli_GetReceiveErrorCounter), (12 bytes).
    Removing hal_can.o(i.CAN_Peli_GetRxFIFOInfo), (12 bytes).
    Removing hal_can.o(i.CAN_Peli_ITConfig), (32 bytes).
    Removing hal_can.o(i.CAN_Peli_Init), (140 bytes).
    Removing hal_can.o(i.CAN_Peli_Receive), (204 bytes).
    Removing hal_can.o(i.CAN_Peli_SleepMode_Cmd), (36 bytes).
    Removing hal_can.o(i.CAN_Peli_StructInit), (26 bytes).
    Removing hal_can.o(i.CAN_Peli_Transmit), (172 bytes).
    Removing hal_can.o(i.CAN_Peli_TransmitRepeat), (172 bytes).
    Removing hal_can.o(i.CAN_Receive), (100 bytes).
    Removing hal_can.o(i.CAN_ResetMode_Cmd), (24 bytes).
    Removing hal_can.o(i.CAN_Sleep), (18 bytes).
    Removing hal_can.o(i.CAN_StructInit), (24 bytes).
    Removing hal_can.o(i.CAN_Transmit), (72 bytes).
    Removing hal_can.o(i.CAN_WakeUp), (22 bytes).
    Removing hal_comp.o(.rev16_text), (4 bytes).
    Removing hal_comp.o(.revsh_text), (4 bytes).
    Removing hal_comp.o(i.COMP_Cmd), (44 bytes).
    Removing hal_comp.o(i.COMP_DeInit), (16 bytes).
    Removing hal_comp.o(i.COMP_GetOutputLevel), (32 bytes).
    Removing hal_comp.o(i.COMP_Init), (40 bytes).
    Removing hal_comp.o(i.COMP_LockConfig), (24 bytes).
    Removing hal_comp.o(i.COMP_StructInit), (28 bytes).
    Removing hal_comp.o(i.COMP_SwitchCmd), (44 bytes).
    Removing hal_comp.o(i.SET_COMP_CRV), (36 bytes).
    Removing hal_comp.o(i.exCOMP_CrvCmd), (36 bytes).
    Removing hal_comp.o(i.exCOMP_CrvSrc), (16 bytes).
    Removing hal_comp.o(i.exCOMP_SwitchCrv), (16 bytes).
    Removing hal_crc.o(.rev16_text), (4 bytes).
    Removing hal_crc.o(.revsh_text), (4 bytes).
    Removing hal_crc.o(i.CRC_CalcBlockCRC), (36 bytes).
    Removing hal_crc.o(i.CRC_CalcCRC), (16 bytes).
    Removing hal_crc.o(i.CRC_GetCRC), (12 bytes).
    Removing hal_crc.o(i.CRC_GetIDRegister), (12 bytes).
    Removing hal_crc.o(i.CRC_ResetDR), (12 bytes).
    Removing hal_crc.o(i.CRC_RevData), (16 bytes).
    Removing hal_crc.o(i.CRC_SetIDRegister), (12 bytes).
    Removing hal_dbg.o(.rev16_text), (4 bytes).
    Removing hal_dbg.o(.revsh_text), (4 bytes).
    Removing hal_dbg.o(i.DBGMCU_Configure), (32 bytes).
    Removing hal_div.o(.rev16_text), (4 bytes).
    Removing hal_div.o(.revsh_text), (4 bytes).
    Removing hal_div.o(i.Divider_Calc), (16 bytes).
    Removing hal_div.o(i.HWDivider_Calc), (36 bytes).
    Removing hal_div.o(i.HWDivider_Init), (24 bytes).
    Removing hal_dma.o(.rev16_text), (4 bytes).
    Removing hal_dma.o(.revsh_text), (4 bytes).
    Removing hal_dma.o(i.DMA_ClearFlag), (12 bytes).
    Removing hal_dma.o(i.DMA_ClearITPendingBit), (12 bytes).
    Removing hal_dma.o(i.DMA_Cmd), (12 bytes).
    Removing hal_dma.o(i.DMA_DeInit), (56 bytes).
    Removing hal_dma.o(i.DMA_GetCurrDataCounter), (8 bytes).
    Removing hal_dma.o(i.DMA_GetFlagStatus), (24 bytes).
    Removing hal_dma.o(i.DMA_GetITStatus), (24 bytes).
    Removing hal_dma.o(i.DMA_ITConfig), (20 bytes).
    Removing hal_dma.o(i.DMA_Init), (76 bytes).
    Removing hal_dma.o(i.DMA_StructInit), (28 bytes).
    Removing hal_dma.o(i.exDMA_ClearITPendingBit), (44 bytes).
    Removing hal_dma.o(i.exDMA_SetMemoryAddress), (4 bytes).
    Removing hal_dma.o(i.exDMA_SetPeripheralAddress), (4 bytes).
    Removing hal_dma.o(i.exDMA_SetTransmitLen), (4 bytes).
    Removing hal_exti.o(.rev16_text), (4 bytes).
    Removing hal_exti.o(.revsh_text), (4 bytes).
    Removing hal_exti.o(i.EXTI_ClearFlag), (12 bytes).
    Removing hal_exti.o(i.EXTI_ClearITPendingBit), (12 bytes).
    Removing hal_exti.o(i.EXTI_DMAChannelRemapConfig), (32 bytes).
    Removing hal_exti.o(i.EXTI_DeInit), (64 bytes).
    Removing hal_exti.o(i.EXTI_GenerateSWInterrupt), (16 bytes).
    Removing hal_exti.o(i.EXTI_GetFlagStatus), (24 bytes).
    Removing hal_exti.o(i.EXTI_GetITStatus), (36 bytes).
    Removing hal_exti.o(i.EXTI_Init), (192 bytes).
    Removing hal_exti.o(i.EXTI_LineConfig), (60 bytes).
    Removing hal_exti.o(i.EXTI_MemoryRemapConfig), (20 bytes).
    Removing hal_exti.o(i.EXTI_StructInit), (16 bytes).
    Removing hal_exti.o(i.exEXTI_GetAllFlagStatus), (12 bytes).
    Removing hal_exti.o(i.exEXTI_LineDisable), (40 bytes).
    Removing hal_flash.o(.rev16_text), (4 bytes).
    Removing hal_flash.o(.revsh_text), (4 bytes).
    Removing hal_flash.o(i.FLASH_ClearFlag), (12 bytes).
    Removing hal_flash.o(i.FLASH_EnableWriteProtection), (56 bytes).
    Removing hal_flash.o(i.FLASH_EraseAllPages), (40 bytes).
    Removing hal_flash.o(i.FLASH_EraseOptionBytes), (44 bytes).
    Removing hal_flash.o(i.FLASH_ErasePage), (48 bytes).
    Removing hal_flash.o(i.FLASH_EraseProtect), (44 bytes).
    Removing hal_flash.o(i.FLASH_GetFlagStatus), (36 bytes).
    Removing hal_flash.o(i.FLASH_GetPrefetchBufferStatus), (16 bytes).
    Removing hal_flash.o(i.FLASH_GetStatus), (56 bytes).
    Removing hal_flash.o(i.FLASH_GetUserOptionByte), (12 bytes).
    Removing hal_flash.o(i.FLASH_GetWriteProtectionOptionByte), (12 bytes).
    Removing hal_flash.o(i.FLASH_HalfCycleAccessCmd), (28 bytes).
    Removing hal_flash.o(i.FLASH_ITConfig), (32 bytes).
    Removing hal_flash.o(i.FLASH_Lock), (20 bytes).
    Removing hal_flash.o(i.FLASH_OPTB_Enable), (24 bytes).
    Removing hal_flash.o(i.FLASH_PrefetchBufferCmd), (28 bytes).
    Removing hal_flash.o(i.FLASH_ProgramHalfWord), (32 bytes).
    Removing hal_flash.o(i.FLASH_ProgramOptionByteData), (72 bytes).
    Removing hal_flash.o(i.FLASH_ProgramOptionHalfWord), (40 bytes).
    Removing hal_flash.o(i.FLASH_ProgramProtect), (16 bytes).
    Removing hal_flash.o(i.FLASH_ProgramWord), (34 bytes).
    Removing hal_flash.o(i.FLASH_SetLatency), (20 bytes).
    Removing hal_flash.o(i.FLASH_Unlock), (24 bytes).
    Removing hal_flash.o(i.FLASH_UserOptionByteConfig), (72 bytes).
    Removing hal_flash.o(i.FLASH_WaitForLastOperation), (60 bytes).
    Removing hal_flash.o(i.exFLASH_EraseEE), (20 bytes).
    Removing hal_flash.o(i.exFLASH_FindEmpty), (44 bytes).
    Removing hal_flash.o(i.exFLASH_Locate), (70 bytes).
    Removing hal_flash.o(i.exFLASH_ProgramEE), (48 bytes).
    Removing hal_flash.o(i.exFLASH_ReadEE), (36 bytes).
    Removing hal_flash.o(i.exFLASH_WriteEE), (132 bytes).
    Removing hal_gpio.o(.rev16_text), (4 bytes).
    Removing hal_gpio.o(.revsh_text), (4 bytes).
    Removing hal_gpio.o(i.GPIO_AFIODeInit), (52 bytes).
    Removing hal_gpio.o(i.GPIO_DeInit), (86 bytes).
    Removing hal_gpio.o(i.GPIO_PinLock), (20 bytes).
    Removing hal_gpio.o(i.GPIO_PinLockConfig), (24 bytes).
    Removing hal_gpio.o(i.GPIO_ReadInputData), (8 bytes).
    Removing hal_gpio.o(i.GPIO_ReadOutputData), (8 bytes).
    Removing hal_gpio.o(i.GPIO_ReadOutputDataBit), (18 bytes).
    Removing hal_gpio.o(i.GPIO_StructInit), (16 bytes).
    Removing hal_gpio.o(i.GPIO_Write), (4 bytes).
    Removing hal_gpio.o(i.exGPIO_PinAFConfig), (74 bytes).
    Removing hal_i2c.o(.rev16_text), (4 bytes).
    Removing hal_i2c.o(.revsh_text), (4 bytes).
    Removing hal_i2c.o(i.I2C_CheckEvent), (44 bytes).
    Removing hal_i2c.o(i.I2C_ClearFlag), (146 bytes).
    Removing hal_i2c.o(i.I2C_ClearITPendingBit), (146 bytes).
    Removing hal_i2c.o(i.I2C_Cmd), (32 bytes).
    Removing hal_i2c.o(i.I2C_DMACmd), (60 bytes).
    Removing hal_i2c.o(i.I2C_DMAConfigure), (10 bytes).
    Removing hal_i2c.o(i.I2C_DeInit), (32 bytes).
    Removing hal_i2c.o(i.I2C_DualAddressCmd), (32 bytes).
    Removing hal_i2c.o(i.I2C_GeneralCallCmd), (28 bytes).
    Removing hal_i2c.o(i.I2C_GenerateSTART), (24 bytes).
    Removing hal_i2c.o(i.I2C_GenerateSTOP), (56 bytes).
    Removing hal_i2c.o(i.I2C_GetFlagStatus), (72 bytes).
    Removing hal_i2c.o(i.I2C_GetITStatus), (18 bytes).
    Removing hal_i2c.o(i.I2C_GetLastEvent), (16 bytes).
    Removing hal_i2c.o(i.I2C_ITConfig), (36 bytes).
    Removing hal_i2c.o(i.I2C_Init), (208 bytes).
    Removing hal_i2c.o(i.I2C_OwnAddress2Config), (14 bytes).
    Removing hal_i2c.o(i.I2C_ReadCmd), (8 bytes).
    Removing hal_i2c.o(i.I2C_ReadRegister), (6 bytes).
    Removing hal_i2c.o(i.I2C_ReceiveData), (20 bytes).
    Removing hal_i2c.o(i.I2C_Send7bitAddress), (6 bytes).
    Removing hal_i2c.o(i.I2C_SendData), (4 bytes).
    Removing hal_i2c.o(i.I2C_SendSlaveAddress), (6 bytes).
    Removing hal_i2c.o(i.I2C_SlaveConfigure), (24 bytes).
    Removing hal_i2c.o(i.I2C_StructInit), (24 bytes).
    Removing hal_i2c.o(.data), (4 bytes).
    Removing hal_iwdg.o(.rev16_text), (4 bytes).
    Removing hal_iwdg.o(.revsh_text), (4 bytes).
    Removing hal_iwdg.o(i.IWDG_ClearIT), (20 bytes).
    Removing hal_iwdg.o(i.IWDG_ClearITPendingBit), (20 bytes).
    Removing hal_iwdg.o(i.IWDG_EnableIT), (20 bytes).
    Removing hal_iwdg.o(i.IWDG_GetReload), (12 bytes).
    Removing hal_iwdg.o(i.IWDG_OverflowConfig), (28 bytes).
    Removing hal_iwdg.o(i.IWDG_Reset), (20 bytes).
    Removing hal_misc.o(.rev16_text), (4 bytes).
    Removing hal_misc.o(.revsh_text), (4 bytes).
    Removing hal_misc.o(i.NVIC_Init), (104 bytes).
    Removing hal_misc.o(i.NVIC_SystemLPConfig), (32 bytes).
    Removing hal_misc.o(i.SysTick_CLKSourceConfig), (36 bytes).
    Removing hal_misc.o(i.exNVIC_Init), (104 bytes).
    Removing hal_pwr.o(.rev16_text), (4 bytes).
    Removing hal_pwr.o(.revsh_text), (4 bytes).
    Removing hal_pwr.o(i.PWR_BackupAccessCmd), (40 bytes).
    Removing hal_pwr.o(i.PWR_ClearFlag), (20 bytes).
    Removing hal_pwr.o(i.PWR_DeInit), (12 bytes).
    Removing hal_pwr.o(i.PWR_EnterSTANDBYMode), (40 bytes).
    Removing hal_pwr.o(i.PWR_EnterSTOPMode), (44 bytes).
    Removing hal_pwr.o(i.PWR_GetFlagStatus), (16 bytes).
    Removing hal_pwr.o(i.PWR_PVDCmd), (36 bytes).
    Removing hal_pwr.o(i.PWR_PVDLevelConfig), (24 bytes).
    Removing hal_pwr.o(i.PWR_WakeUpPinCmd), (40 bytes).
    Removing hal_pwr.o(i.exPWR_EnterLowPowerMode), (52 bytes).
    Removing hal_rcc.o(.rev16_text), (4 bytes).
    Removing hal_rcc.o(.revsh_text), (4 bytes).
    Removing hal_rcc.o(i.RCC_ADCCLKConfig), (24 bytes).
    Removing hal_rcc.o(i.RCC_AHBPeriphResetCmd), (32 bytes).
    Removing hal_rcc.o(i.RCC_APB1PeriphClockCmd), (32 bytes).
    Removing hal_rcc.o(i.RCC_APB1PeriphResetCmd), (32 bytes).
    Removing hal_rcc.o(i.RCC_APB2PeriphResetCmd), (32 bytes).
    Removing hal_rcc.o(i.RCC_BackupResetCmd), (24 bytes).
    Removing hal_rcc.o(i.RCC_ClearITPendingBit), (20 bytes).
    Removing hal_rcc.o(i.RCC_ClockSecuritySystemCmd), (24 bytes).
    Removing hal_rcc.o(i.RCC_DeInit), (64 bytes).
    Removing hal_rcc.o(i.RCC_GetClocksFreq), (72 bytes).
    Removing hal_rcc.o(i.RCC_GetHCLKFreq), (32 bytes).
    Removing hal_rcc.o(i.RCC_GetITStatus), (16 bytes).
    Removing hal_rcc.o(i.RCC_GetPCLK1Freq), (36 bytes).
    Removing hal_rcc.o(i.RCC_GetPCLK2Freq), (36 bytes).
    Removing hal_rcc.o(i.RCC_GetSYSCLKSource), (16 bytes).
    Removing hal_rcc.o(i.RCC_GetSysClockFreq), (128 bytes).
    Removing hal_rcc.o(i.RCC_HCLKConfig), (20 bytes).
    Removing hal_rcc.o(i.RCC_HSEConfig), (88 bytes).
    Removing hal_rcc.o(i.RCC_HSICmd), (20 bytes).
    Removing hal_rcc.o(i.RCC_ITConfig), (36 bytes).
    Removing hal_rcc.o(i.RCC_LSEConfig), (72 bytes).
    Removing hal_rcc.o(i.RCC_MCOConfig), (24 bytes).
    Removing hal_rcc.o(i.RCC_PCLK1Config), (24 bytes).
    Removing hal_rcc.o(i.RCC_PCLK2Config), (24 bytes).
    Removing hal_rcc.o(i.RCC_PLLCmd), (24 bytes).
    Removing hal_rcc.o(i.RCC_PLLConfig), (92 bytes).
    Removing hal_rcc.o(i.RCC_PLLDMDNConfig), (32 bytes).
    Removing hal_rcc.o(i.RCC_RTCCLKCmd), (24 bytes).
    Removing hal_rcc.o(i.RCC_RTCCLKConfig), (24 bytes).
    Removing hal_rcc.o(i.RCC_SYSCLKConfig), (20 bytes).
    Removing hal_rcc.o(i.RCC_USBCLKConfig), (24 bytes).
    Removing hal_rcc.o(i.RCC_WaitForFlagStartUp), (38 bytes).
    Removing hal_rcc.o(i.RCC_WaitForHSEStartUp), (46 bytes).
    Removing hal_rcc.o(i.__NVIC_SetPriority), (120 bytes).
    Removing hal_rcc.o(i.exRCC_APB1PeriphReset), (24 bytes).
    Removing hal_rcc.o(i.exRCC_APB2PeriphReset), (24 bytes).
    Removing hal_rcc.o(i.exRCC_BackupReset), (2 bytes).
    Removing hal_rcc.o(i.exRCC_SystickDisable), (20 bytes).
    Removing hal_rcc.o(i.exRCC_SystickEnable), (72 bytes).
    Removing hal_rcc.o(.data), (16 bytes).
    Removing hal_spi.o(.rev16_text), (4 bytes).
    Removing hal_spi.o(.revsh_text), (4 bytes).
    Removing hal_spi.o(i.SPI_BiDirectionalLineConfig), (64 bytes).
    Removing hal_spi.o(i.SPI_CSInternalSelected), (24 bytes).
    Removing hal_spi.o(i.SPI_ClearITPendingBit), (8 bytes).
    Removing hal_spi.o(i.SPI_Cmd), (24 bytes).
    Removing hal_spi.o(i.SPI_DMACmd), (28 bytes).
    Removing hal_spi.o(i.SPI_DataSizeConfig), (20 bytes).
    Removing hal_spi.o(i.SPI_DataSizeTypeConfig), (18 bytes).
    Removing hal_spi.o(i.SPI_DeInit), (72 bytes).
    Removing hal_spi.o(i.SPI_FifoTrigger), (20 bytes).
    Removing hal_spi.o(i.SPI_GetFlagStatus), (18 bytes).
    Removing hal_spi.o(i.SPI_GetITStatus), (18 bytes).
    Removing hal_spi.o(i.SPI_ITConfig), (38 bytes).
    Removing hal_spi.o(i.SPI_Init), (140 bytes).
    Removing hal_spi.o(i.SPI_NSSInternalSoftwareConfig), (28 bytes).
    Removing hal_spi.o(i.SPI_ReceiveData), (50 bytes).
    Removing hal_spi.o(i.SPI_RxBytes), (4 bytes).
    Removing hal_spi.o(i.SPI_SendData), (42 bytes).
    Removing hal_spi.o(i.SPI_SlaveAdjust), (24 bytes).
    Removing hal_spi.o(i.SPI_StructInit), (32 bytes).
    Removing hal_spi.o(i.exSPI_CSInternalSelected), (24 bytes).
    Removing hal_spi.o(i.exSPI_DMACmd), (28 bytes).
    Removing hal_spi.o(i.exSPI_DataEdgeAdjust), (58 bytes).
    Removing hal_spi.o(i.exSPI_ITCmd), (24 bytes).
    Removing hal_spi.o(i.exSPI_ITConfig), (20 bytes).
    Removing hal_tim.o(.rev16_text), (4 bytes).
    Removing hal_tim.o(.revsh_text), (4 bytes).
    Removing hal_tim.o(i.TI1_Configure), (32 bytes).
    Removing hal_tim.o(i.TI2_Configure), (38 bytes).
    Removing hal_tim.o(i.TI3_Configure), (38 bytes).
    Removing hal_tim.o(i.TI4_Configure), (42 bytes).
    Removing hal_tim.o(i.TIM_BDTRConfig), (30 bytes).
    Removing hal_tim.o(i.TIM_BDTRStructInit), (18 bytes).
    Removing hal_tim.o(i.TIM_CCPreloadControl), (24 bytes).
    Removing hal_tim.o(i.TIM_CCxCmd), (20 bytes).
    Removing hal_tim.o(i.TIM_CCxNCmd), (24 bytes).
    Removing hal_tim.o(i.TIM_ClearFlag), (8 bytes).
    Removing hal_tim.o(i.TIM_ClearITPendingBit), (8 bytes).
    Removing hal_tim.o(i.TIM_ClearOC1Ref), (12 bytes).
    Removing hal_tim.o(i.TIM_ClearOC2Ref), (16 bytes).
    Removing hal_tim.o(i.TIM_ClearOC3Ref), (12 bytes).
    Removing hal_tim.o(i.TIM_ClearOC4Ref), (16 bytes).
    Removing hal_tim.o(i.TIM_CounterModeConfig), (12 bytes).
    Removing hal_tim.o(i.TIM_DMACmd), (20 bytes).
    Removing hal_tim.o(i.TIM_DMAConfig), (8 bytes).
    Removing hal_tim.o(i.TIM_DeInit), (124 bytes).
    Removing hal_tim.o(i.TIM_ETRClockMode1Config), (34 bytes).
    Removing hal_tim.o(i.TIM_ETRClockMode2Config), (34 bytes).
    Removing hal_tim.o(i.TIM_ETRConfig), (50 bytes).
    Removing hal_tim.o(i.TIM_EncoderInterfaceConfig), (44 bytes).
    Removing hal_tim.o(i.TIM_ForcedOC1Config), (12 bytes).
    Removing hal_tim.o(i.TIM_ForcedOC2Config), (16 bytes).
    Removing hal_tim.o(i.TIM_ForcedOC3Config), (12 bytes).
    Removing hal_tim.o(i.TIM_ForcedOC4Config), (16 bytes).
    Removing hal_tim.o(i.TIM_GenerateEvent), (4 bytes).
    Removing hal_tim.o(i.TIM_GetCapture1), (6 bytes).
    Removing hal_tim.o(i.TIM_GetCapture2), (6 bytes).
    Removing hal_tim.o(i.TIM_GetCapture3), (6 bytes).
    Removing hal_tim.o(i.TIM_GetCapture4), (6 bytes).
    Removing hal_tim.o(i.TIM_GetCounter), (6 bytes).
    Removing hal_tim.o(i.TIM_GetFlagStatus), (18 bytes).
    Removing hal_tim.o(i.TIM_GetITStatus), (26 bytes).
    Removing hal_tim.o(i.TIM_GetPrescaler), (8 bytes).
    Removing hal_tim.o(i.TIM_ICInit), (120 bytes).
    Removing hal_tim.o(i.TIM_ICStructInit), (18 bytes).
    Removing hal_tim.o(i.TIM_ITConfig), (20 bytes).
    Removing hal_tim.o(i.TIM_ITRxExternalClockConfig), (24 bytes).
    Removing hal_tim.o(i.TIM_InternalClockConfig), (10 bytes).
    Removing hal_tim.o(i.TIM_OC1FastConfig), (12 bytes).
    Removing hal_tim.o(i.TIM_OC1NPolarityConfig), (12 bytes).
    Removing hal_tim.o(i.TIM_OC1PolarityConfig), (12 bytes).
    Removing hal_tim.o(i.TIM_OC1PreloadConfig), (12 bytes).
    Removing hal_tim.o(i.TIM_OC2FastConfig), (16 bytes).
    Removing hal_tim.o(i.TIM_OC2NPolarityConfig), (14 bytes).
    Removing hal_tim.o(i.TIM_OC2PolarityConfig), (14 bytes).
    Removing hal_tim.o(i.TIM_OC3FastConfig), (12 bytes).
    Removing hal_tim.o(i.TIM_OC3NPolarityConfig), (16 bytes).
    Removing hal_tim.o(i.TIM_OC3PolarityConfig), (16 bytes).
    Removing hal_tim.o(i.TIM_OC4FastConfig), (16 bytes).
    Removing hal_tim.o(i.TIM_OC4PolarityConfig), (16 bytes).
    Removing hal_tim.o(i.TIM_OCStructInit), (20 bytes).
    Removing hal_tim.o(i.TIM_PWMIConfig), (128 bytes).
    Removing hal_tim.o(i.TIM_PWMShiftConfig), (20 bytes).
    Removing hal_tim.o(i.TIM_PrescalerConfig), (6 bytes).
    Removing hal_tim.o(i.TIM_SelectCCDMA), (24 bytes).
    Removing hal_tim.o(i.TIM_SelectCOM), (24 bytes).
    Removing hal_tim.o(i.TIM_SelectHallSensor), (24 bytes).
    Removing hal_tim.o(i.TIM_SelectInputTrigger), (12 bytes).
    Removing hal_tim.o(i.TIM_SelectMasterSlaveMode), (12 bytes).
    Removing hal_tim.o(i.TIM_SelectOCxM), (92 bytes).
    Removing hal_tim.o(i.TIM_SelectOnePulseMode), (12 bytes).
    Removing hal_tim.o(i.TIM_SelectOutputTrigger), (12 bytes).
    Removing hal_tim.o(i.TIM_SelectSlaveMode), (12 bytes).
    Removing hal_tim.o(i.TIM_SetAutoreload), (4 bytes).
    Removing hal_tim.o(i.TIM_SetCCR1FALL), (16 bytes).
    Removing hal_tim.o(i.TIM_SetCCR2FALL), (16 bytes).
    Removing hal_tim.o(i.TIM_SetCCR3FALL), (16 bytes).
    Removing hal_tim.o(i.TIM_SetCCR4FALL), (16 bytes).
    Removing hal_tim.o(i.TIM_SetCCR5FALL), (16 bytes).
    Removing hal_tim.o(i.TIM_SetClockDivision), (14 bytes).
    Removing hal_tim.o(i.TIM_SetCompare1), (18 bytes).
    Removing hal_tim.o(i.TIM_SetCompare2), (18 bytes).
    Removing hal_tim.o(i.TIM_SetCompare3), (18 bytes).
    Removing hal_tim.o(i.TIM_SetCompare4), (18 bytes).
    Removing hal_tim.o(i.TIM_SetCounter), (18 bytes).
    Removing hal_tim.o(i.TIM_SetIC1Prescaler), (12 bytes).
    Removing hal_tim.o(i.TIM_SetIC2Prescaler), (16 bytes).
    Removing hal_tim.o(i.TIM_SetIC3Prescaler), (12 bytes).
    Removing hal_tim.o(i.TIM_SetIC4Prescaler), (16 bytes).
    Removing hal_tim.o(i.TIM_TIxExternalClockConfig), (58 bytes).
    Removing hal_tim.o(i.TIM_TimeBaseStructInit), (18 bytes).
    Removing hal_tim.o(i.TIM_UpdateDisableConfig), (24 bytes).
    Removing hal_tim.o(i.TIM_UpdateRequestConfig), (12 bytes).
    Removing hal_tim.o(i.exTIM_ClearOC5Ref), (12 bytes).
    Removing hal_tim.o(i.exTIM_GetCapture5), (6 bytes).
    Removing hal_tim.o(i.exTIM_OC5FastConfig), (12 bytes).
    Removing hal_tim.o(i.exTIM_OC5Init), (60 bytes).
    Removing hal_tim.o(i.exTIM_OC5PolarityConfig), (16 bytes).
    Removing hal_tim.o(i.exTIM_OC5PreloadConfig), (12 bytes).
    Removing hal_tim.o(i.exTIM_SetCompare5), (6 bytes).
    Removing hal_tim.o(i.exTIM_SetIC1Plority), (24 bytes).
    Removing hal_tim.o(i.exTIM_SetIC2Plority), (24 bytes).
    Removing hal_tim.o(i.exTIM_SetIC3Plority), (28 bytes).
    Removing hal_tim.o(i.exTIM_SetIC4Plority), (28 bytes).
    Removing hal_uart.o(.rev16_text), (4 bytes).
    Removing hal_uart.o(.revsh_text), (4 bytes).
    Removing hal_uart.o(i.UART_AutoBaudRateCmd), (24 bytes).
    Removing hal_uart.o(i.UART_AutoBaudRateSet), (178 bytes).
    Removing hal_uart.o(i.UART_ClearITPendingBit), (4 bytes).
    Removing hal_uart.o(i.UART_Cmd), (12 bytes).
    Removing hal_uart.o(i.UART_DMACmd), (18 bytes).
    Removing hal_uart.o(i.UART_DeInit), (44 bytes).
    Removing hal_uart.o(i.UART_Enable9bit), (16 bytes).
    Removing hal_uart.o(i.UART_GetFlagStatus), (18 bytes).
    Removing hal_uart.o(i.UART_GetITStatus), (18 bytes).
    Removing hal_uart.o(i.UART_HalfDuplexCmd), (16 bytes).
    Removing hal_uart.o(i.UART_ITConfig), (20 bytes).
    Removing hal_uart.o(i.UART_Init), (120 bytes).
    Removing hal_uart.o(i.UART_ReceiveData), (8 bytes).
    Removing hal_uart.o(i.UART_ReceiverWakeUpCmd), (16 bytes).
    Removing hal_uart.o(i.UART_SendBreak), (10 bytes).
    Removing hal_uart.o(i.UART_SendData), (6 bytes).
    Removing hal_uart.o(i.UART_Set9bitAutomaticToggle), (16 bytes).
    Removing hal_uart.o(i.UART_Set9bitLevel), (16 bytes).
    Removing hal_uart.o(i.UART_Set9bitPolarity), (14 bytes).
    Removing hal_uart.o(i.UART_SetGuardTime), (16 bytes).
    Removing hal_uart.o(i.UART_SetRXAddress), (12 bytes).
    Removing hal_uart.o(i.UART_SetRXMASK), (12 bytes).
    Removing hal_uart.o(i.UART_SmartCardCmd), (12 bytes).
    Removing hal_uart.o(i.UART_SmartCardNACKCmd), (14 bytes).
    Removing hal_uart.o(i.UART_StructInit), (26 bytes).
    Removing hal_uart.o(i.UART_WakeUpConfig), (14 bytes).
    Removing hal_uid.o(.rev16_text), (4 bytes).
    Removing hal_uid.o(.revsh_text), (4 bytes).
    Removing hal_uid.o(i.GetChipUID), (32 bytes).
    Removing hal_uid.o(.bss), (12 bytes).
    Removing hal_ver.o(.rev16_text), (4 bytes).
    Removing hal_ver.o(.revsh_text), (4 bytes).
    Removing hal_ver.o(i.Get_ChipsetDEVID), (12 bytes).
    Removing hal_ver.o(i.Get_ChipsetREVID), (16 bytes).
    Removing hal_ver.o(i.Get_ChipsetUIDw0), (12 bytes).
    Removing hal_ver.o(i.Get_ChipsetUIDw1), (12 bytes).
    Removing hal_ver.o(i.Get_ChipsetUIDw2), (12 bytes).
    Removing hal_ver.o(i.Get_MM32LibReleaseDate), (8 bytes).
    Removing hal_ver.o(i.Get_MM32LibVersion), (8 bytes).
    Removing hal_wwdg.o(.rev16_text), (4 bytes).
    Removing hal_wwdg.o(.revsh_text), (4 bytes).
    Removing hal_wwdg.o(i.WWDG_ClearFlag), (20 bytes).
    Removing hal_wwdg.o(i.WWDG_DeInit), (12 bytes).
    Removing hal_wwdg.o(i.WWDG_Enable), (16 bytes).
    Removing hal_wwdg.o(i.WWDG_EnableIT), (20 bytes).
    Removing hal_wwdg.o(i.WWDG_GetCounter), (16 bytes).
    Removing hal_wwdg.o(i.WWDG_GetFlagStatus), (20 bytes).
    Removing hal_wwdg.o(i.WWDG_SetCounter), (16 bytes).
    Removing hal_wwdg.o(i.WWDG_SetPrescaler), (24 bytes).
    Removing hal_wwdg.o(i.WWDG_SetWindowValue), (24 bytes).

484 unused section(s) (total 14691 bytes) removed from the image.

==============================================================================

Image Symbol Table

    Local Symbols

    Symbol Name                              Value     Ov Type        Size  Object(Section)

    ../clib/microlib/division.c              0x00000000   Number         0  uidiv.o ABSOLUTE
    ../clib/microlib/division.c              0x00000000   Number         0  idiv.o ABSOLUTE
    ../clib/microlib/errno.c                 0x00000000   Number         0  errno.o ABSOLUTE
    ../clib/microlib/init/entry.s            0x00000000   Number         0  entry10a.o ABSOLUTE
    ../clib/microlib/init/entry.s            0x00000000   Number         0  entry8b.o ABSOLUTE
    ../clib/microlib/init/entry.s            0x00000000   Number         0  entry9b.o ABSOLUTE
    ../clib/microlib/init/entry.s            0x00000000   Number         0  entry8a.o ABSOLUTE
    ../clib/microlib/init/entry.s            0x00000000   Number         0  entry.o ABSOLUTE
    ../clib/microlib/init/entry.s            0x00000000   Number         0  entry11b.o ABSOLUTE
    ../clib/microlib/init/entry.s            0x00000000   Number         0  entry11a.o ABSOLUTE
    ../clib/microlib/init/entry.s            0x00000000   Number         0  entry2.o ABSOLUTE
    ../clib/microlib/init/entry.s            0x00000000   Number         0  entry10b.o ABSOLUTE
    ../clib/microlib/init/entry.s            0x00000000   Number         0  entry5.o ABSOLUTE
    ../clib/microlib/init/entry.s            0x00000000   Number         0  entry7b.o ABSOLUTE
    ../clib/microlib/init/entry.s            0x00000000   Number         0  entry7a.o ABSOLUTE
    ../clib/microlib/init/entry.s            0x00000000   Number         0  entry9a.o ABSOLUTE
    ../clib/microlib/longlong.c              0x00000000   Number         0  llshl.o ABSOLUTE
    ../clib/microlib/longlong.c              0x00000000   Number         0  llushr.o ABSOLUTE
    ../clib/microlib/longlong.c              0x00000000   Number         0  llsshr.o ABSOLUTE
    ../clib/microlib/string/memcpy.c         0x00000000   Number         0  memcpyb.o ABSOLUTE
    ../clib/microlib/string/memcpy.c         0x00000000   Number         0  memcpya.o ABSOLUTE
    ../clib/microlib/stubs.s                 0x00000000   Number         0  iusefp.o ABSOLUTE
    ../fplib/microlib/d2f.c                  0x00000000   Number         0  d2f.o ABSOLUTE
    ../fplib/microlib/f2d.c                  0x00000000   Number         0  f2d.o ABSOLUTE
    ../fplib/microlib/fpadd.c                0x00000000   Number         0  dadd.o ABSOLUTE
    ../fplib/microlib/fpdiv.c                0x00000000   Number         0  ddiv.o ABSOLUTE
    ../fplib/microlib/fpepilogue.c           0x00000000   Number         0  depilogue.o ABSOLUTE
    ../fplib/microlib/fpepilogue.c           0x00000000   Number         0  fepilogue.o ABSOLUTE
    ../fplib/microlib/fpfix.c                0x00000000   Number         0  ffixi.o ABSOLUTE
    ../fplib/microlib/fpfix.c                0x00000000   Number         0  dfixi.o ABSOLUTE
    ../fplib/microlib/fpflt.c                0x00000000   Number         0  dfltui.o ABSOLUTE
    ../fplib/microlib/fpflt.c                0x00000000   Number         0  dflti.o ABSOLUTE
    ../fplib/microlib/fpmul.c                0x00000000   Number         0  dmul.o ABSOLUTE
    ../fplib/microlib/fpmul.c                0x00000000   Number         0  fmul.o ABSOLUTE
    ../fplib/microlib/fpscalb.c              0x00000000   Number         0  dscalb.o ABSOLUTE
    ../mathlib/dunder.c                      0x00000000   Number         0  dunder.o ABSOLUTE
    ../mathlib/log.c                         0x00000000   Number         0  log_x.o ABSOLUTE
    ../mathlib/log.c                         0x00000000   Number         0  log.o ABSOLUTE
    ../mathlib/poly.c                        0x00000000   Number         0  poly.o ABSOLUTE
    ../mathlib/qnan.c                        0x00000000   Number         0  qnan.o ABSOLUTE
    ..\Device\MM32SPIN06xx_s\HAL_Lib\Src\hal_adc.c 0x00000000   Number         0  hal_adc.o ABSOLUTE
    ..\Device\MM32SPIN06xx_s\HAL_Lib\Src\hal_bkp.c 0x00000000   Number         0  hal_bkp.o ABSOLUTE
    ..\Device\MM32SPIN06xx_s\HAL_Lib\Src\hal_can.c 0x00000000   Number         0  hal_can.o ABSOLUTE
    ..\Device\MM32SPIN06xx_s\HAL_Lib\Src\hal_comp.c 0x00000000   Number         0  hal_comp.o ABSOLUTE
    ..\Device\MM32SPIN06xx_s\HAL_Lib\Src\hal_crc.c 0x00000000   Number         0  hal_crc.o ABSOLUTE
    ..\Device\MM32SPIN06xx_s\HAL_Lib\Src\hal_dbg.c 0x00000000   Number         0  hal_dbg.o ABSOLUTE
    ..\Device\MM32SPIN06xx_s\HAL_Lib\Src\hal_div.c 0x00000000   Number         0  hal_div.o ABSOLUTE
    ..\Device\MM32SPIN06xx_s\HAL_Lib\Src\hal_dma.c 0x00000000   Number         0  hal_dma.o ABSOLUTE
    ..\Device\MM32SPIN06xx_s\HAL_Lib\Src\hal_exti.c 0x00000000   Number         0  hal_exti.o ABSOLUTE
    ..\Device\MM32SPIN06xx_s\HAL_Lib\Src\hal_flash.c 0x00000000   Number         0  hal_flash.o ABSOLUTE
    ..\Device\MM32SPIN06xx_s\HAL_Lib\Src\hal_gpio.c 0x00000000   Number         0  hal_gpio.o ABSOLUTE
    ..\Device\MM32SPIN06xx_s\HAL_Lib\Src\hal_i2c.c 0x00000000   Number         0  hal_i2c.o ABSOLUTE
    ..\Device\MM32SPIN06xx_s\HAL_Lib\Src\hal_iwdg.c 0x00000000   Number         0  hal_iwdg.o ABSOLUTE
    ..\Device\MM32SPIN06xx_s\HAL_Lib\Src\hal_misc.c 0x00000000   Number         0  hal_misc.o ABSOLUTE
    ..\Device\MM32SPIN06xx_s\HAL_Lib\Src\hal_pwr.c 0x00000000   Number         0  hal_pwr.o ABSOLUTE
    ..\Device\MM32SPIN06xx_s\HAL_Lib\Src\hal_rcc.c 0x00000000   Number         0  hal_rcc.o ABSOLUTE
    ..\Device\MM32SPIN06xx_s\HAL_Lib\Src\hal_spi.c 0x00000000   Number         0  hal_spi.o ABSOLUTE
    ..\Device\MM32SPIN06xx_s\HAL_Lib\Src\hal_tim.c 0x00000000   Number         0  hal_tim.o ABSOLUTE
    ..\Device\MM32SPIN06xx_s\HAL_Lib\Src\hal_uart.c 0x00000000   Number         0  hal_uart.o ABSOLUTE
    ..\Device\MM32SPIN06xx_s\HAL_Lib\Src\hal_uid.c 0x00000000   Number         0  hal_uid.o ABSOLUTE
    ..\Device\MM32SPIN06xx_s\HAL_Lib\Src\hal_ver.c 0x00000000   Number         0  hal_ver.o ABSOLUTE
    ..\Device\MM32SPIN06xx_s\HAL_Lib\Src\hal_wwdg.c 0x00000000   Number         0  hal_wwdg.o ABSOLUTE
    ..\Device\MM32SPIN06xx_s\Source\KEIL_StartAsm\startup_mm32spin06xx_s_keil.s 0x00000000   Number         0  startup_mm32spin06xx_s_keil.o ABSOLUTE
    ..\Device\MM32SPIN06xx_s\Source\system_mm32spin06xx_s.c 0x00000000   Number         0  system_mm32spin06xx_s.o ABSOLUTE
    ..\SYSTEM\DELAY\delay.c                  0x00000000   Number         0  delay.o ABSOLUTE
    ..\SYSTEM\SYS\sys.c                      0x00000000   Number         0  sys.o ABSOLUTE
    ..\SYSTEM\UART\uart.c                    0x00000000   Number         0  uart.o ABSOLUTE
    ..\USER\bsp_adc.c                        0x00000000   Number         0  bsp_adc.o ABSOLUTE
    ..\USER\bsp_iwdg.c                       0x00000000   Number         0  bsp_iwdg.o ABSOLUTE
    ..\USER\bsp_tim.c                        0x00000000   Number         0  bsp_tim.o ABSOLUTE
    ..\USER\key.c                            0x00000000   Number         0  key.o ABSOLUTE
    ..\USER\led.c                            0x00000000   Number         0  led.o ABSOLUTE
    ..\USER\main.c                           0x00000000   Number         0  main.o ABSOLUTE
    ..\\Device\\MM32SPIN06xx_s\\HAL_Lib\\Src\\hal_adc.c 0x00000000   Number         0  hal_adc.o ABSOLUTE
    ..\\Device\\MM32SPIN06xx_s\\HAL_Lib\\Src\\hal_bkp.c 0x00000000   Number         0  hal_bkp.o ABSOLUTE
    ..\\Device\\MM32SPIN06xx_s\\HAL_Lib\\Src\\hal_can.c 0x00000000   Number         0  hal_can.o ABSOLUTE
    ..\\Device\\MM32SPIN06xx_s\\HAL_Lib\\Src\\hal_comp.c 0x00000000   Number         0  hal_comp.o ABSOLUTE
    ..\\Device\\MM32SPIN06xx_s\\HAL_Lib\\Src\\hal_crc.c 0x00000000   Number         0  hal_crc.o ABSOLUTE
    ..\\Device\\MM32SPIN06xx_s\\HAL_Lib\\Src\\hal_dbg.c 0x00000000   Number         0  hal_dbg.o ABSOLUTE
    ..\\Device\\MM32SPIN06xx_s\\HAL_Lib\\Src\\hal_div.c 0x00000000   Number         0  hal_div.o ABSOLUTE
    ..\\Device\\MM32SPIN06xx_s\\HAL_Lib\\Src\\hal_dma.c 0x00000000   Number         0  hal_dma.o ABSOLUTE
    ..\\Device\\MM32SPIN06xx_s\\HAL_Lib\\Src\\hal_exti.c 0x00000000   Number         0  hal_exti.o ABSOLUTE
    ..\\Device\\MM32SPIN06xx_s\\HAL_Lib\\Src\\hal_flash.c 0x00000000   Number         0  hal_flash.o ABSOLUTE
    ..\\Device\\MM32SPIN06xx_s\\HAL_Lib\\Src\\hal_gpio.c 0x00000000   Number         0  hal_gpio.o ABSOLUTE
    ..\\Device\\MM32SPIN06xx_s\\HAL_Lib\\Src\\hal_i2c.c 0x00000000   Number         0  hal_i2c.o ABSOLUTE
    ..\\Device\\MM32SPIN06xx_s\\HAL_Lib\\Src\\hal_iwdg.c 0x00000000   Number         0  hal_iwdg.o ABSOLUTE
    ..\\Device\\MM32SPIN06xx_s\\HAL_Lib\\Src\\hal_misc.c 0x00000000   Number         0  hal_misc.o ABSOLUTE
    ..\\Device\\MM32SPIN06xx_s\\HAL_Lib\\Src\\hal_pwr.c 0x00000000   Number         0  hal_pwr.o ABSOLUTE
    ..\\Device\\MM32SPIN06xx_s\\HAL_Lib\\Src\\hal_rcc.c 0x00000000   Number         0  hal_rcc.o ABSOLUTE
    ..\\Device\\MM32SPIN06xx_s\\HAL_Lib\\Src\\hal_spi.c 0x00000000   Number         0  hal_spi.o ABSOLUTE
    ..\\Device\\MM32SPIN06xx_s\\HAL_Lib\\Src\\hal_tim.c 0x00000000   Number         0  hal_tim.o ABSOLUTE
    ..\\Device\\MM32SPIN06xx_s\\HAL_Lib\\Src\\hal_uart.c 0x00000000   Number         0  hal_uart.o ABSOLUTE
    ..\\Device\\MM32SPIN06xx_s\\HAL_Lib\\Src\\hal_uid.c 0x00000000   Number         0  hal_uid.o ABSOLUTE
    ..\\Device\\MM32SPIN06xx_s\\HAL_Lib\\Src\\hal_ver.c 0x00000000   Number         0  hal_ver.o ABSOLUTE
    ..\\Device\\MM32SPIN06xx_s\\HAL_Lib\\Src\\hal_wwdg.c 0x00000000   Number         0  hal_wwdg.o ABSOLUTE
    ..\\Device\\MM32SPIN06xx_s\\Source\\system_mm32spin06xx_s.c 0x00000000   Number         0  system_mm32spin06xx_s.o ABSOLUTE
    ..\\SYSTEM\\DELAY\\delay.c               0x00000000   Number         0  delay.o ABSOLUTE
    ..\\SYSTEM\\SYS\\sys.c                   0x00000000   Number         0  sys.o ABSOLUTE
    ..\\SYSTEM\\UART\\uart.c                 0x00000000   Number         0  uart.o ABSOLUTE
    ..\\USER\\bsp_adc.c                      0x00000000   Number         0  bsp_adc.o ABSOLUTE
    ..\\USER\\bsp_iwdg.c                     0x00000000   Number         0  bsp_iwdg.o ABSOLUTE
    ..\\USER\\bsp_tim.c                      0x00000000   Number         0  bsp_tim.o ABSOLUTE
    ..\\USER\\key.c                          0x00000000   Number         0  key.o ABSOLUTE
    ..\\USER\\led.c                          0x00000000   Number         0  led.o ABSOLUTE
    ..\\USER\\main.c                         0x00000000   Number         0  main.o ABSOLUTE
    cdcmple.s                                0x00000000   Number         0  cdcmple.o ABSOLUTE
    dc.s                                     0x00000000   Number         0  dc.o ABSOLUTE
    handlers.s                               0x00000000   Number         0  handlers.o ABSOLUTE
    init.s                                   0x00000000   Number         0  init.o ABSOLUTE
    RESET                                    0x08000000   Section      192  startup_mm32spin06xx_s_keil.o(RESET)
    .ARM.Collect$$$$00000000                 0x080000c0   Section        0  entry.o(.ARM.Collect$$$$00000000)
    .ARM.Collect$$$$00000001                 0x080000c0   Section        4  entry2.o(.ARM.Collect$$$$00000001)
    .ARM.Collect$$$$00000004                 0x080000c4   Section        4  entry5.o(.ARM.Collect$$$$00000004)
    .ARM.Collect$$$$00000008                 0x080000c8   Section        0  entry7b.o(.ARM.Collect$$$$00000008)
    .ARM.Collect$$$$0000000A                 0x080000c8   Section        0  entry8b.o(.ARM.Collect$$$$0000000A)
    .ARM.Collect$$$$0000000B                 0x080000c8   Section        8  entry9a.o(.ARM.Collect$$$$0000000B)
    .ARM.Collect$$$$0000000D                 0x080000d0   Section        0  entry10a.o(.ARM.Collect$$$$0000000D)
    .ARM.Collect$$$$0000000F                 0x080000d0   Section        0  entry11a.o(.ARM.Collect$$$$0000000F)
    .ARM.Collect$$$$00002712                 0x080000d0   Section        4  entry2.o(.ARM.Collect$$$$00002712)
    __lit__00000000                          0x080000d0   Data           4  entry2.o(.ARM.Collect$$$$00002712)
    .text                                    0x080000d4   Section       96  startup_mm32spin06xx_s_keil.o(.text)
    .text                                    0x08000134   Section        0  uidiv.o(.text)
    .text                                    0x08000160   Section        0  idiv.o(.text)
    .text                                    0x08000188   Section        0  fmul.o(.text)
    .text                                    0x08000204   Section        0  dmul.o(.text)
    .text                                    0x080002d4   Section        0  ddiv.o(.text)
    .text                                    0x080003c4   Section        0  dfltui.o(.text)
    .text                                    0x080003e0   Section        0  ffixi.o(.text)
    .text                                    0x08000414   Section        0  dfixi.o(.text)
    .text                                    0x0800045c   Section        0  f2d.o(.text)
    .text                                    0x08000484   Section       40  cdcmple.o(.text)
    .text                                    0x080004ac   Section        0  d2f.o(.text)
    .text                                    0x080004e4   Section        0  llushr.o(.text)
    .text                                    0x08000506   Section        0  fepilogue.o(.text)
    .text                                    0x08000506   Section        0  iusefp.o(.text)
    .text                                    0x08000588   Section        0  depilogue.o(.text)
    .text                                    0x08000648   Section        0  dadd.o(.text)
    .text                                    0x080007ac   Section        0  dscalb.o(.text)
    .text                                    0x080007d8   Section        0  dflti.o(.text)
    .text                                    0x08000800   Section       36  init.o(.text)
    .text                                    0x08000824   Section        0  llshl.o(.text)
    .text                                    0x08000844   Section        0  llsshr.o(.text)
    i.ADC1_SingleChannel_Get                 0x0800086c   Section        0  bsp_adc.o(i.ADC1_SingleChannel_Get)
    i.ADC_ANY_Cmd                            0x080008a8   Section        0  hal_adc.o(i.ADC_ANY_Cmd)
    i.ADC_ClearFlag                          0x080008c0   Section        0  hal_adc.o(i.ADC_ClearFlag)
    i.ADC_Cmd                                0x080008d8   Section        0  hal_adc.o(i.ADC_Cmd)
    i.ADC_DMACmd                             0x080008f0   Section        0  hal_adc.o(i.ADC_DMACmd)
    i.ADC_ExternalTrigConvCmd                0x08000908   Section        0  hal_adc.o(i.ADC_ExternalTrigConvCmd)
    i.ADC_GPIO_Config                        0x08000920   Section        0  bsp_adc.o(i.ADC_GPIO_Config)
    i.ADC_GetConversionValue                 0x08000984   Section        0  hal_adc.o(i.ADC_GetConversionValue)
    i.ADC_GetFlagStatus                      0x0800098a   Section        0  hal_adc.o(i.ADC_GetFlagStatus)
    i.ADC_ITConfig                           0x080009a0   Section        0  hal_adc.o(i.ADC_ITConfig)
    i.ADC_Init                               0x080009d8   Section        0  hal_adc.o(i.ADC_Init)
    i.ADC_Initialize                         0x08000a10   Section        0  bsp_adc.o(i.ADC_Initialize)
    i.ADC_Mode_Config                        0x08000a4c   Section        0  bsp_adc.o(i.ADC_Mode_Config)
    i.ADC_SoftwareStartConvCmd               0x08000ab8   Section        0  hal_adc.o(i.ADC_SoftwareStartConvCmd)
    i.ADConversion                           0x08000ad4   Section        0  bsp_adc.o(i.ADConversion)
    i.ADCxChannelEnable                      0x08000af8   Section        0  hal_adc.o(i.ADCxChannelEnable)
    i.ADCxSampleTimeConfig                   0x08000b0e   Section        0  hal_adc.o(i.ADCxSampleTimeConfig)
    i.AutoCalPllFactor                       0x08000b20   Section        0  system_mm32spin06xx_s.o(i.AutoCalPllFactor)
    i.BCD                                    0x08000b8c   Section        0  led.o(i.BCD)
    i.CpyData                                0x08000c00   Section        0  led.o(i.CpyData)
    i.DELAY_Init                             0x08000c50   Section        0  delay.o(i.DELAY_Init)
    i.Delay                                  0x08000ca4   Section        0  main.o(i.Delay)
    i.GPIO_Init                              0x08000cb0   Section        0  hal_gpio.o(i.GPIO_Init)
    i.GPIO_PinAFConfig                       0x08000d4a   Section        0  hal_gpio.o(i.GPIO_PinAFConfig)
    i.GPIO_ReadInputDataBit                  0x08000d72   Section        0  hal_gpio.o(i.GPIO_ReadInputDataBit)
    i.GPIO_ResetBits                         0x08000d84   Section        0  hal_gpio.o(i.GPIO_ResetBits)
    i.GPIO_SetBits                           0x08000d88   Section        0  hal_gpio.o(i.GPIO_SetBits)
    i.GPIO_WriteBit                          0x08000d8c   Section        0  hal_gpio.o(i.GPIO_WriteBit)
    i.Get_Adc_Average                        0x08000d98   Section        0  bsp_adc.o(i.Get_Adc_Average)
    i.IWDG_Enable                            0x08000dc8   Section        0  hal_iwdg.o(i.IWDG_Enable)
    i.IWDG_GetFlagStatus                     0x08000dd8   Section        0  hal_iwdg.o(i.IWDG_GetFlagStatus)
    i.IWDG_Init                              0x08000df0   Section        0  bsp_iwdg.o(i.IWDG_Init)
    i.IWDG_ReloadCounter                     0x08000e50   Section        0  hal_iwdg.o(i.IWDG_ReloadCounter)
    i.IWDG_SetPrescaler                      0x08000e60   Section        0  hal_iwdg.o(i.IWDG_SetPrescaler)
    i.IWDG_SetReload                         0x08000e74   Section        0  hal_iwdg.o(i.IWDG_SetReload)
    i.IWDG_WriteAccessCmd                    0x08000e88   Section        0  hal_iwdg.o(i.IWDG_WriteAccessCmd)
    i.KEY_Init                               0x08000e94   Section        0  key.o(i.KEY_Init)
    i.KEY_Scan                               0x08000ee0   Section        0  key.o(i.KEY_Scan)
    i.LEDDisp                                0x08000f20   Section        0  led.o(i.LEDDisp)
    i.LED_Init                               0x08001070   Section        0  led.o(i.LED_Init)
    i.PVU_CheckStatus                        0x08001108   Section        0  hal_iwdg.o(i.PVU_CheckStatus)
    i.PWM_Output_Config                      0x08001118   Section        0  bsp_tim.o(i.PWM_Output_Config)
    i.ProDisp                                0x08001124   Section        0  led.o(i.ProDisp)
    i.ProKey                                 0x08001598   Section        0  key.o(i.ProKey)
    i.ProOptAGC                              0x080015fc   Section        0  main.o(i.ProOptAGC)
    i.Pro_Key                                0x080016f8   Section        0  key.o(i.Pro_Key)
    i.RCC_AHBPeriphClockCmd                  0x08001738   Section        0  hal_rcc.o(i.RCC_AHBPeriphClockCmd)
    i.RCC_APB2PeriphClockCmd                 0x08001758   Section        0  hal_rcc.o(i.RCC_APB2PeriphClockCmd)
    i.RCC_ClearFlag                          0x08001778   Section        0  hal_rcc.o(i.RCC_ClearFlag)
    i.RCC_GetFlagStatus                      0x0800178c   Section        0  hal_rcc.o(i.RCC_GetFlagStatus)
    i.RCC_LSICmd                             0x080017c4   Section        0  hal_rcc.o(i.RCC_LSICmd)
    i.RVU_CheckStatus                        0x080017d8   Section        0  hal_iwdg.o(i.RVU_CheckStatus)
    i.SetSysClock                            0x080017e8   Section        0  system_mm32spin06xx_s.o(i.SetSysClock)
    SetSysClock                              0x080017e9   Thumb Code     8  system_mm32spin06xx_s.o(i.SetSysClock)
    i.SetSysClockToXX_HSI                    0x080017f0   Section        0  system_mm32spin06xx_s.o(i.SetSysClockToXX_HSI)
    SetSysClockToXX_HSI                      0x080017f1   Thumb Code   276  system_mm32spin06xx_s.o(i.SetSysClockToXX_HSI)
    i.SysTick_Handler                        0x08001920   Section        0  delay.o(i.SysTick_Handler)
    i.SystemInit                             0x08001954   Section        0  system_mm32spin06xx_s.o(i.SystemInit)
    i.TIM_ARRPreloadConfig                   0x080019c0   Section        0  hal_tim.o(i.TIM_ARRPreloadConfig)
    i.TIM_Cmd                                0x080019d8   Section        0  hal_tim.o(i.TIM_Cmd)
    i.TIM_CtrlPWMOutputs                     0x080019f0   Section        0  hal_tim.o(i.TIM_CtrlPWMOutputs)
    i.TIM_GPIO_Config                        0x08001a0c   Section        0  bsp_tim.o(i.TIM_GPIO_Config)
    i.TIM_MODE_Config                        0x08001a94   Section        0  bsp_tim.o(i.TIM_MODE_Config)
    i.TIM_OC1Init                            0x08001b3c   Section        0  hal_tim.o(i.TIM_OC1Init)
    i.TIM_OC2Init                            0x08001ba0   Section        0  hal_tim.o(i.TIM_OC2Init)
    i.TIM_OC2PreloadConfig                   0x08001c00   Section        0  hal_tim.o(i.TIM_OC2PreloadConfig)
    i.TIM_OC3Init                            0x08001c10   Section        0  hal_tim.o(i.TIM_OC3Init)
    i.TIM_OC3PreloadConfig                   0x08001c6c   Section        0  hal_tim.o(i.TIM_OC3PreloadConfig)
    i.TIM_OC4Init                            0x08001c78   Section        0  hal_tim.o(i.TIM_OC4Init)
    i.TIM_OC4PreloadConfig                   0x08001cc0   Section        0  hal_tim.o(i.TIM_OC4PreloadConfig)
    i.TIM_TimeBaseInit                       0x08001cd0   Section        0  hal_tim.o(i.TIM_TimeBaseInit)
    i.TestLED                                0x08001d3c   Section        0  led.o(i.TestLED)
    i.WriteLedPort                           0x08001d7c   Section        0  led.o(i.WriteLedPort)
    i.WritePWM                               0x08001dbc   Section        0  bsp_tim.o(i.WritePWM)
    i.__ARM_clz                              0x08001e28   Section        0  depilogue.o(i.__ARM_clz)
    i.__ARM_common_switch8                   0x08001e56   Section        0  led.o(i.__ARM_common_switch8)
    i.__NVIC_SetPriority                     0x08001e74   Section        0  delay.o(i.__NVIC_SetPriority)
    __NVIC_SetPriority                       0x08001e75   Thumb Code   110  delay.o(i.__NVIC_SetPriority)
    i.__kernel_poly                          0x08001eec   Section        0  poly.o(i.__kernel_poly)
    i.__mathlib_dbl_divzero                  0x08001f98   Section        0  dunder.o(i.__mathlib_dbl_divzero)
    i.__mathlib_dbl_infnan                   0x08001fac   Section        0  dunder.o(i.__mathlib_dbl_infnan)
    i.__mathlib_dbl_invalid                  0x08001fb6   Section        0  dunder.o(i.__mathlib_dbl_invalid)
    i.__scatterload_copy                     0x08001fc6   Section       14  handlers.o(i.__scatterload_copy)
    i.__scatterload_null                     0x08001fd4   Section        2  handlers.o(i.__scatterload_null)
    i.__scatterload_zeroinit                 0x08001fd6   Section       14  handlers.o(i.__scatterload_zeroinit)
    i.__set_errno                            0x08001fe4   Section        0  errno.o(i.__set_errno)
    i.log                                    0x08001ff0   Section        0  log.o(i.log)
    i.main                                   0x08002344   Section        0  main.o(i.main)
    .constdata                               0x080026ac   Section      106  main.o(.constdata)
    .constdata                               0x08002716   Section       29  led.o(.constdata)
    smg                                      0x08002716   Data          29  led.o(.constdata)
    .constdata                               0x08002738   Section       56  log.o(.constdata)
    Lg2                                      0x08002738   Data          24  log.o(.constdata)
    Lg                                       0x08002750   Data          32  log.o(.constdata)
    .constdata                               0x08002770   Section        8  qnan.o(.constdata)
    .data                                    0x20000000   Section       20  system_mm32spin06xx_s.o(.data)
    .data                                    0x20000014   Section       24  main.o(.data)
    .data                                    0x2000002c   Section       10  key.o(.data)
    .data                                    0x20000038   Section       20  led.o(.data)
    LEDTICK                                  0x2000004b   Data           1  led.o(.data)
    .data                                    0x2000004c   Section        4  errno.o(.data)
    _errno                                   0x2000004c   Data           4  errno.o(.data)
    .bss                                     0x20000050   Section       25  main.o(.bss)
    STACK                                    0x20000070   Section     1024  startup_mm32spin06xx_s_keil.o(STACK)

    Global Symbols

    Symbol Name                              Value     Ov Type        Size  Object(Section)

    BuildAttributes$$THM_ISAv3M$S$PE$A:L22$X:L11$S22$IEEE1$IW$USESV6$~STKCKD$USESV7$~SHL$OTIME$ROPI$IEEEX$EBA8$MICROLIB$REQ8$PRES8$EABIv2 0x00000000   Number         0  anon$$obj.o ABSOLUTE
    __ARM_use_no_argv                        0x00000000   Number         0  main.o ABSOLUTE
    __cpp_initialize__aeabi_                  - Undefined Weak Reference
    __cxa_finalize                            - Undefined Weak Reference
    __decompress                              - Undefined Weak Reference
    _clock_init                               - Undefined Weak Reference
    _microlib_exit                            - Undefined Weak Reference
    __Vectors_Size                           0x000000c0   Number         0  startup_mm32spin06xx_s_keil.o ABSOLUTE
    __Vectors                                0x08000000   Data           4  startup_mm32spin06xx_s_keil.o(RESET)
    __Vectors_End                            0x080000c0   Data           0  startup_mm32spin06xx_s_keil.o(RESET)
    __main                                   0x080000c1   Thumb Code     0  entry.o(.ARM.Collect$$$$00000000)
    _main_stk                                0x080000c1   Thumb Code     0  entry2.o(.ARM.Collect$$$$00000001)
    _main_scatterload                        0x080000c5   Thumb Code     0  entry5.o(.ARM.Collect$$$$00000004)
    __main_after_scatterload                 0x080000c9   Thumb Code     0  entry5.o(.ARM.Collect$$$$00000004)
    _main_clock                              0x080000c9   Thumb Code     0  entry7b.o(.ARM.Collect$$$$00000008)
    _main_cpp_init                           0x080000c9   Thumb Code     0  entry8b.o(.ARM.Collect$$$$0000000A)
    _main_init                               0x080000c9   Thumb Code     0  entry9a.o(.ARM.Collect$$$$0000000B)
    __rt_final_cpp                           0x080000d1   Thumb Code     0  entry10a.o(.ARM.Collect$$$$0000000D)
    __rt_final_exit                          0x080000d1   Thumb Code     0  entry11a.o(.ARM.Collect$$$$0000000F)
    Reset_Handler                            0x080000d5   Thumb Code    44  startup_mm32spin06xx_s_keil.o(.text)
    NMI_Handler                              0x08000101   Thumb Code     2  startup_mm32spin06xx_s_keil.o(.text)
    HardFault_Handler                        0x08000103   Thumb Code     2  startup_mm32spin06xx_s_keil.o(.text)
    SVC_Handler                              0x08000105   Thumb Code     2  startup_mm32spin06xx_s_keil.o(.text)
    PendSV_Handler                           0x08000107   Thumb Code     2  startup_mm32spin06xx_s_keil.o(.text)
    ADC1_COMP_IRQHandler                     0x0800010b   Thumb Code     0  startup_mm32spin06xx_s_keil.o(.text)
    CAN_IRQHandler                           0x0800010b   Thumb Code     0  startup_mm32spin06xx_s_keil.o(.text)
    DMA1_Channel1_IRQHandler                 0x0800010b   Thumb Code     0  startup_mm32spin06xx_s_keil.o(.text)
    DMA1_Channel2_3_IRQHandler               0x0800010b   Thumb Code     0  startup_mm32spin06xx_s_keil.o(.text)
    DMA1_Channel4_5_IRQHandler               0x0800010b   Thumb Code     0  startup_mm32spin06xx_s_keil.o(.text)
    EXTI0_1_IRQHandler                       0x0800010b   Thumb Code     0  startup_mm32spin06xx_s_keil.o(.text)
    EXTI2_3_IRQHandler                       0x0800010b   Thumb Code     0  startup_mm32spin06xx_s_keil.o(.text)
    EXTI4_15_IRQHandler                      0x0800010b   Thumb Code     0  startup_mm32spin06xx_s_keil.o(.text)
    FLASH_IRQHandler                         0x0800010b   Thumb Code     0  startup_mm32spin06xx_s_keil.o(.text)
    HWDIV_IRQHandler                         0x0800010b   Thumb Code     0  startup_mm32spin06xx_s_keil.o(.text)
    I2C1_IRQHandler                          0x0800010b   Thumb Code     0  startup_mm32spin06xx_s_keil.o(.text)
    PVD_IRQHandler                           0x0800010b   Thumb Code     0  startup_mm32spin06xx_s_keil.o(.text)
    RCC_CRS_IRQHandler                       0x0800010b   Thumb Code     0  startup_mm32spin06xx_s_keil.o(.text)
    RTC_BKP_IRQHandler                       0x0800010b   Thumb Code     0  startup_mm32spin06xx_s_keil.o(.text)
    SPI1_IRQHandler                          0x0800010b   Thumb Code     0  startup_mm32spin06xx_s_keil.o(.text)
    SPI2_IRQHandler                          0x0800010b   Thumb Code     0  startup_mm32spin06xx_s_keil.o(.text)
    TIM14_IRQHandler                         0x0800010b   Thumb Code     0  startup_mm32spin06xx_s_keil.o(.text)
    TIM16_IRQHandler                         0x0800010b   Thumb Code     0  startup_mm32spin06xx_s_keil.o(.text)
    TIM17_IRQHandler                         0x0800010b   Thumb Code     0  startup_mm32spin06xx_s_keil.o(.text)
    TIM1_BRK_UP_TRG_COM_IRQHandler           0x0800010b   Thumb Code     0  startup_mm32spin06xx_s_keil.o(.text)
    TIM1_CC_IRQHandler                       0x0800010b   Thumb Code     0  startup_mm32spin06xx_s_keil.o(.text)
    TIM2_IRQHandler                          0x0800010b   Thumb Code     0  startup_mm32spin06xx_s_keil.o(.text)
    TIM3_IRQHandler                          0x0800010b   Thumb Code     0  startup_mm32spin06xx_s_keil.o(.text)
    UART1_IRQHandler                         0x0800010b   Thumb Code     0  startup_mm32spin06xx_s_keil.o(.text)
    UART2_IRQHandler                         0x0800010b   Thumb Code     0  startup_mm32spin06xx_s_keil.o(.text)
    WWDG_IRQHandler                          0x0800010b   Thumb Code     0  startup_mm32spin06xx_s_keil.o(.text)
    __aeabi_uidiv                            0x08000135   Thumb Code     0  uidiv.o(.text)
    __aeabi_uidivmod                         0x08000135   Thumb Code    44  uidiv.o(.text)
    __aeabi_idiv                             0x08000161   Thumb Code     0  idiv.o(.text)
    __aeabi_idivmod                          0x08000161   Thumb Code    40  idiv.o(.text)
    __aeabi_fmul                             0x08000189   Thumb Code   122  fmul.o(.text)
    __aeabi_dmul                             0x08000205   Thumb Code   202  dmul.o(.text)
    __aeabi_ddiv                             0x080002d5   Thumb Code   234  ddiv.o(.text)
    __aeabi_ui2d                             0x080003c5   Thumb Code    24  dfltui.o(.text)
    __aeabi_f2iz                             0x080003e1   Thumb Code    50  ffixi.o(.text)
    __aeabi_d2iz                             0x08000415   Thumb Code    62  dfixi.o(.text)
    __aeabi_f2d                              0x0800045d   Thumb Code    40  f2d.o(.text)
    __aeabi_cdcmpeq                          0x08000485   Thumb Code     0  cdcmple.o(.text)
    __aeabi_cdcmple                          0x08000485   Thumb Code    38  cdcmple.o(.text)
    __aeabi_d2f                              0x080004ad   Thumb Code    56  d2f.o(.text)
    __aeabi_llsr                             0x080004e5   Thumb Code    34  llushr.o(.text)
    _ll_ushift_r                             0x080004e5   Thumb Code     0  llushr.o(.text)
    __I$use$fp                               0x08000507   Thumb Code     0  iusefp.o(.text)
    _float_round                             0x08000507   Thumb Code    16  fepilogue.o(.text)
    _float_epilogue                          0x08000517   Thumb Code   114  fepilogue.o(.text)
    _double_round                            0x08000589   Thumb Code    26  depilogue.o(.text)
    _double_epilogue                         0x080005a3   Thumb Code   164  depilogue.o(.text)
    __aeabi_dadd                             0x08000649   Thumb Code   328  dadd.o(.text)
    __aeabi_dsub                             0x08000791   Thumb Code    12  dadd.o(.text)
    __aeabi_drsub                            0x0800079d   Thumb Code    12  dadd.o(.text)
    __ARM_scalbn                             0x080007ad   Thumb Code    44  dscalb.o(.text)
    scalbn                                   0x080007ad   Thumb Code     0  dscalb.o(.text)
    __aeabi_i2d                              0x080007d9   Thumb Code    34  dflti.o(.text)
    __scatterload                            0x08000801   Thumb Code    28  init.o(.text)
    __scatterload_rt2                        0x08000801   Thumb Code     0  init.o(.text)
    __aeabi_llsl                             0x08000825   Thumb Code    32  llshl.o(.text)
    _ll_shift_l                              0x08000825   Thumb Code     0  llshl.o(.text)
    __aeabi_lasr                             0x08000845   Thumb Code    38  llsshr.o(.text)
    _ll_sshift_r                             0x08000845   Thumb Code     0  llsshr.o(.text)
    ADC1_SingleChannel_Get                   0x0800086d   Thumb Code    54  bsp_adc.o(i.ADC1_SingleChannel_Get)
    ADC_ANY_Cmd                              0x080008a9   Thumb Code    24  hal_adc.o(i.ADC_ANY_Cmd)
    ADC_ClearFlag                            0x080008c1   Thumb Code    24  hal_adc.o(i.ADC_ClearFlag)
    ADC_Cmd                                  0x080008d9   Thumb Code    24  hal_adc.o(i.ADC_Cmd)
    ADC_DMACmd                               0x080008f1   Thumb Code    24  hal_adc.o(i.ADC_DMACmd)
    ADC_ExternalTrigConvCmd                  0x08000909   Thumb Code    24  hal_adc.o(i.ADC_ExternalTrigConvCmd)
    ADC_GPIO_Config                          0x08000921   Thumb Code   100  bsp_adc.o(i.ADC_GPIO_Config)
    ADC_GetConversionValue                   0x08000985   Thumb Code     6  hal_adc.o(i.ADC_GetConversionValue)
    ADC_GetFlagStatus                        0x0800098b   Thumb Code    22  hal_adc.o(i.ADC_GetFlagStatus)
    ADC_ITConfig                             0x080009a1   Thumb Code    54  hal_adc.o(i.ADC_ITConfig)
    ADC_Init                                 0x080009d9   Thumb Code    46  hal_adc.o(i.ADC_Init)
    ADC_Initialize                           0x08000a11   Thumb Code    54  bsp_adc.o(i.ADC_Initialize)
    ADC_Mode_Config                          0x08000a4d   Thumb Code   102  bsp_adc.o(i.ADC_Mode_Config)
    ADC_SoftwareStartConvCmd                 0x08000ab9   Thumb Code    28  hal_adc.o(i.ADC_SoftwareStartConvCmd)
    ADConversion                             0x08000ad5   Thumb Code    30  bsp_adc.o(i.ADConversion)
    ADCxChannelEnable                        0x08000af9   Thumb Code    22  hal_adc.o(i.ADCxChannelEnable)
    ADCxSampleTimeConfig                     0x08000b0f   Thumb Code    18  hal_adc.o(i.ADCxSampleTimeConfig)
    AutoCalPllFactor                         0x08000b21   Thumb Code   106  system_mm32spin06xx_s.o(i.AutoCalPllFactor)
    BCD                                      0x08000b8d   Thumb Code   112  led.o(i.BCD)
    CpyData                                  0x08000c01   Thumb Code    62  led.o(i.CpyData)
    DELAY_Init                               0x08000c51   Thumb Code    72  delay.o(i.DELAY_Init)
    Delay                                    0x08000ca5   Thumb Code    12  main.o(i.Delay)
    GPIO_Init                                0x08000cb1   Thumb Code   154  hal_gpio.o(i.GPIO_Init)
    GPIO_PinAFConfig                         0x08000d4b   Thumb Code    40  hal_gpio.o(i.GPIO_PinAFConfig)
    GPIO_ReadInputDataBit                    0x08000d73   Thumb Code    18  hal_gpio.o(i.GPIO_ReadInputDataBit)
    GPIO_ResetBits                           0x08000d85   Thumb Code     4  hal_gpio.o(i.GPIO_ResetBits)
    GPIO_SetBits                             0x08000d89   Thumb Code     4  hal_gpio.o(i.GPIO_SetBits)
    GPIO_WriteBit                            0x08000d8d   Thumb Code    12  hal_gpio.o(i.GPIO_WriteBit)
    Get_Adc_Average                          0x08000d99   Thumb Code    48  bsp_adc.o(i.Get_Adc_Average)
    IWDG_Enable                              0x08000dc9   Thumb Code     8  hal_iwdg.o(i.IWDG_Enable)
    IWDG_GetFlagStatus                       0x08000dd9   Thumb Code    20  hal_iwdg.o(i.IWDG_GetFlagStatus)
    IWDG_Init                                0x08000df1   Thumb Code    82  bsp_iwdg.o(i.IWDG_Init)
    IWDG_ReloadCounter                       0x08000e51   Thumb Code     8  hal_iwdg.o(i.IWDG_ReloadCounter)
    IWDG_SetPrescaler                        0x08000e61   Thumb Code    14  hal_iwdg.o(i.IWDG_SetPrescaler)
    IWDG_SetReload                           0x08000e75   Thumb Code    14  hal_iwdg.o(i.IWDG_SetReload)
    IWDG_WriteAccessCmd                      0x08000e89   Thumb Code     6  hal_iwdg.o(i.IWDG_WriteAccessCmd)
    KEY_Init                                 0x08000e95   Thumb Code    72  key.o(i.KEY_Init)
    KEY_Scan                                 0x08000ee1   Thumb Code    58  key.o(i.KEY_Scan)
    LEDDisp                                  0x08000f21   Thumb Code   316  led.o(i.LEDDisp)
    LED_Init                                 0x08001071   Thumb Code   144  led.o(i.LED_Init)
    PVU_CheckStatus                          0x08001109   Thumb Code    16  hal_iwdg.o(i.PVU_CheckStatus)
    PWM_Output_Config                        0x08001119   Thumb Code    12  bsp_tim.o(i.PWM_Output_Config)
    ProDisp                                  0x08001125   Thumb Code  1134  led.o(i.ProDisp)
    ProKey                                   0x08001599   Thumb Code    92  key.o(i.ProKey)
    ProOptAGC                                0x080015fd   Thumb Code   232  main.o(i.ProOptAGC)
    Pro_Key                                  0x080016f9   Thumb Code    60  key.o(i.Pro_Key)
    RCC_AHBPeriphClockCmd                    0x08001739   Thumb Code    28  hal_rcc.o(i.RCC_AHBPeriphClockCmd)
    RCC_APB2PeriphClockCmd                   0x08001759   Thumb Code    28  hal_rcc.o(i.RCC_APB2PeriphClockCmd)
    RCC_ClearFlag                            0x08001779   Thumb Code    16  hal_rcc.o(i.RCC_ClearFlag)
    RCC_GetFlagStatus                        0x0800178d   Thumb Code    52  hal_rcc.o(i.RCC_GetFlagStatus)
    RCC_LSICmd                               0x080017c5   Thumb Code    16  hal_rcc.o(i.RCC_LSICmd)
    RVU_CheckStatus                          0x080017d9   Thumb Code    16  hal_iwdg.o(i.RVU_CheckStatus)
    SysTick_Handler                          0x08001921   Thumb Code    38  delay.o(i.SysTick_Handler)
    SystemInit                               0x08001955   Thumb Code    90  system_mm32spin06xx_s.o(i.SystemInit)
    TIM_ARRPreloadConfig                     0x080019c1   Thumb Code    24  hal_tim.o(i.TIM_ARRPreloadConfig)
    TIM_Cmd                                  0x080019d9   Thumb Code    24  hal_tim.o(i.TIM_Cmd)
    TIM_CtrlPWMOutputs                       0x080019f1   Thumb Code    28  hal_tim.o(i.TIM_CtrlPWMOutputs)
    TIM_GPIO_Config                          0x08001a0d   Thumb Code   136  bsp_tim.o(i.TIM_GPIO_Config)
    TIM_MODE_Config                          0x08001a95   Thumb Code   162  bsp_tim.o(i.TIM_MODE_Config)
    TIM_OC1Init                              0x08001b3d   Thumb Code    86  hal_tim.o(i.TIM_OC1Init)
    TIM_OC2Init                              0x08001ba1   Thumb Code    90  hal_tim.o(i.TIM_OC2Init)
    TIM_OC2PreloadConfig                     0x08001c01   Thumb Code    16  hal_tim.o(i.TIM_OC2PreloadConfig)
    TIM_OC3Init                              0x08001c11   Thumb Code    88  hal_tim.o(i.TIM_OC3Init)
    TIM_OC3PreloadConfig                     0x08001c6d   Thumb Code    12  hal_tim.o(i.TIM_OC3PreloadConfig)
    TIM_OC4Init                              0x08001c79   Thumb Code    68  hal_tim.o(i.TIM_OC4Init)
    TIM_OC4PreloadConfig                     0x08001cc1   Thumb Code    16  hal_tim.o(i.TIM_OC4PreloadConfig)
    TIM_TimeBaseInit                         0x08001cd1   Thumb Code    90  hal_tim.o(i.TIM_TimeBaseInit)
    TestLED                                  0x08001d3d   Thumb Code    56  led.o(i.TestLED)
    WriteLedPort                             0x08001d7d   Thumb Code    60  led.o(i.WriteLedPort)
    WritePWM                                 0x08001dbd   Thumb Code   104  bsp_tim.o(i.WritePWM)
    __ARM_clz                                0x08001e29   Thumb Code    46  depilogue.o(i.__ARM_clz)
    __ARM_common_switch8                     0x08001e57   Thumb Code    28  led.o(i.__ARM_common_switch8)
    __kernel_poly                            0x08001eed   Thumb Code   172  poly.o(i.__kernel_poly)
    __mathlib_dbl_divzero                    0x08001f99   Thumb Code    16  dunder.o(i.__mathlib_dbl_divzero)
    __mathlib_dbl_infnan                     0x08001fad   Thumb Code    10  dunder.o(i.__mathlib_dbl_infnan)
    __mathlib_dbl_invalid                    0x08001fb7   Thumb Code    16  dunder.o(i.__mathlib_dbl_invalid)
    __scatterload_copy                       0x08001fc7   Thumb Code    14  handlers.o(i.__scatterload_copy)
    __scatterload_null                       0x08001fd5   Thumb Code     2  handlers.o(i.__scatterload_null)
    __scatterload_zeroinit                   0x08001fd7   Thumb Code    14  handlers.o(i.__scatterload_zeroinit)
    __set_errno                              0x08001fe5   Thumb Code     6  errno.o(i.__set_errno)
    log                                      0x08001ff1   Thumb Code   790  log.o(i.log)
    main                                     0x08002345   Thumb Code   796  main.o(i.main)
    AGC_PWM_Value                            0x080026ac   Data         106  main.o(.constdata)
    __mathlib_zero                           0x08002770   Data           8  qnan.o(.constdata)
    Region$$Table$$Base                      0x08002778   Number         0  anon$$obj.o(Region$$Table)
    Region$$Table$$Limit                     0x08002798   Number         0  anon$$obj.o(Region$$Table)
    SystemCoreClock                          0x20000000   Data           4  system_mm32spin06xx_s.o(.data)
    AHBPrescTable                            0x20000004   Data          16  system_mm32spin06xx_s.o(.data)
    systemtick                               0x20000014   Data           4  main.o(.data)
    TestDlyCnt                               0x20000018   Data           4  main.o(.data)
    CtrlDly                                  0x2000001c   Data           4  main.o(.data)
    save_flag                                0x20000020   Data           1  main.o(.data)
    AutoAGCValue                             0x20000021   Data           1  main.o(.data)
    AutoAGCValueTmp                          0x20000022   Data           1  main.o(.data)
    initialflag                              0x20000023   Data           1  main.o(.data)
    RxzeroFlag1                              0x20000024   Data           1  main.o(.data)
    RxzeroFlag2                              0x20000025   Data           1  main.o(.data)
    RxoverFlag1                              0x20000026   Data           1  main.o(.data)
    RxoverFlag2                              0x20000027   Data           1  main.o(.data)
    TxzeroFlag1                              0x20000028   Data           1  main.o(.data)
    TxzeroFlag2                              0x20000029   Data           1  main.o(.data)
    TxoverFlag1                              0x2000002a   Data           1  main.o(.data)
    TxoverFlag2                              0x2000002b   Data           1  main.o(.data)
    MainMenu                                 0x2000002c   Data           4  key.o(.data)
    SubMenu                                  0x20000030   Data           4  key.o(.data)
    KeyCnt1                                  0x20000034   Data           1  key.o(.data)
    KeyCnt2                                  0x20000035   Data           1  key.o(.data)
    CpyDlyCnt                                0x20000038   Data           4  led.o(.data)
    CPYTIMER                                 0x2000003c   Data           4  led.o(.data)
    LED_Buff                                 0x20000040   Data           5  led.o(.data)
    LED_Temp                                 0x20000045   Data           5  led.o(.data)
    LEDON                                    0x2000004a   Data           1  led.o(.data)
    AllPare                                  0x20000050   Data          25  main.o(.bss)
    __initial_sp                             0x20000470   Data           0  startup_mm32spin06xx_s_keil.o(STACK)



==============================================================================

Memory Map of the image

  Image Entry point : 0x080000c1

  Load Region LR_IROM1 (Base: 0x08000000, Size: 0x000027e8, Max: 0x00010000, ABSOLUTE)

    Execution Region ER_IROM1 (Exec base: 0x08000000, Load base: 0x08000000, Size: 0x00002798, Max: 0x00010000, ABSOLUTE)

    Exec Addr    Load Addr    Size         Type   Attr      Idx    E Section Name        Object

    0x08000000   0x08000000   0x000000c0   Data   RO          135    RESET               startup_mm32spin06xx_s_keil.o
    0x080000c0   0x080000c0   0x00000000   Code   RO         3784  * .ARM.Collect$$$$00000000  mc_p.l(entry.o)
    0x080000c0   0x080000c0   0x00000004   Code   RO         3830    .ARM.Collect$$$$00000001  mc_p.l(entry2.o)
    0x080000c4   0x080000c4   0x00000004   Code   RO         3833    .ARM.Collect$$$$00000004  mc_p.l(entry5.o)
    0x080000c8   0x080000c8   0x00000000   Code   RO         3835    .ARM.Collect$$$$00000008  mc_p.l(entry7b.o)
    0x080000c8   0x080000c8   0x00000000   Code   RO         3837    .ARM.Collect$$$$0000000A  mc_p.l(entry8b.o)
    0x080000c8   0x080000c8   0x00000008   Code   RO         3838    .ARM.Collect$$$$0000000B  mc_p.l(entry9a.o)
    0x080000d0   0x080000d0   0x00000000   Code   RO         3840    .ARM.Collect$$$$0000000D  mc_p.l(entry10a.o)
    0x080000d0   0x080000d0   0x00000000   Code   RO         3842    .ARM.Collect$$$$0000000F  mc_p.l(entry11a.o)
    0x080000d0   0x080000d0   0x00000004   Code   RO         3831    .ARM.Collect$$$$00002712  mc_p.l(entry2.o)
    0x080000d4   0x080000d4   0x00000060   Code   RO          136    .text               startup_mm32spin06xx_s_keil.o
    0x08000134   0x08000134   0x0000002c   Code   RO         3787    .text               mc_p.l(uidiv.o)
    0x08000160   0x08000160   0x00000028   Code   RO         3789    .text               mc_p.l(idiv.o)
    0x08000188   0x08000188   0x0000007a   Code   RO         3795    .text               mf_p.l(fmul.o)
    0x08000202   0x08000202   0x00000002   PAD
    0x08000204   0x08000204   0x000000d0   Code   RO         3797    .text               mf_p.l(dmul.o)
    0x080002d4   0x080002d4   0x000000f0   Code   RO         3799    .text               mf_p.l(ddiv.o)
    0x080003c4   0x080003c4   0x0000001c   Code   RO         3801    .text               mf_p.l(dfltui.o)
    0x080003e0   0x080003e0   0x00000032   Code   RO         3803    .text               mf_p.l(ffixi.o)
    0x08000412   0x08000412   0x00000002   PAD
    0x08000414   0x08000414   0x00000048   Code   RO         3805    .text               mf_p.l(dfixi.o)
    0x0800045c   0x0800045c   0x00000028   Code   RO         3807    .text               mf_p.l(f2d.o)
    0x08000484   0x08000484   0x00000028   Code   RO         3809    .text               mf_p.l(cdcmple.o)
    0x080004ac   0x080004ac   0x00000038   Code   RO         3811    .text               mf_p.l(d2f.o)
    0x080004e4   0x080004e4   0x00000022   Code   RO         3844    .text               mc_p.l(llushr.o)
    0x08000506   0x08000506   0x00000000   Code   RO         3853    .text               mc_p.l(iusefp.o)
    0x08000506   0x08000506   0x00000082   Code   RO         3854    .text               mf_p.l(fepilogue.o)
    0x08000588   0x08000588   0x000000be   Code   RO         3856    .text               mf_p.l(depilogue.o)
    0x08000646   0x08000646   0x00000002   PAD
    0x08000648   0x08000648   0x00000164   Code   RO         3860    .text               mf_p.l(dadd.o)
    0x080007ac   0x080007ac   0x0000002c   Code   RO         3862    .text               mf_p.l(dscalb.o)
    0x080007d8   0x080007d8   0x00000028   Code   RO         3864    .text               mf_p.l(dflti.o)
    0x08000800   0x08000800   0x00000024   Code   RO         3866    .text               mc_p.l(init.o)
    0x08000824   0x08000824   0x00000020   Code   RO         3868    .text               mc_p.l(llshl.o)
    0x08000844   0x08000844   0x00000026   Code   RO         3870    .text               mc_p.l(llsshr.o)
    0x0800086a   0x0800086a   0x00000002   PAD
    0x0800086c   0x0800086c   0x0000003c   Code   RO          502    i.ADC1_SingleChannel_Get  bsp_adc.o
    0x080008a8   0x080008a8   0x00000018   Code   RO          732    i.ADC_ANY_Cmd       hal_adc.o
    0x080008c0   0x080008c0   0x00000018   Code   RO          737    i.ADC_ClearFlag     hal_adc.o
    0x080008d8   0x080008d8   0x00000018   Code   RO          739    i.ADC_Cmd           hal_adc.o
    0x080008f0   0x080008f0   0x00000018   Code   RO          740    i.ADC_DMACmd        hal_adc.o
    0x08000908   0x08000908   0x00000018   Code   RO          742    i.ADC_ExternalTrigConvCmd  hal_adc.o
    0x08000920   0x08000920   0x00000064   Code   RO          503    i.ADC_GPIO_Config   bsp_adc.o
    0x08000984   0x08000984   0x00000006   Code   RO          745    i.ADC_GetConversionValue  hal_adc.o
    0x0800098a   0x0800098a   0x00000016   Code   RO          747    i.ADC_GetFlagStatus  hal_adc.o
    0x080009a0   0x080009a0   0x00000036   Code   RO          750    i.ADC_ITConfig      hal_adc.o
    0x080009d6   0x080009d6   0x00000002   PAD
    0x080009d8   0x080009d8   0x00000038   Code   RO          751    i.ADC_Init          hal_adc.o
    0x08000a10   0x08000a10   0x0000003c   Code   RO          504    i.ADC_Initialize    bsp_adc.o
    0x08000a4c   0x08000a4c   0x0000006c   Code   RO          505    i.ADC_Mode_Config   bsp_adc.o
    0x08000ab8   0x08000ab8   0x0000001c   Code   RO          753    i.ADC_SoftwareStartConvCmd  hal_adc.o
    0x08000ad4   0x08000ad4   0x00000024   Code   RO          506    i.ADConversion      bsp_adc.o
    0x08000af8   0x08000af8   0x00000016   Code   RO          759    i.ADCxChannelEnable  hal_adc.o
    0x08000b0e   0x08000b0e   0x00000012   Code   RO          760    i.ADCxSampleTimeConfig  hal_adc.o
    0x08000b20   0x08000b20   0x0000006a   Code   RO            3    i.AutoCalPllFactor  system_mm32spin06xx_s.o
    0x08000b8a   0x08000b8a   0x00000002   PAD
    0x08000b8c   0x08000b8c   0x00000074   Code   RO          668    i.BCD               led.o
    0x08000c00   0x08000c00   0x00000050   Code   RO          669    i.CpyData           led.o
    0x08000c50   0x08000c50   0x00000054   Code   RO          142    i.DELAY_Init        delay.o
    0x08000ca4   0x08000ca4   0x0000000c   Code   RO          423    i.Delay             main.o
    0x08000cb0   0x08000cb0   0x0000009a   Code   RO         1845    i.GPIO_Init         hal_gpio.o
    0x08000d4a   0x08000d4a   0x00000028   Code   RO         1846    i.GPIO_PinAFConfig  hal_gpio.o
    0x08000d72   0x08000d72   0x00000012   Code   RO         1850    i.GPIO_ReadInputDataBit  hal_gpio.o
    0x08000d84   0x08000d84   0x00000004   Code   RO         1853    i.GPIO_ResetBits    hal_gpio.o
    0x08000d88   0x08000d88   0x00000004   Code   RO         1854    i.GPIO_SetBits      hal_gpio.o
    0x08000d8c   0x08000d8c   0x0000000c   Code   RO         1857    i.GPIO_WriteBit     hal_gpio.o
    0x08000d98   0x08000d98   0x00000030   Code   RO          507    i.Get_Adc_Average   bsp_adc.o
    0x08000dc8   0x08000dc8   0x00000010   Code   RO         2128    i.IWDG_Enable       hal_iwdg.o
    0x08000dd8   0x08000dd8   0x00000018   Code   RO         2130    i.IWDG_GetFlagStatus  hal_iwdg.o
    0x08000df0   0x08000df0   0x00000060   Code   RO          479    i.IWDG_Init         bsp_iwdg.o
    0x08000e50   0x08000e50   0x00000010   Code   RO         2133    i.IWDG_ReloadCounter  hal_iwdg.o
    0x08000e60   0x08000e60   0x00000014   Code   RO         2135    i.IWDG_SetPrescaler  hal_iwdg.o
    0x08000e74   0x08000e74   0x00000014   Code   RO         2136    i.IWDG_SetReload    hal_iwdg.o
    0x08000e88   0x08000e88   0x0000000c   Code   RO         2137    i.IWDG_WriteAccessCmd  hal_iwdg.o
    0x08000e94   0x08000e94   0x0000004c   Code   RO          627    i.KEY_Init          key.o
    0x08000ee0   0x08000ee0   0x00000040   Code   RO          628    i.KEY_Scan          key.o
    0x08000f20   0x08000f20   0x00000150   Code   RO          670    i.LEDDisp           led.o
    0x08001070   0x08001070   0x00000098   Code   RO          671    i.LED_Init          led.o
    0x08001108   0x08001108   0x00000010   Code   RO         2138    i.PVU_CheckStatus   hal_iwdg.o
    0x08001118   0x08001118   0x0000000c   Code   RO          552    i.PWM_Output_Config  bsp_tim.o
    0x08001124   0x08001124   0x00000474   Code   RO          672    i.ProDisp           led.o
    0x08001598   0x08001598   0x00000064   Code   RO          629    i.ProKey            key.o
    0x080015fc   0x080015fc   0x000000fc   Code   RO          424    i.ProOptAGC         main.o
    0x080016f8   0x080016f8   0x00000040   Code   RO          630    i.Pro_Key           key.o
    0x08001738   0x08001738   0x00000020   Code   RO         2340    i.RCC_AHBPeriphClockCmd  hal_rcc.o
    0x08001758   0x08001758   0x00000020   Code   RO         2344    i.RCC_APB2PeriphClockCmd  hal_rcc.o
    0x08001778   0x08001778   0x00000014   Code   RO         2347    i.RCC_ClearFlag     hal_rcc.o
    0x0800178c   0x0800178c   0x00000038   Code   RO         2352    i.RCC_GetFlagStatus  hal_rcc.o
    0x080017c4   0x080017c4   0x00000014   Code   RO         2364    i.RCC_LSICmd        hal_rcc.o
    0x080017d8   0x080017d8   0x00000010   Code   RO         2139    i.RVU_CheckStatus   hal_iwdg.o
    0x080017e8   0x080017e8   0x00000008   Code   RO            4    i.SetSysClock       system_mm32spin06xx_s.o
    0x080017f0   0x080017f0   0x00000130   Code   RO            5    i.SetSysClockToXX_HSI  system_mm32spin06xx_s.o
    0x08001920   0x08001920   0x00000034   Code   RO          144    i.SysTick_Handler   delay.o
    0x08001954   0x08001954   0x0000006c   Code   RO            6    i.SystemInit        system_mm32spin06xx_s.o
    0x080019c0   0x080019c0   0x00000018   Code   RO         2790    i.TIM_ARRPreloadConfig  hal_tim.o
    0x080019d8   0x080019d8   0x00000018   Code   RO         2802    i.TIM_Cmd           hal_tim.o
    0x080019f0   0x080019f0   0x0000001c   Code   RO         2804    i.TIM_CtrlPWMOutputs  hal_tim.o
    0x08001a0c   0x08001a0c   0x00000088   Code   RO          553    i.TIM_GPIO_Config   bsp_tim.o
    0x08001a94   0x08001a94   0x000000a8   Code   RO          554    i.TIM_MODE_Config   bsp_tim.o
    0x08001b3c   0x08001b3c   0x00000064   Code   RO         2831    i.TIM_OC1Init       hal_tim.o
    0x08001ba0   0x08001ba0   0x00000060   Code   RO         2836    i.TIM_OC2Init       hal_tim.o
    0x08001c00   0x08001c00   0x00000010   Code   RO         2839    i.TIM_OC2PreloadConfig  hal_tim.o
    0x08001c10   0x08001c10   0x0000005c   Code   RO         2841    i.TIM_OC3Init       hal_tim.o
    0x08001c6c   0x08001c6c   0x0000000c   Code   RO         2844    i.TIM_OC3PreloadConfig  hal_tim.o
    0x08001c78   0x08001c78   0x00000048   Code   RO         2846    i.TIM_OC4Init       hal_tim.o
    0x08001cc0   0x08001cc0   0x00000010   Code   RO         2848    i.TIM_OC4PreloadConfig  hal_tim.o
    0x08001cd0   0x08001cd0   0x0000006c   Code   RO         2879    i.TIM_TimeBaseInit  hal_tim.o
    0x08001d3c   0x08001d3c   0x00000040   Code   RO          673    i.TestLED           led.o
    0x08001d7c   0x08001d7c   0x00000040   Code   RO          674    i.WriteLedPort      led.o
    0x08001dbc   0x08001dbc   0x0000006c   Code   RO          555    i.WritePWM          bsp_tim.o
    0x08001e28   0x08001e28   0x0000002e   Code   RO         3858    i.__ARM_clz         mf_p.l(depilogue.o)
    0x08001e56   0x08001e56   0x0000001c   Code   RO          723    i.__ARM_common_switch8  led.o
    0x08001e72   0x08001e72   0x00000002   PAD
    0x08001e74   0x08001e74   0x00000078   Code   RO          145    i.__NVIC_SetPriority  delay.o
    0x08001eec   0x08001eec   0x000000ac   Code   RO         3827    i.__kernel_poly     m_ps.l(poly.o)
    0x08001f98   0x08001f98   0x00000014   Code   RO         3813    i.__mathlib_dbl_divzero  m_ps.l(dunder.o)
    0x08001fac   0x08001fac   0x0000000a   Code   RO         3814    i.__mathlib_dbl_infnan  m_ps.l(dunder.o)
    0x08001fb6   0x08001fb6   0x00000010   Code   RO         3816    i.__mathlib_dbl_invalid  m_ps.l(dunder.o)
    0x08001fc6   0x08001fc6   0x0000000e   Code   RO         3874    i.__scatterload_copy  mc_p.l(handlers.o)
    0x08001fd4   0x08001fd4   0x00000002   Code   RO         3875    i.__scatterload_null  mc_p.l(handlers.o)
    0x08001fd6   0x08001fd6   0x0000000e   Code   RO         3876    i.__scatterload_zeroinit  mc_p.l(handlers.o)
    0x08001fe4   0x08001fe4   0x0000000c   Code   RO         3848    i.__set_errno       mc_p.l(errno.o)
    0x08001ff0   0x08001ff0   0x00000354   Code   RO         3775    i.log               m_ps.l(log.o)
    0x08002344   0x08002344   0x00000368   Code   RO          425    i.main              main.o
    0x080026ac   0x080026ac   0x0000006a   Data   RO          427    .constdata          main.o
    0x08002716   0x08002716   0x0000001d   Data   RO          675    .constdata          led.o
    0x08002733   0x08002733   0x00000005   PAD
    0x08002738   0x08002738   0x00000038   Data   RO         3776    .constdata          m_ps.l(log.o)
    0x08002770   0x08002770   0x00000008   Data   RO         3829    .constdata          m_ps.l(qnan.o)
    0x08002778   0x08002778   0x00000020   Data   RO         3872    Region$$Table       anon$$obj.o


    Execution Region RW_IRAM1 (Exec base: 0x20000000, Load base: 0x08002798, Size: 0x00000470, Max: 0x00002000, ABSOLUTE)

    Exec Addr    Load Addr    Size         Type   Attr      Idx    E Section Name        Object

    0x20000000   0x08002798   0x00000014   Data   RW            7    .data               system_mm32spin06xx_s.o
    0x20000014   0x080027ac   0x00000018   Data   RW          428    .data               main.o
    0x2000002c   0x080027c4   0x0000000a   Data   RW          631    .data               key.o
    0x20000036   0x080027ce   0x00000002   PAD
    0x20000038   0x080027d0   0x00000014   Data   RW          676    .data               led.o
    0x2000004c   0x080027e4   0x00000004   Data   RW         3849    .data               mc_p.l(errno.o)
    0x20000050        -       0x00000019   Zero   RW          426    .bss                main.o
    0x20000069   0x080027e8   0x00000007   PAD
    0x20000070        -       0x00000400   Zero   RW          133    STACK               startup_mm32spin06xx_s_keil.o


==============================================================================

Image component sizes


      Code (inc. data)   RO Data    RW Data    ZI Data      Debug   Object Name

       412         24          0          0          0       3111   bsp_adc.o
        96         14          0          0          0        456   bsp_iwdg.o
       424         10          0          0          0      10891   bsp_tim.o
       256         36          0          0          0      16823   delay.o
       326         10          0          0          0       9944   hal_adc.o
       232          0          0          0          0       6003   hal_gpio.o
       140         38          0          0          0       3963   hal_iwdg.o
       160         20          0          0          0       5154   hal_rcc.o
       588         46          0          0          0      12938   hal_tim.o
       304         22          0         10          0       2196   key.o
      1980        144         29         20          0       5462   led.o
      1136         96        106         24         25       3092   main.o
        96         40        192          0       1024        700   startup_mm32spin06xx_s_keil.o
       526         46          0         20          0      72920   system_mm32spin06xx_s.o

    ----------------------------------------------------------------------
      6682        546        364         76       1056     153653   Object Totals
         0          0         32          0          0          0   (incl. Generated)
         6          0          5          2          7          0   (incl. Padding)

    ----------------------------------------------------------------------

      Code (inc. data)   RO Data    RW Data    ZI Data      Debug   Library Member Name

        46          4          0          0          0        204   dunder.o
       852         62         56          0          0        136   log.o
       172          0          0          0          0         76   poly.o
         0          0          8          0          0          0   qnan.o
         0          0          0          0          0          0   entry.o
         0          0          0          0          0          0   entry10a.o
         0          0          0          0          0          0   entry11a.o
         8          4          0          0          0          0   entry2.o
         4          0          0          0          0          0   entry5.o
         0          0          0          0          0          0   entry7b.o
         0          0          0          0          0          0   entry8b.o
         8          4          0          0          0          0   entry9a.o
        12          6          0          4          0         60   errno.o
        30          0          0          0          0          0   handlers.o
        40          0          0          0          0         72   idiv.o
        36          8          0          0          0         68   init.o
         0          0          0          0          0          0   iusefp.o
        32          0          0          0          0         68   llshl.o
        38          0          0          0          0         68   llsshr.o
        34          0          0          0          0         68   llushr.o
        44          0          0          0          0         72   uidiv.o
        40          2          0          0          0         68   cdcmple.o
        56          0          0          0          0         68   d2f.o
       356          4          0          0          0        140   dadd.o
       240          6          0          0          0         84   ddiv.o
       236          0          0          0          0        216   depilogue.o
        72         10          0          0          0         72   dfixi.o
        40          6          0          0          0         68   dflti.o
        28          4          0          0          0         68   dfltui.o
       208          6          0          0          0         88   dmul.o
        44          0          0          0          0         72   dscalb.o
        40          0          0          0          0         60   f2d.o
       130          0          0          0          0        144   fepilogue.o
        50          0          0          0          0         60   ffixi.o
       122          0          0          0          0         72   fmul.o

    ----------------------------------------------------------------------
      3026        126         64          4          0       2172   Library Totals
         8          0          0          0          0          0   (incl. Padding)

    ----------------------------------------------------------------------

      Code (inc. data)   RO Data    RW Data    ZI Data      Debug   Library Name

      1070         66         64          0          0        416   m_ps.l
       286         22          0          4          0        476   mc_p.l
      1662         38          0          0          0       1280   mf_p.l

    ----------------------------------------------------------------------
      3026        126         64          4          0       2172   Library Totals

    ----------------------------------------------------------------------

==============================================================================


      Code (inc. data)   RO Data    RW Data    ZI Data      Debug   

      9708        672        428         80       1056     151657   Grand Totals
      9708        672        428         80       1056     151657   ELF Image Totals
      9708        672        428         80          0          0   ROM Totals

==============================================================================

    Total RO  Size (Code + RO Data)                10136 (   9.90kB)
    Total RW  Size (RW Data + ZI Data)              1136 (   1.11kB)
    Total ROM Size (Code + RO Data + RW Data)      10216 (   9.98kB)

==============================================================================

